/usr/local/lib/python3.12/dist-packages/torch/cuda/__init__.py:63: FutureWarning: The pynvml package is deprecated. Please install nvidia-ml-py instead. If you did not install pynvml directly, please report this to the maintainers of the package that installed pynvml for you.
  import pynvml  # type: ignore[import]
DEBUG 11-24 17:10:49 [plugins/__init__.py:28] No plugins for group vllm.platform_plugins found.
DEBUG 11-24 17:10:49 [platforms/__init__.py:34] Checking if TPU platform is available.
DEBUG 11-24 17:10:49 [platforms/__init__.py:52] TPU platform is not available because: No module named 'libtpu'
DEBUG 11-24 17:10:49 [platforms/__init__.py:58] Checking if CUDA platform is available.
DEBUG 11-24 17:10:49 [platforms/__init__.py:78] Confirmed CUDA platform is available.
DEBUG 11-24 17:10:49 [platforms/__init__.py:106] Checking if ROCm platform is available.
DEBUG 11-24 17:10:49 [platforms/__init__.py:120] ROCm platform is not available because: No module named 'amdsmi'
DEBUG 11-24 17:10:49 [platforms/__init__.py:127] Checking if XPU platform is available.
DEBUG 11-24 17:10:49 [platforms/__init__.py:146] XPU platform is not available because: No module named 'intel_extension_for_pytorch'
DEBUG 11-24 17:10:49 [platforms/__init__.py:153] Checking if CPU platform is available.
DEBUG 11-24 17:10:49 [platforms/__init__.py:58] Checking if CUDA platform is available.
DEBUG 11-24 17:10:49 [platforms/__init__.py:78] Confirmed CUDA platform is available.
INFO 11-24 17:10:49 [platforms/__init__.py:216] Automatically detected platform cuda.
JAX device 0: NVIDIA H100 80GB HBM3
JAX device 1: NVIDIA H100 80GB HBM3
JAX device 2: NVIDIA H100 80GB HBM3
JAX device 3: NVIDIA H100 80GB HBM3
JAX device 4: NVIDIA H100 80GB HBM3
JAX device 5: NVIDIA H100 80GB HBM3
JAX device 6: NVIDIA H100 80GB HBM3
JAX device 7: NVIDIA H100 80GB HBM3
Loading JAX model meta-llama/Llama-3.1-8B-Instruct @ None
Model loaded in 9.24 seconds
WARNING:jax_inference_offloading.jax:JAX creating transport (0/1): 8 (train) x 4 (rollout)
jax-vllm-trainer:1204:1204 [0] NCCL INFO cudaDriverVersion 12090
jax-vllm-trainer:1204:1204 [0] NCCL INFO Bootstrap: Using eth0:10.4.0.102<0>
jax-vllm-trainer:1204:1204 [0] NCCL INFO NCCL version 2.27.3+cuda12.9
jax-vllm-trainer:1204:2405 [1] NCCL INFO NET/Plugin: Could not find: libnccl-net-/opt/hpcx/nccl_rdma_sharp_plugin/lib/libnccl-net.so.so.
jax-vllm-trainer:1204:2405 [1] NCCL INFO NET/IB : No device found.
jax-vllm-trainer:1204:2405 [1] NCCL INFO NET/IB : Using [RO]; OOB eth0:10.4.0.102<0>
jax-vllm-trainer:1204:2405 [1] NCCL INFO NET/Socket : Using [0]eth0:10.4.0.102<0>
jax-vllm-trainer:1204:2405 [1] NCCL INFO Initialized NET plugin Socket
jax-vllm-trainer:1204:2405 [1] NCCL INFO Assigned NET plugin Socket to comm
jax-vllm-trainer:1204:2405 [1] NCCL INFO Using network Socket
jax-vllm-trainer:1204:2404 [0] NCCL INFO Assigned NET plugin Socket to comm
jax-vllm-trainer:1204:2404 [0] NCCL INFO Using network Socket
jax-vllm-trainer:1204:2405 [1] NCCL INFO ncclCommInitRank comm 0x2efe5340 rank 2 nranks 3 cudaDev 1 nvmlDev 1 busId 5000 commId 0xabffa680d23a08c7 - Init START
jax-vllm-trainer:1204:2404 [0] NCCL INFO ncclCommInitRank comm 0x2eedd730 rank 1 nranks 3 cudaDev 0 nvmlDev 0 busId 4000 commId 0xabffa680d23a08c7 - Init START
jax-vllm-trainer:1204:2405 [1] NCCL INFO RAS client listening socket at ::1<28028>
jax-vllm-trainer:1204:2405 [1] NCCL INFO Bootstrap timings total 0.003013 (create 0.000050, send 0.000652, recv 0.000676, ring 0.000496, delay 0.000001)
jax-vllm-trainer:1204:2404 [0] NCCL INFO Bootstrap timings total 0.002856 (create 0.000027, send 0.000453, recv 0.001363, ring 0.000543, delay 0.000000)
jax-vllm-trainer:1204:2404 [0] NCCL INFO Setting affinity for GPU 0 to 0-51,104-155
jax-vllm-trainer:1204:2405 [1] NCCL INFO Setting affinity for GPU 1 to 0-51,104-155
jax-vllm-trainer:1204:2404 [0] NCCL INFO comm 0x2eedd730 rank 1 nRanks 3 nNodes 2 localRanks 2 localRank 0 MNNVL 0
jax-vllm-trainer:1204:2404 [0] NCCL INFO Trees [0] 2/-1/-1->1->0 [1] 2/0/-1->1->-1
jax-vllm-trainer:1204:2404 [0] NCCL INFO P2P Chunksize set to 131072
jax-vllm-trainer:1204:2405 [1] NCCL INFO comm 0x2efe5340 rank 2 nRanks 3 nNodes 2 localRanks 2 localRank 1 MNNVL 0
jax-vllm-trainer:1204:2405 [1] NCCL INFO Trees [0] -1/-1/-1->2->1 [1] -1/-1/-1->2->1
jax-vllm-trainer:1204:2405 [1] NCCL INFO P2P Chunksize set to 131072
jax-vllm-trainer:1204:2404 [0] NCCL INFO PROFILER/Plugin: Could not find: libnccl-profiler.so.
jax-vllm-trainer:1204:2405 [1] NCCL INFO PROFILER/Plugin: Could not find: libnccl-profiler.so.
jax-vllm-trainer:1204:2407 [0] NCCL INFO [Proxy Service] Device 0 CPU core 3
jax-vllm-trainer:1204:2409 [0] NCCL INFO [Proxy Service UDS] Device 0 CPU core 109
jax-vllm-trainer:1204:2408 [1] NCCL INFO [Proxy Service] Device 1 CPU core 108
jax-vllm-trainer:1204:2410 [1] NCCL INFO [Proxy Service UDS] Device 1 CPU core 6
jax-vllm-trainer:1204:2404 [0] NCCL INFO threadThresholds 8/8/64 | 24/8/64 | 512 | 512
jax-vllm-trainer:1204:2404 [0] NCCL INFO 2 coll channels, 2 collnet channels, 0 nvls channels, 2 p2p channels, 2 p2p channels per peer
jax-vllm-trainer:1204:2405 [1] NCCL INFO threadThresholds 8/8/64 | 24/8/64 | 512 | 512
jax-vllm-trainer:1204:2405 [1] NCCL INFO 2 coll channels, 2 collnet channels, 0 nvls channels, 2 p2p channels, 2 p2p channels per peer
jax-vllm-trainer:1204:2404 [0] NCCL INFO TUNER/Plugin: Could not find: libnccl-tuner-none.so. Using internal tuner plugin.
jax-vllm-trainer:1204:2404 [0] NCCL INFO ncclCommInitRank comm 0x2eedd730 rank 1 nranks 3 cudaDev 0 nvmlDev 0 busId 4000 commId 0xabffa680d23a08c7 - Init COMPLETE
jax-vllm-trainer:1204:2404 [0] NCCL INFO Init timings - ncclCommInitRank: rank 1 nranks 3 total 0.68 (kernels 0.34, alloc 0.20, bootstrap 0.00, allgathers 0.00, topo 0.14, graphs 0.00, connections 0.00, rest 0.00)
jax-vllm-trainer:1204:2405 [1] NCCL INFO ncclCommInitRank comm 0x2efe5340 rank 2 nranks 3 cudaDev 1 nvmlDev 1 busId 5000 commId 0xabffa680d23a08c7 - Init COMPLETE
jax-vllm-trainer:1204:2405 [1] NCCL INFO Init timings - ncclCommInitRank: rank 2 nranks 3 total 0.68 (kernels 0.34, alloc 0.20, bootstrap 0.00, allgathers 0.00, topo 0.14, graphs 0.00, connections 0.00, rest 0.00)
jax-vllm-trainer:1204:2411 [2] NCCL INFO Assigned NET plugin Socket to comm
jax-vllm-trainer:1204:2411 [2] NCCL INFO Using network Socket
jax-vllm-trainer:1204:2411 [2] NCCL INFO ncclCommInitRank comm 0x2f0ecf50 rank 1 nranks 3 cudaDev 2 nvmlDev 2 busId b000 commId 0x8639ff67ce6120cd - Init START
jax-vllm-trainer:1204:2412 [3] NCCL INFO Assigned NET plugin Socket to comm
jax-vllm-trainer:1204:2412 [3] NCCL INFO Using network Socket
jax-vllm-trainer:1204:2412 [3] NCCL INFO ncclCommInitRank comm 0x2f1f4b60 rank 2 nranks 3 cudaDev 3 nvmlDev 3 busId c000 commId 0x8639ff67ce6120cd - Init START
jax-vllm-trainer:1204:2412 [3] NCCL INFO Bootstrap timings total 0.001367 (create 0.000029, send 0.000331, recv 0.000642, ring 0.000111, delay 0.000000)
jax-vllm-trainer:1204:2411 [2] NCCL INFO Bootstrap timings total 0.001879 (create 0.000033, send 0.000521, recv 0.000741, ring 0.000466, delay 0.000000)
jax-vllm-trainer:1204:2411 [2] NCCL INFO Setting affinity for GPU 2 to 0-51,104-155
jax-vllm-trainer:1204:2412 [3] NCCL INFO Setting affinity for GPU 3 to 0-51,104-155
jax-vllm-trainer:1204:2412 [3] NCCL INFO comm 0x2f1f4b60 rank 2 nRanks 3 nNodes 2 localRanks 2 localRank 1 MNNVL 0
jax-vllm-trainer:1204:2412 [3] NCCL INFO Trees [0] -1/-1/-1->2->1 [1] -1/-1/-1->2->1
jax-vllm-trainer:1204:2412 [3] NCCL INFO P2P Chunksize set to 131072
jax-vllm-trainer:1204:2411 [2] NCCL INFO comm 0x2f0ecf50 rank 1 nRanks 3 nNodes 2 localRanks 2 localRank 0 MNNVL 0
jax-vllm-trainer:1204:2411 [2] NCCL INFO Trees [0] 2/-1/-1->1->0 [1] 2/0/-1->1->-1
jax-vllm-trainer:1204:2411 [2] NCCL INFO P2P Chunksize set to 131072
jax-vllm-trainer:1204:2413 [3] NCCL INFO [Proxy Service] Device 3 CPU core 1
jax-vllm-trainer:1204:2414 [2] NCCL INFO [Proxy Service] Device 2 CPU core 105
jax-vllm-trainer:1204:2415 [3] NCCL INFO [Proxy Service UDS] Device 3 CPU core 107
jax-vllm-trainer:1204:2416 [2] NCCL INFO [Proxy Service UDS] Device 2 CPU core 107
jax-vllm-trainer:1204:2411 [2] NCCL INFO threadThresholds 8/8/64 | 24/8/64 | 512 | 512
jax-vllm-trainer:1204:2411 [2] NCCL INFO 2 coll channels, 2 collnet channels, 0 nvls channels, 2 p2p channels, 2 p2p channels per peer
jax-vllm-trainer:1204:2412 [3] NCCL INFO threadThresholds 8/8/64 | 24/8/64 | 512 | 512
jax-vllm-trainer:1204:2412 [3] NCCL INFO 2 coll channels, 2 collnet channels, 0 nvls channels, 2 p2p channels, 2 p2p channels per peer
jax-vllm-trainer:1204:2412 [3] NCCL INFO ncclCommInitRank comm 0x2f1f4b60 rank 2 nranks 3 cudaDev 3 nvmlDev 3 busId c000 commId 0x8639ff67ce6120cd - Init COMPLETE
jax-vllm-trainer:1204:2412 [3] NCCL INFO Init timings - ncclCommInitRank: rank 2 nranks 3 total 0.36 (kernels 0.22, alloc 0.00, bootstrap 0.00, allgathers 0.00, topo 0.13, graphs 0.00, connections 0.00, rest 0.00)
jax-vllm-trainer:1204:2411 [2] NCCL INFO ncclCommInitRank comm 0x2f0ecf50 rank 1 nranks 3 cudaDev 2 nvmlDev 2 busId b000 commId 0x8639ff67ce6120cd - Init COMPLETE
jax-vllm-trainer:1204:2411 [2] NCCL INFO Init timings - ncclCommInitRank: rank 1 nranks 3 total 0.36 (kernels 0.21, alloc 0.00, bootstrap 0.00, allgathers 0.00, topo 0.13, graphs 0.00, connections 0.00, rest 0.00)
jax-vllm-trainer:1204:2417 [4] NCCL INFO Assigned NET plugin Socket to comm
jax-vllm-trainer:1204:2417 [4] NCCL INFO Using network Socket
jax-vllm-trainer:1204:2417 [4] NCCL INFO ncclCommInitRank comm 0x2f2fc770 rank 1 nranks 3 cudaDev 4 nvmlDev 4 busId 84000 commId 0x3aef4cf17964fedd - Init START
jax-vllm-trainer:1204:2418 [5] NCCL INFO Assigned NET plugin Socket to comm
jax-vllm-trainer:1204:2418 [5] NCCL INFO Using network Socket
jax-vllm-trainer:1204:2418 [5] NCCL INFO ncclCommInitRank comm 0x2f404380 rank 2 nranks 3 cudaDev 5 nvmlDev 5 busId 85000 commId 0x3aef4cf17964fedd - Init START
jax-vllm-trainer:1204:2418 [5] NCCL INFO Bootstrap timings total 0.011419 (create 0.000028, send 0.000496, recv 0.010282, ring 0.000154, delay 0.000000)
jax-vllm-trainer:1204:2417 [4] NCCL INFO Bootstrap timings total 0.011813 (create 0.000031, send 0.000486, recv 0.000903, ring 0.000699, delay 0.000000)
jax-vllm-trainer:1204:2417 [4] NCCL INFO Setting affinity for GPU 4 to 52-103,156-207
jax-vllm-trainer:1204:2418 [5] NCCL INFO Setting affinity for GPU 5 to 52-103,156-207
jax-vllm-trainer:1204:2417 [4] NCCL INFO comm 0x2f2fc770 rank 1 nRanks 3 nNodes 2 localRanks 2 localRank 0 MNNVL 0
jax-vllm-trainer:1204:2417 [4] NCCL INFO Trees [0] 2/-1/-1->1->0 [1] 2/0/-1->1->-1
jax-vllm-trainer:1204:2417 [4] NCCL INFO P2P Chunksize set to 131072
jax-vllm-trainer:1204:2418 [5] NCCL INFO comm 0x2f404380 rank 2 nRanks 3 nNodes 2 localRanks 2 localRank 1 MNNVL 0
jax-vllm-trainer:1204:2418 [5] NCCL INFO Trees [0] -1/-1/-1->2->1 [1] -1/-1/-1->2->1
jax-vllm-trainer:1204:2418 [5] NCCL INFO P2P Chunksize set to 131072
jax-vllm-trainer:1204:2422 [5] NCCL INFO [Proxy Service UDS] Device 5 CPU core 162
jax-vllm-trainer:1204:2419 [4] NCCL INFO [Proxy Service] Device 4 CPU core 157
jax-vllm-trainer:1204:2421 [4] NCCL INFO [Proxy Service UDS] Device 4 CPU core 54
jax-vllm-trainer:1204:2420 [5] NCCL INFO [Proxy Service] Device 5 CPU core 161
jax-vllm-trainer:1204:2417 [4] NCCL INFO threadThresholds 8/8/64 | 24/8/64 | 512 | 512
jax-vllm-trainer:1204:2417 [4] NCCL INFO 2 coll channels, 2 collnet channels, 0 nvls channels, 2 p2p channels, 2 p2p channels per peer
jax-vllm-trainer:1204:2418 [5] NCCL INFO threadThresholds 8/8/64 | 24/8/64 | 512 | 512
jax-vllm-trainer:1204:2418 [5] NCCL INFO 2 coll channels, 2 collnet channels, 0 nvls channels, 2 p2p channels, 2 p2p channels per peer
jax-vllm-trainer:1204:2417 [4] NCCL INFO ncclCommInitRank comm 0x2f2fc770 rank 1 nranks 3 cudaDev 4 nvmlDev 4 busId 84000 commId 0x3aef4cf17964fedd - Init COMPLETE
jax-vllm-trainer:1204:2417 [4] NCCL INFO Init timings - ncclCommInitRank: rank 1 nranks 3 total 0.36 (kernels 0.21, alloc 0.00, bootstrap 0.01, allgathers 0.00, topo 0.13, graphs 0.00, connections 0.00, rest 0.00)
jax-vllm-trainer:1204:2418 [5] NCCL INFO ncclCommInitRank comm 0x2f404380 rank 2 nranks 3 cudaDev 5 nvmlDev 5 busId 85000 commId 0x3aef4cf17964fedd - Init COMPLETE
jax-vllm-trainer:1204:2418 [5] NCCL INFO Init timings - ncclCommInitRank: rank 2 nranks 3 total 0.36 (kernels 0.21, alloc 0.00, bootstrap 0.01, allgathers 0.00, topo 0.13, graphs 0.00, connections 0.00, rest 0.00)
jax-vllm-trainer:1204:2423 [6] NCCL INFO Assigned NET plugin Socket to comm
jax-vllm-trainer:1204:2423 [6] NCCL INFO Using network Socket
jax-vllm-trainer:1204:2424 [7] NCCL INFO Assigned NET plugin Socket to comm
jax-vllm-trainer:1204:2424 [7] NCCL INFO Using network Socket
jax-vllm-trainer:1204:2423 [6] NCCL INFO ncclCommInitRank comm 0x2f602640 rank 1 nranks 3 cudaDev 6 nvmlDev 6 busId 8b000 commId 0xc3121111477ff5fa - Init START
jax-vllm-trainer:1204:2424 [7] NCCL INFO ncclCommInitRank comm 0x2f70a250 rank 2 nranks 3 cudaDev 7 nvmlDev 7 busId 8c000 commId 0xc3121111477ff5fa - Init START
jax-vllm-trainer:1204:2424 [7] NCCL INFO Bootstrap timings total 0.002228 (create 0.000025, send 0.000433, recv 0.001143, ring 0.000132, delay 0.000000)
jax-vllm-trainer:1204:2423 [6] NCCL INFO Bootstrap timings total 0.002435 (create 0.000030, send 0.000559, recv 0.000922, ring 0.000473, delay 0.000000)
jax-vllm-trainer:1204:2423 [6] NCCL INFO Setting affinity for GPU 6 to 52-103,156-207
jax-vllm-trainer:1204:2424 [7] NCCL INFO Setting affinity for GPU 7 to 52-103,156-207
jax-vllm-trainer:1204:2423 [6] NCCL INFO comm 0x2f602640 rank 1 nRanks 3 nNodes 2 localRanks 2 localRank 0 MNNVL 0
jax-vllm-trainer:1204:2423 [6] NCCL INFO Trees [0] 2/-1/-1->1->0 [1] 2/0/-1->1->-1
jax-vllm-trainer:1204:2423 [6] NCCL INFO P2P Chunksize set to 131072
jax-vllm-trainer:1204:2424 [7] NCCL INFO comm 0x2f70a250 rank 2 nRanks 3 nNodes 2 localRanks 2 localRank 1 MNNVL 0
jax-vllm-trainer:1204:2424 [7] NCCL INFO Trees [0] -1/-1/-1->2->1 [1] -1/-1/-1->2->1
jax-vllm-trainer:1204:2424 [7] NCCL INFO P2P Chunksize set to 131072
jax-vllm-trainer:1204:2427 [6] NCCL INFO [Proxy Service UDS] Device 6 CPU core 205
jax-vllm-trainer:1204:2428 [7] NCCL INFO [Proxy Service UDS] Device 7 CPU core 102
jax-vllm-trainer:1204:2425 [6] NCCL INFO [Proxy Service] Device 6 CPU core 204
jax-vllm-trainer:1204:2426 [7] NCCL INFO [Proxy Service] Device 7 CPU core 100
jax-vllm-trainer:1204:2423 [6] NCCL INFO threadThresholds 8/8/64 | 24/8/64 | 512 | 512
jax-vllm-trainer:1204:2423 [6] NCCL INFO 2 coll channels, 2 collnet channels, 0 nvls channels, 2 p2p channels, 2 p2p channels per peer
jax-vllm-trainer:1204:2424 [7] NCCL INFO threadThresholds 8/8/64 | 24/8/64 | 512 | 512
jax-vllm-trainer:1204:2424 [7] NCCL INFO 2 coll channels, 2 collnet channels, 0 nvls channels, 2 p2p channels, 2 p2p channels per peer
jax-vllm-trainer:1204:2423 [6] NCCL INFO ncclCommInitRank comm 0x2f602640 rank 1 nranks 3 cudaDev 6 nvmlDev 6 busId 8b000 commId 0xc3121111477ff5fa - Init COMPLETE
jax-vllm-trainer:1204:2423 [6] NCCL INFO Init timings - ncclCommInitRank: rank 1 nranks 3 total 0.36 (kernels 0.22, alloc 0.00, bootstrap 0.00, allgathers 0.00, topo 0.13, graphs 0.00, connections 0.00, rest 0.00)
jax-vllm-trainer:1204:2424 [7] NCCL INFO ncclCommInitRank comm 0x2f70a250 rank 2 nranks 3 cudaDev 7 nvmlDev 7 busId 8c000 commId 0xc3121111477ff5fa - Init COMPLETE
jax-vllm-trainer:1204:2424 [7] NCCL INFO Init timings - ncclCommInitRank: rank 2 nranks 3 total 0.36 (kernels 0.22, alloc 0.00, bootstrap 0.00, allgathers 0.00, topo 0.13, graphs 0.00, connections 0.00, rest 0.00)
WARNING:jax_inference_offloading.jax:JAX 0/1 transports created: [NcclStarTransport(<cupy_backends.cuda.libs.nccl.NcclCommunicator object at 0x7b4e7c5e6350>), NcclStarTransport(<cupy_backends.cuda.libs.nccl.NcclCommunicator object at 0x7b4e7c5e7250>), NcclStarTransport(<cupy_backends.cuda.libs.nccl.NcclCommunicator object at 0x7b4e7c5e5e10>), NcclStarTransport(<cupy_backends.cuda.libs.nccl.NcclCommunicator object at 0x7b4e7c5e65b0>), NcclStarTransport(<cupy_backends.cuda.libs.nccl.NcclCommunicator object at 0x7b4e7c5e4990>), NcclStarTransport(<cupy_backends.cuda.libs.nccl.NcclCommunicator object at 0x7b4e7c5e5810>), NcclStarTransport(<cupy_backends.cuda.libs.nccl.NcclCommunicator object at 0x7b4e7c5e7b50>), NcclStarTransport(<cupy_backends.cuda.libs.nccl.NcclCommunicator object at 0x7b4e7c5e52d0>)]
jax-vllm-trainer:1204:2439 [4] NCCL INFO Comm config Blocking set to 1
jax-vllm-trainer:1204:2439 [4] NCCL INFO Comm config Split share set to 1
jax-vllm-trainer:1204:2437 [3] NCCL INFO Comm config Blocking set to 1
jax-vllm-trainer:1204:2437 [3] NCCL INFO Comm config Split share set to 1
jax-vllm-trainer:1204:2440 [1] NCCL INFO Comm config Blocking set to 1
jax-vllm-trainer:1204:2440 [1] NCCL INFO Comm config Split share set to 1
jax-vllm-trainer:1204:2444 [4] NCCL INFO Assigned NET plugin Socket to comm
jax-vllm-trainer:1204:2444 [4] NCCL INFO Using network Socket
jax-vllm-trainer:1204:2438 [7] NCCL INFO Comm config Blocking set to 1
jax-vllm-trainer:1204:2438 [7] NCCL INFO Comm config Split share set to 1
jax-vllm-trainer:1204:2446 [1] NCCL INFO Assigned NET plugin Socket to comm
jax-vllm-trainer:1204:2446 [1] NCCL INFO Using network Socket
jax-vllm-trainer:1204:2445 [3] NCCL INFO Assigned NET plugin Socket to comm
jax-vllm-trainer:1204:2445 [3] NCCL INFO Using network Socket
jax-vllm-trainer:1204:2447 [7] NCCL INFO Assigned NET plugin Socket to comm
jax-vllm-trainer:1204:2447 [7] NCCL INFO Using network Socket
jax-vllm-trainer:1204:2445 [3] NCCL INFO ncclCommInitRankConfig comm 0x7ac1240056a0 rank 3 nranks 8 cudaDev 3 nvmlDev 3 busId c000 commId 0x1365cf73f8850f90 - Init START
jax-vllm-trainer:1204:2444 [4] NCCL INFO ncclCommInitRankConfig comm 0x7ac12c005700 rank 4 nranks 8 cudaDev 4 nvmlDev 4 busId 84000 commId 0x1365cf73f8850f90 - Init START
jax-vllm-trainer:1204:2446 [1] NCCL INFO ncclCommInitRankConfig comm 0x7ac1300056d0 rank 1 nranks 8 cudaDev 1 nvmlDev 1 busId 5000 commId 0x1365cf73f8850f90 - Init START
jax-vllm-trainer:1204:2447 [7] NCCL INFO ncclCommInitRankConfig comm 0x7ac11c0056a0 rank 7 nranks 8 cudaDev 7 nvmlDev 7 busId 8c000 commId 0x1365cf73f8850f90 - Init START
jax-vllm-trainer:1204:2442 [6] NCCL INFO Comm config Blocking set to 1
jax-vllm-trainer:1204:2442 [6] NCCL INFO Comm config Split share set to 1
jax-vllm-trainer:1204:2441 [2] NCCL INFO Comm config Blocking set to 1
jax-vllm-trainer:1204:2441 [2] NCCL INFO Comm config Split share set to 1
jax-vllm-trainer:1204:2443 [5] NCCL INFO Comm config Blocking set to 1
jax-vllm-trainer:1204:2443 [5] NCCL INFO Comm config Split share set to 1
jax-vllm-trainer:1204:2448 [6] NCCL INFO Assigned NET plugin Socket to comm
jax-vllm-trainer:1204:2448 [6] NCCL INFO Using network Socket
jax-vllm-trainer:1204:2449 [2] NCCL INFO Assigned NET plugin Socket to comm
jax-vllm-trainer:1204:2449 [2] NCCL INFO Using network Socket
jax-vllm-trainer:1204:2436 [0] NCCL INFO Comm config Blocking set to 1
jax-vllm-trainer:1204:2436 [0] NCCL INFO Comm config Split share set to 1
jax-vllm-trainer:1204:2450 [5] NCCL INFO Assigned NET plugin Socket to comm
jax-vllm-trainer:1204:2450 [5] NCCL INFO Using network Socket
jax-vllm-trainer:1204:2448 [6] NCCL INFO ncclCommInitRankConfig comm 0x7ac1280056a0 rank 6 nranks 8 cudaDev 6 nvmlDev 6 busId 8b000 commId 0x1365cf73f8850f90 - Init START
jax-vllm-trainer:1204:2449 [2] NCCL INFO ncclCommInitRankConfig comm 0x7ac1200056a0 rank 2 nranks 8 cudaDev 2 nvmlDev 2 busId b000 commId 0x1365cf73f8850f90 - Init START
jax-vllm-trainer:1204:2451 [0] NCCL INFO Assigned NET plugin Socket to comm
jax-vllm-trainer:1204:2451 [0] NCCL INFO Using network Socket
jax-vllm-trainer:1204:2451 [0] NCCL INFO ncclCommInitRankConfig comm 0x7ac174b9b1e0 rank 0 nranks 8 cudaDev 0 nvmlDev 0 busId 4000 commId 0x1365cf73f8850f90 - Init START
jax-vllm-trainer:1204:2450 [5] NCCL INFO ncclCommInitRankConfig comm 0x7ac1180056a0 rank 5 nranks 8 cudaDev 5 nvmlDev 5 busId 85000 commId 0x1365cf73f8850f90 - Init START
jax-vllm-trainer:1204:2448 [6] NCCL INFO Bootstrap timings total 0.000878 (create 0.000030, send 0.000072, recv 0.000275, ring 0.000103, delay 0.000000)
jax-vllm-trainer:1204:2446 [1] NCCL INFO Bootstrap timings total 0.002127 (create 0.000032, send 0.000073, recv 0.001579, ring 0.000171, delay 0.000000)
jax-vllm-trainer:1204:2449 [2] NCCL INFO Bootstrap timings total 0.000896 (create 0.000037, send 0.000070, recv 0.000387, ring 0.000248, delay 0.000000)
jax-vllm-trainer:1204:2451 [0] NCCL INFO Bootstrap timings total 0.000638 (create 0.000038, send 0.000063, recv 0.000205, ring 0.000179, delay 0.000000)
jax-vllm-trainer:1204:2444 [4] NCCL INFO Bootstrap timings total 0.002222 (create 0.000033, send 0.000076, recv 0.001809, ring 0.000134, delay 0.000000)
jax-vllm-trainer:1204:2447 [7] NCCL INFO Bootstrap timings total 0.002091 (create 0.000043, send 0.000065, recv 0.001675, ring 0.000186, delay 0.000000)
jax-vllm-trainer:1204:2445 [3] NCCL INFO Bootstrap timings total 0.002288 (create 0.000032, send 0.000081, recv 0.000245, ring 0.000251, delay 0.000000)
jax-vllm-trainer:1204:2450 [5] NCCL INFO Bootstrap timings total 0.000693 (create 0.000041, send 0.000069, recv 0.000259, ring 0.000102, delay 0.000000)
jax-vllm-trainer:1204:2446 [1] NCCL INFO Setting affinity for GPU 1 to 0-51,104-155
jax-vllm-trainer:1204:2446 [1] NCCL INFO NVLS multicast support is available on dev 1 (NVLS_NCHANNELS 16)
jax-vllm-trainer:1204:2449 [2] NCCL INFO Setting affinity for GPU 2 to 0-51,104-155
jax-vllm-trainer:1204:2449 [2] NCCL INFO NVLS multicast support is available on dev 2 (NVLS_NCHANNELS 16)
jax-vllm-trainer:1204:2445 [3] NCCL INFO Setting affinity for GPU 3 to 0-51,104-155
jax-vllm-trainer:1204:2450 [5] NCCL INFO Setting affinity for GPU 5 to 52-103,156-207
jax-vllm-trainer:1204:2447 [7] NCCL INFO Setting affinity for GPU 7 to 52-103,156-207
jax-vllm-trainer:1204:2447 [7] NCCL INFO NVLS multicast support is available on dev 7 (NVLS_NCHANNELS 16)
jax-vllm-trainer:1204:2448 [6] NCCL INFO Setting affinity for GPU 6 to 52-103,156-207
jax-vllm-trainer:1204:2445 [3] NCCL INFO NVLS multicast support is available on dev 3 (NVLS_NCHANNELS 16)
jax-vllm-trainer:1204:2450 [5] NCCL INFO NVLS multicast support is available on dev 5 (NVLS_NCHANNELS 16)
jax-vllm-trainer:1204:2444 [4] NCCL INFO Setting affinity for GPU 4 to 52-103,156-207
jax-vllm-trainer:1204:2448 [6] NCCL INFO NVLS multicast support is available on dev 6 (NVLS_NCHANNELS 16)
jax-vllm-trainer:1204:2444 [4] NCCL INFO NVLS multicast support is available on dev 4 (NVLS_NCHANNELS 16)
jax-vllm-trainer:1204:2451 [0] NCCL INFO Setting affinity for GPU 0 to 0-51,104-155
jax-vllm-trainer:1204:2451 [0] NCCL INFO NVLS multicast support is available on dev 0 (NVLS_NCHANNELS 16)
jax-vllm-trainer:1204:2445 [3] NCCL INFO comm 0x7ac1240056a0 rank 3 nRanks 8 nNodes 1 localRanks 8 localRank 3 MNNVL 0
jax-vllm-trainer:1204:2451 [0] NCCL INFO comm 0x7ac174b9b1e0 rank 0 nRanks 8 nNodes 1 localRanks 8 localRank 0 MNNVL 0
jax-vllm-trainer:1204:2448 [6] NCCL INFO comm 0x7ac1280056a0 rank 6 nRanks 8 nNodes 1 localRanks 8 localRank 6 MNNVL 0
jax-vllm-trainer:1204:2450 [5] NCCL INFO comm 0x7ac1180056a0 rank 5 nRanks 8 nNodes 1 localRanks 8 localRank 5 MNNVL 0
jax-vllm-trainer:1204:2450 [5] NCCL INFO Trees [0] 6/-1/-1->5->4 [1] 6/-1/-1->5->4 [2] 6/-1/-1->5->4 [3] 6/-1/-1->5->4 [4] 6/-1/-1->5->4 [5] 6/-1/-1->5->4 [6] 6/-1/-1->5->4 [7] 6/-1/-1->5->4 [8] 6/-1/-1->5->4 [9] 6/-1/-1->5->4 [10] 6/-1/-1->5->4 [11] 6/-1/-1->5->4 [12] 6/-1/-1->5->4 [13] 6/-1/-1->5->4 [14] 6/-1/-1->5->4 [15] 6/-1/-1->5->4 [16] 6/-1/-1->5->4 [17] 6/-1/-1->5->4 [18] 6/-1/-1->5->4 [19] 6/-1/-1->5->4 [20] 6/-1/-1->5->4 [21] 6/-1/-1->5->4 [22] 6/-1/-1->5->4 [23] 6/-1/-1->5->4
jax-vllm-trainer:1204:2450 [5] NCCL INFO P2P Chunksize set to 524288
jax-vllm-trainer:1204:2444 [4] NCCL INFO comm 0x7ac12c005700 rank 4 nRanks 8 nNodes 1 localRanks 8 localRank 4 MNNVL 0
jax-vllm-trainer:1204:2447 [7] NCCL INFO comm 0x7ac11c0056a0 rank 7 nRanks 8 nNodes 1 localRanks 8 localRank 7 MNNVL 0
jax-vllm-trainer:1204:2451 [0] NCCL INFO Channel 00/24 : 0 1 2 3 4 5 6 7
jax-vllm-trainer:1204:2451 [0] NCCL INFO Channel 01/24 : 0 1 2 3 4 5 6 7
jax-vllm-trainer:1204:2451 [0] NCCL INFO Channel 02/24 : 0 1 2 3 4 5 6 7
jax-vllm-trainer:1204:2451 [0] NCCL INFO Channel 03/24 : 0 1 2 3 4 5 6 7
jax-vllm-trainer:1204:2451 [0] NCCL INFO Channel 04/24 : 0 1 2 3 4 5 6 7
jax-vllm-trainer:1204:2451 [0] NCCL INFO Channel 05/24 : 0 1 2 3 4 5 6 7
jax-vllm-trainer:1204:2451 [0] NCCL INFO Channel 06/24 : 0 1 2 3 4 5 6 7
jax-vllm-trainer:1204:2451 [0] NCCL INFO Channel 07/24 : 0 1 2 3 4 5 6 7
jax-vllm-trainer:1204:2451 [0] NCCL INFO Channel 08/24 : 0 1 2 3 4 5 6 7
jax-vllm-trainer:1204:2451 [0] NCCL INFO Channel 09/24 : 0 1 2 3 4 5 6 7
jax-vllm-trainer:1204:2451 [0] NCCL INFO Channel 10/24 : 0 1 2 3 4 5 6 7
jax-vllm-trainer:1204:2451 [0] NCCL INFO Channel 11/24 : 0 1 2 3 4 5 6 7
jax-vllm-trainer:1204:2451 [0] NCCL INFO Channel 12/24 : 0 1 2 3 4 5 6 7
jax-vllm-trainer:1204:2451 [0] NCCL INFO Channel 13/24 : 0 1 2 3 4 5 6 7
jax-vllm-trainer:1204:2451 [0] NCCL INFO Channel 14/24 : 0 1 2 3 4 5 6 7
jax-vllm-trainer:1204:2451 [0] NCCL INFO Channel 15/24 : 0 1 2 3 4 5 6 7
jax-vllm-trainer:1204:2451 [0] NCCL INFO Channel 16/24 : 0 1 2 3 4 5 6 7
jax-vllm-trainer:1204:2451 [0] NCCL INFO Channel 17/24 : 0 1 2 3 4 5 6 7
jax-vllm-trainer:1204:2451 [0] NCCL INFO Channel 18/24 : 0 1 2 3 4 5 6 7
jax-vllm-trainer:1204:2451 [0] NCCL INFO Channel 19/24 : 0 1 2 3 4 5 6 7
jax-vllm-trainer:1204:2451 [0] NCCL INFO Channel 20/24 : 0 1 2 3 4 5 6 7
jax-vllm-trainer:1204:2451 [0] NCCL INFO Channel 21/24 : 0 1 2 3 4 5 6 7
jax-vllm-trainer:1204:2451 [0] NCCL INFO Channel 22/24 : 0 1 2 3 4 5 6 7
jax-vllm-trainer:1204:2451 [0] NCCL INFO Channel 23/24 : 0 1 2 3 4 5 6 7
jax-vllm-trainer:1204:2451 [0] NCCL INFO Trees [0] 1/-1/-1->0->-1 [1] 1/-1/-1->0->-1 [2] 1/-1/-1->0->-1 [3] 1/-1/-1->0->-1 [4] 1/-1/-1->0->-1 [5] 1/-1/-1->0->-1 [6] 1/-1/-1->0->-1 [7] 1/-1/-1->0->-1 [8] 1/-1/-1->0->-1 [9] 1/-1/-1->0->-1 [10] 1/-1/-1->0->-1 [11] 1/-1/-1->0->-1 [12] 1/-1/-1->0->-1 [13] 1/-1/-1->0->-1 [14] 1/-1/-1->0->-1 [15] 1/-1/-1->0->-1 [16] 1/-1/-1->0->-1 [17] 1/-1/-1->0->-1 [18] 1/-1/-1->0->-1 [19] 1/-1/-1->0->-1 [20] 1/-1/-1->0->-1 [21] 1/-1/-1->0->-1 [22] 1/-1/-1->0->-1 [23] 1/-1/-1->0->-1
jax-vllm-trainer:1204:2451 [0] NCCL INFO P2P Chunksize set to 524288
jax-vllm-trainer:1204:2449 [2] NCCL INFO comm 0x7ac1200056a0 rank 2 nRanks 8 nNodes 1 localRanks 8 localRank 2 MNNVL 0
jax-vllm-trainer:1204:2448 [6] NCCL INFO Trees [0] 7/-1/-1->6->5 [1] 7/-1/-1->6->5 [2] 7/-1/-1->6->5 [3] 7/-1/-1->6->5 [4] 7/-1/-1->6->5 [5] 7/-1/-1->6->5 [6] 7/-1/-1->6->5 [7] 7/-1/-1->6->5 [8] 7/-1/-1->6->5 [9] 7/-1/-1->6->5 [10] 7/-1/-1->6->5 [11] 7/-1/-1->6->5 [12] 7/-1/-1->6->5 [13] 7/-1/-1->6->5 [14] 7/-1/-1->6->5 [15] 7/-1/-1->6->5 [16] 7/-1/-1->6->5 [17] 7/-1/-1->6->5 [18] 7/-1/-1->6->5 [19] 7/-1/-1->6->5 [20] 7/-1/-1->6->5 [21] 7/-1/-1->6->5 [22] 7/-1/-1->6->5 [23] 7/-1/-1->6->5
jax-vllm-trainer:1204:2448 [6] NCCL INFO P2P Chunksize set to 524288
jax-vllm-trainer:1204:2446 [1] NCCL INFO comm 0x7ac1300056d0 rank 1 nRanks 8 nNodes 1 localRanks 8 localRank 1 MNNVL 0
jax-vllm-trainer:1204:2444 [4] NCCL INFO Trees [0] 5/-1/-1->4->3 [1] 5/-1/-1->4->3 [2] 5/-1/-1->4->3 [3] 5/-1/-1->4->3 [4] 5/-1/-1->4->3 [5] 5/-1/-1->4->3 [6] 5/-1/-1->4->3 [7] 5/-1/-1->4->3 [8] 5/-1/-1->4->3 [9] 5/-1/-1->4->3 [10] 5/-1/-1->4->3 [11] 5/-1/-1->4->3 [12] 5/-1/-1->4->3 [13] 5/-1/-1->4->3 [14] 5/-1/-1->4->3 [15] 5/-1/-1->4->3 [16] 5/-1/-1->4->3 [17] 5/-1/-1->4->3 [18] 5/-1/-1->4->3 [19] 5/-1/-1->4->3 [20] 5/-1/-1->4->3 [21] 5/-1/-1->4->3 [22] 5/-1/-1->4->3 [23] 5/-1/-1->4->3
jax-vllm-trainer:1204:2444 [4] NCCL INFO P2P Chunksize set to 524288
jax-vllm-trainer:1204:2447 [7] NCCL INFO Trees [0] -1/-1/-1->7->6 [1] -1/-1/-1->7->6 [2] -1/-1/-1->7->6 [3] -1/-1/-1->7->6 [4] -1/-1/-1->7->6 [5] -1/-1/-1->7->6 [6] -1/-1/-1->7->6 [7] -1/-1/-1->7->6 [8] -1/-1/-1->7->6 [9] -1/-1/-1->7->6 [10] -1/-1/-1->7->6 [11] -1/-1/-1->7->6 [12] -1/-1/-1->7->6 [13] -1/-1/-1->7->6 [14] -1/-1/-1->7->6 [15] -1/-1/-1->7->6 [16] -1/-1/-1->7->6 [17] -1/-1/-1->7->6 [18] -1/-1/-1->7->6 [19] -1/-1/-1->7->6 [20] -1/-1/-1->7->6 [21] -1/-1/-1->7->6 [22] -1/-1/-1->7->6 [23] -1/-1/-1->7->6
jax-vllm-trainer:1204:2447 [7] NCCL INFO P2P Chunksize set to 524288
jax-vllm-trainer:1204:2445 [3] NCCL INFO Trees [0] 4/-1/-1->3->2 [1] 4/-1/-1->3->2 [2] 4/-1/-1->3->2 [3] 4/-1/-1->3->2 [4] 4/-1/-1->3->2 [5] 4/-1/-1->3->2 [6] 4/-1/-1->3->2 [7] 4/-1/-1->3->2 [8] 4/-1/-1->3->2 [9] 4/-1/-1->3->2 [10] 4/-1/-1->3->2 [11] 4/-1/-1->3->2 [12] 4/-1/-1->3->2 [13] 4/-1/-1->3->2 [14] 4/-1/-1->3->2 [15] 4/-1/-1->3->2 [16] 4/-1/-1->3->2 [17] 4/-1/-1->3->2 [18] 4/-1/-1->3->2 [19] 4/-1/-1->3->2 [20] 4/-1/-1->3->2 [21] 4/-1/-1->3->2 [22] 4/-1/-1->3->2 [23] 4/-1/-1->3->2
jax-vllm-trainer:1204:2445 [3] NCCL INFO P2P Chunksize set to 524288
jax-vllm-trainer:1204:2449 [2] NCCL INFO Trees [0] 3/-1/-1->2->1 [1] 3/-1/-1->2->1 [2] 3/-1/-1->2->1 [3] 3/-1/-1->2->1 [4] 3/-1/-1->2->1 [5] 3/-1/-1->2->1 [6] 3/-1/-1->2->1 [7] 3/-1/-1->2->1 [8] 3/-1/-1->2->1 [9] 3/-1/-1->2->1 [10] 3/-1/-1->2->1 [11] 3/-1/-1->2->1 [12] 3/-1/-1->2->1 [13] 3/-1/-1->2->1 [14] 3/-1/-1->2->1 [15] 3/-1/-1->2->1 [16] 3/-1/-1->2->1 [17] 3/-1/-1->2->1 [18] 3/-1/-1->2->1 [19] 3/-1/-1->2->1 [20] 3/-1/-1->2->1 [21] 3/-1/-1->2->1 [22] 3/-1/-1->2->1 [23] 3/-1/-1->2->1
jax-vllm-trainer:1204:2449 [2] NCCL INFO P2P Chunksize set to 524288
jax-vllm-trainer:1204:2446 [1] NCCL INFO Trees [0] 2/-1/-1->1->0 [1] 2/-1/-1->1->0 [2] 2/-1/-1->1->0 [3] 2/-1/-1->1->0 [4] 2/-1/-1->1->0 [5] 2/-1/-1->1->0 [6] 2/-1/-1->1->0 [7] 2/-1/-1->1->0 [8] 2/-1/-1->1->0 [9] 2/-1/-1->1->0 [10] 2/-1/-1->1->0 [11] 2/-1/-1->1->0 [12] 2/-1/-1->1->0 [13] 2/-1/-1->1->0 [14] 2/-1/-1->1->0 [15] 2/-1/-1->1->0 [16] 2/-1/-1->1->0 [17] 2/-1/-1->1->0 [18] 2/-1/-1->1->0 [19] 2/-1/-1->1->0 [20] 2/-1/-1->1->0 [21] 2/-1/-1->1->0 [22] 2/-1/-1->1->0 [23] 2/-1/-1->1->0
jax-vllm-trainer:1204:2446 [1] NCCL INFO P2P Chunksize set to 524288
jax-vllm-trainer:1204:2452 [5] NCCL INFO [Proxy Service] Device 5 CPU core 164
jax-vllm-trainer:1204:2453 [5] NCCL INFO [Proxy Service UDS] Device 5 CPU core 173
jax-vllm-trainer:1204:2454 [6] NCCL INFO [Proxy Service] Device 6 CPU core 163
jax-vllm-trainer:1204:2455 [6] NCCL INFO [Proxy Service UDS] Device 6 CPU core 71
jax-vllm-trainer:1204:2458 [2] NCCL INFO [Proxy Service] Device 2 CPU core 2
jax-vllm-trainer:1204:2456 [1] NCCL INFO [Proxy Service] Device 1 CPU core 37
jax-vllm-trainer:1204:2457 [1] NCCL INFO [Proxy Service UDS] Device 1 CPU core 142
jax-vllm-trainer:1204:2459 [2] NCCL INFO [Proxy Service UDS] Device 2 CPU core 108
jax-vllm-trainer:1204:2451 [0] NCCL INFO Check P2P Type isAllDirectP2p 1 directMode 1
jax-vllm-trainer:1204:2460 [0] NCCL INFO [Proxy Service] Device 0 CPU core 128
jax-vllm-trainer:1204:2461 [0] NCCL INFO [Proxy Service UDS] Device 0 CPU core 27
jax-vllm-trainer:1204:2462 [3] NCCL INFO [Proxy Service] Device 3 CPU core 6
jax-vllm-trainer:1204:2463 [3] NCCL INFO [Proxy Service UDS] Device 3 CPU core 7
jax-vllm-trainer:1204:2464 [7] NCCL INFO [Proxy Service] Device 7 CPU core 177
jax-vllm-trainer:1204:2465 [7] NCCL INFO [Proxy Service UDS] Device 7 CPU core 75
jax-vllm-trainer:1204:2466 [4] NCCL INFO [Proxy Service] Device 4 CPU core 63
jax-vllm-trainer:1204:2467 [4] NCCL INFO [Proxy Service UDS] Device 4 CPU core 76
jax-vllm-trainer:1204:2446 [1] NCCL INFO threadThresholds 8/8/64 | 64/8/64 | 512 | 512
jax-vllm-trainer:1204:2446 [1] NCCL INFO 24 coll channels, 24 collnet channels, 16 nvls channels, 32 p2p channels, 32 p2p channels per peer
jax-vllm-trainer:1204:2449 [2] NCCL INFO threadThresholds 8/8/64 | 64/8/64 | 512 | 512
jax-vllm-trainer:1204:2449 [2] NCCL INFO 24 coll channels, 24 collnet channels, 16 nvls channels, 32 p2p channels, 32 p2p channels per peer
jax-vllm-trainer:1204:2445 [3] NCCL INFO threadThresholds 8/8/64 | 64/8/64 | 512 | 512
jax-vllm-trainer:1204:2445 [3] NCCL INFO 24 coll channels, 24 collnet channels, 16 nvls channels, 32 p2p channels, 32 p2p channels per peer
jax-vllm-trainer:1204:2444 [4] NCCL INFO threadThresholds 8/8/64 | 64/8/64 | 512 | 512
jax-vllm-trainer:1204:2444 [4] NCCL INFO 24 coll channels, 24 collnet channels, 16 nvls channels, 32 p2p channels, 32 p2p channels per peer
jax-vllm-trainer:1204:2450 [5] NCCL INFO threadThresholds 8/8/64 | 64/8/64 | 512 | 512
jax-vllm-trainer:1204:2450 [5] NCCL INFO 24 coll channels, 24 collnet channels, 16 nvls channels, 32 p2p channels, 32 p2p channels per peer
jax-vllm-trainer:1204:2448 [6] NCCL INFO threadThresholds 8/8/64 | 64/8/64 | 512 | 512
jax-vllm-trainer:1204:2448 [6] NCCL INFO 24 coll channels, 24 collnet channels, 16 nvls channels, 32 p2p channels, 32 p2p channels per peer
jax-vllm-trainer:1204:2451 [0] NCCL INFO threadThresholds 8/8/64 | 64/8/64 | 512 | 512
jax-vllm-trainer:1204:2451 [0] NCCL INFO 24 coll channels, 24 collnet channels, 16 nvls channels, 32 p2p channels, 32 p2p channels per peer
jax-vllm-trainer:1204:2447 [7] NCCL INFO threadThresholds 8/8/64 | 64/8/64 | 512 | 512
jax-vllm-trainer:1204:2447 [7] NCCL INFO 24 coll channels, 24 collnet channels, 16 nvls channels, 32 p2p channels, 32 p2p channels per peer
jax-vllm-trainer:1204:2451 [0] NCCL INFO CC Off, workFifoBytes 1048576
jax-vllm-trainer:1204:2445 [3] NCCL INFO ncclCommInitRankConfig comm 0x7ac1240056a0 rank 3 nranks 8 cudaDev 3 nvmlDev 3 busId c000 commId 0x1365cf73f8850f90 - Init COMPLETE
jax-vllm-trainer:1204:2445 [3] NCCL INFO Init timings - ncclCommInitRankConfig: rank 3 nranks 8 total 0.78 (kernels 0.00, alloc 0.00, bootstrap 0.00, allgathers 0.01, topo 0.54, graphs 0.01, connections 0.20, rest 0.03)
jax-vllm-trainer:1204:2450 [5] NCCL INFO ncclCommInitRankConfig comm 0x7ac1180056a0 rank 5 nranks 8 cudaDev 5 nvmlDev 5 busId 85000 commId 0x1365cf73f8850f90 - Init COMPLETE
jax-vllm-trainer:1204:2446 [1] NCCL INFO ncclCommInitRankConfig comm 0x7ac1300056d0 rank 1 nranks 8 cudaDev 1 nvmlDev 1 busId 5000 commId 0x1365cf73f8850f90 - Init COMPLETE
jax-vllm-trainer:1204:2446 [1] NCCL INFO Init timings - ncclCommInitRankConfig: rank 1 nranks 8 total 0.78 (kernels 0.00, alloc 0.00, bootstrap 0.00, allgathers 0.01, topo 0.54, graphs 0.01, connections 0.20, rest 0.02)
jax-vllm-trainer:1204:2450 [5] NCCL INFO Init timings - ncclCommInitRankConfig: rank 5 nranks 8 total 0.78 (kernels 0.00, alloc 0.00, bootstrap 0.00, allgathers 0.00, topo 0.54, graphs 0.01, connections 0.21, rest 0.01)
jax-vllm-trainer:1204:2444 [4] NCCL INFO ncclCommInitRankConfig comm 0x7ac12c005700 rank 4 nranks 8 cudaDev 4 nvmlDev 4 busId 84000 commId 0x1365cf73f8850f90 - Init COMPLETE
jax-vllm-trainer:1204:2444 [4] NCCL INFO Init timings - ncclCommInitRankConfig: rank 4 nranks 8 total 0.78 (kernels 0.00, alloc 0.00, bootstrap 0.00, allgathers 0.01, topo 0.54, graphs 0.01, connections 0.19, rest 0.03)
jax-vllm-trainer:1204:2449 [2] NCCL INFO ncclCommInitRankConfig comm 0x7ac1200056a0 rank 2 nranks 8 cudaDev 2 nvmlDev 2 busId b000 commId 0x1365cf73f8850f90 - Init COMPLETE
jax-vllm-trainer:1204:2449 [2] NCCL INFO Init timings - ncclCommInitRankConfig: rank 2 nranks 8 total 0.78 (kernels 0.00, alloc 0.00, bootstrap 0.00, allgathers 0.01, topo 0.54, graphs 0.01, connections 0.20, rest 0.02)
jax-vllm-trainer:1204:2448 [6] NCCL INFO ncclCommInitRankConfig comm 0x7ac1280056a0 rank 6 nranks 8 cudaDev 6 nvmlDev 6 busId 8b000 commId 0x1365cf73f8850f90 - Init COMPLETE
jax-vllm-trainer:1204:2448 [6] NCCL INFO Init timings - ncclCommInitRankConfig: rank 6 nranks 8 total 0.78 (kernels 0.00, alloc 0.00, bootstrap 0.00, allgathers 0.00, topo 0.54, graphs 0.01, connections 0.21, rest 0.02)
jax-vllm-trainer:1204:2451 [0] NCCL INFO ncclCommInitRankConfig comm 0x7ac174b9b1e0 rank 0 nranks 8 cudaDev 0 nvmlDev 0 busId 4000 commId 0x1365cf73f8850f90 - Init COMPLETE
jax-vllm-trainer:1204:2451 [0] NCCL INFO Init timings - ncclCommInitRankConfig: rank 0 nranks 8 total 0.78 (kernels 0.00, alloc 0.00, bootstrap 0.00, allgathers 0.01, topo 0.54, graphs 0.01, connections 0.20, rest 0.02)
jax-vllm-trainer:1204:2447 [7] NCCL INFO ncclCommInitRankConfig comm 0x7ac11c0056a0 rank 7 nranks 8 cudaDev 7 nvmlDev 7 busId 8c000 commId 0x1365cf73f8850f90 - Init COMPLETE
jax-vllm-trainer:1204:2447 [7] NCCL INFO Init timings - ncclCommInitRankConfig: rank 7 nranks 8 total 0.78 (kernels 0.00, alloc 0.00, bootstrap 0.00, allgathers 0.01, topo 0.54, graphs 0.01, connections 0.20, rest 0.03)
jax-vllm-trainer:1204:2472 [6] NCCL INFO Comm config Blocking set to 1
jax-vllm-trainer:1204:2472 [6] NCCL INFO Comm config Split share set to 1
jax-vllm-trainer:1204:2470 [3] NCCL INFO Comm config Blocking set to 1
jax-vllm-trainer:1204:2470 [3] NCCL INFO Comm config Split share set to 1
jax-vllm-trainer:1204:2476 [4] NCCL INFO Comm config Blocking set to 1
jax-vllm-trainer:1204:2476 [4] NCCL INFO Comm config Split share set to 1
jax-vllm-trainer:1204:2478 [6] NCCL INFO Assigned NET plugin Socket to comm
jax-vllm-trainer:1204:2478 [6] NCCL INFO Using network Socket
jax-vllm-trainer:1204:2475 [1] NCCL INFO Comm config Blocking set to 1
jax-vllm-trainer:1204:2475 [1] NCCL INFO Comm config Split share set to 1
jax-vllm-trainer:1204:2479 [3] NCCL INFO Assigned NET plugin Socket to comm
jax-vllm-trainer:1204:2479 [3] NCCL INFO Using network Socket
jax-vllm-trainer:1204:2480 [4] NCCL INFO Assigned NET plugin Socket to comm
jax-vllm-trainer:1204:2480 [4] NCCL INFO Using network Socket
jax-vllm-trainer:1204:2481 [1] NCCL INFO Assigned NET plugin Socket to comm
jax-vllm-trainer:1204:2481 [1] NCCL INFO Using network Socket
jax-vllm-trainer:1204:2473 [7] NCCL INFO Comm config Blocking set to 1
jax-vllm-trainer:1204:2473 [7] NCCL INFO Comm config Split share set to 1
jax-vllm-trainer:1204:2474 [0] NCCL INFO Comm config Blocking set to 1
jax-vllm-trainer:1204:2474 [0] NCCL INFO Comm config Split share set to 1
jax-vllm-trainer:1204:2477 [5] NCCL INFO Comm config Blocking set to 1
jax-vllm-trainer:1204:2477 [5] NCCL INFO Comm config Split share set to 1
jax-vllm-trainer:1204:2482 [7] NCCL INFO Assigned NET plugin Socket to comm
jax-vllm-trainer:1204:2482 [7] NCCL INFO Using network Socket
jax-vllm-trainer:1204:2483 [0] NCCL INFO Assigned NET plugin Socket to comm
jax-vllm-trainer:1204:2483 [0] NCCL INFO Using network Socket
jax-vllm-trainer:1204:2484 [5] NCCL INFO Assigned NET plugin Socket to comm
jax-vllm-trainer:1204:2484 [5] NCCL INFO Using network Socket
jax-vllm-trainer:1204:2471 [2] NCCL INFO Comm config Blocking set to 1
jax-vllm-trainer:1204:2471 [2] NCCL INFO Comm config Split share set to 1
jax-vllm-trainer:1204:2483 [0] NCCL INFO ncclCommInitRankConfig comm 0x7ac174d0bed0 rank 0 nranks 4 cudaDev 0 nvmlDev 0 busId 4000 commId 0x9aaeed9407fc10c3 - Init START
jax-vllm-trainer:1204:2478 [6] NCCL INFO ncclCommInitRankConfig comm 0x7ac12410fd30 rank 3 nranks 4 cudaDev 6 nvmlDev 6 busId 8b000 commId 0x9aaeed9407fc10c3 - Init START
jax-vllm-trainer:1204:2485 [2] NCCL INFO Assigned NET plugin Socket to comm
jax-vllm-trainer:1204:2485 [2] NCCL INFO Using network Socket
jax-vllm-trainer:1204:2479 [3] NCCL INFO ncclCommInitRankConfig comm 0x7ac12010fd30 rank 1 nranks 4 cudaDev 3 nvmlDev 3 busId c000 commId 0x505175c1864dd4bd - Init START
jax-vllm-trainer:1204:2480 [4] NCCL INFO ncclCommInitRankConfig comm 0x7ac11810fd30 rank 2 nranks 4 cudaDev 4 nvmlDev 4 busId 84000 commId 0x9aaeed9407fc10c3 - Init START
jax-vllm-trainer:1204:2481 [1] NCCL INFO ncclCommInitRankConfig comm 0x7ac12c10fd70 rank 0 nranks 4 cudaDev 1 nvmlDev 1 busId 5000 commId 0x505175c1864dd4bd - Init START
jax-vllm-trainer:1204:2482 [7] NCCL INFO ncclCommInitRankConfig comm 0x7ac13010fd60 rank 3 nranks 4 cudaDev 7 nvmlDev 7 busId 8c000 commId 0x505175c1864dd4bd - Init START
jax-vllm-trainer:1204:2484 [5] NCCL INFO ncclCommInitRankConfig comm 0x7ac12810fd30 rank 2 nranks 4 cudaDev 5 nvmlDev 5 busId 85000 commId 0x505175c1864dd4bd - Init START
jax-vllm-trainer:1204:2485 [2] NCCL INFO ncclCommInitRankConfig comm 0x7ac11c10fd30 rank 1 nranks 4 cudaDev 2 nvmlDev 2 busId b000 commId 0x9aaeed9407fc10c3 - Init START
jax-vllm-trainer:1204:2482 [7] NCCL INFO Bootstrap timings total 0.000473 (create 0.000036, send 0.000062, recv 0.000064, ring 0.000049, delay 0.000000)
jax-vllm-trainer:1204:2484 [5] NCCL INFO Bootstrap timings total 0.000387 (create 0.000039, send 0.000087, recv 0.000080, ring 0.000042, delay 0.000000)
jax-vllm-trainer:1204:2481 [1] NCCL INFO Bootstrap timings total 0.000611 (create 0.000028, send 0.000085, recv 0.000106, ring 0.000184, delay 0.000000)
jax-vllm-trainer:1204:2479 [3] NCCL INFO Bootstrap timings total 0.001139 (create 0.000034, send 0.000069, recv 0.000861, ring 0.000049, delay 0.000000)
jax-vllm-trainer:1204:2478 [6] NCCL INFO Bootstrap timings total 0.001522 (create 0.000033, send 0.000078, recv 0.000126, ring 0.000678, delay 0.000000)
jax-vllm-trainer:1204:2483 [0] NCCL INFO Bootstrap timings total 0.001800 (create 0.000030, send 0.000068, recv 0.001492, ring 0.000087, delay 0.000000)
jax-vllm-trainer:1204:2480 [4] NCCL INFO Bootstrap timings total 0.000961 (create 0.000030, send 0.000080, recv 0.000038, ring 0.000054, delay 0.000000)
jax-vllm-trainer:1204:2485 [2] NCCL INFO Bootstrap timings total 0.000466 (create 0.000037, send 0.000078, recv 0.000135, ring 0.000043, delay 0.000000)
jax-vllm-trainer:1204:2484 [5] NCCL INFO Setting affinity for GPU 5 to 52-103,156-207
jax-vllm-trainer:1204:2484 [5] NCCL INFO NVLS multicast support is available on dev 5 (NVLS_NCHANNELS 16)
jax-vllm-trainer:1204:2479 [3] NCCL INFO Setting affinity for GPU 3 to 0-51,104-155
jax-vllm-trainer:1204:2481 [1] NCCL INFO Setting affinity for GPU 1 to 0-51,104-155
jax-vllm-trainer:1204:2479 [3] NCCL INFO NVLS multicast support is available on dev 3 (NVLS_NCHANNELS 16)
jax-vllm-trainer:1204:2481 [1] NCCL INFO NVLS multicast support is available on dev 1 (NVLS_NCHANNELS 16)
jax-vllm-trainer:1204:2482 [7] NCCL INFO Setting affinity for GPU 7 to 52-103,156-207
jax-vllm-trainer:1204:2482 [7] NCCL INFO NVLS multicast support is available on dev 7 (NVLS_NCHANNELS 16)
jax-vllm-trainer:1204:2479 [3] NCCL INFO comm 0x7ac12010fd30 rank 1 nRanks 4 nNodes 1 localRanks 4 localRank 1 MNNVL 0
jax-vllm-trainer:1204:2481 [1] NCCL INFO comm 0x7ac12c10fd70 rank 0 nRanks 4 nNodes 1 localRanks 4 localRank 0 MNNVL 0
jax-vllm-trainer:1204:2479 [3] NCCL INFO Trees [0] 2/-1/-1->1->0 [1] 2/-1/-1->1->0 [2] 2/-1/-1->1->0 [3] 2/-1/-1->1->0 [4] 2/-1/-1->1->0 [5] 2/-1/-1->1->0 [6] 2/-1/-1->1->0 [7] 2/-1/-1->1->0 [8] 2/-1/-1->1->0 [9] 2/-1/-1->1->0 [10] 2/-1/-1->1->0 [11] 2/-1/-1->1->0 [12] 2/-1/-1->1->0 [13] 2/-1/-1->1->0 [14] 2/-1/-1->1->0 [15] 2/-1/-1->1->0 [16] 2/-1/-1->1->0 [17] 2/-1/-1->1->0 [18] 2/-1/-1->1->0 [19] 2/-1/-1->1->0 [20] 2/-1/-1->1->0 [21] 2/-1/-1->1->0 [22] 2/-1/-1->1->0 [23] 2/-1/-1->1->0
jax-vllm-trainer:1204:2479 [3] NCCL INFO P2P Chunksize set to 524288
jax-vllm-trainer:1204:2482 [7] NCCL INFO comm 0x7ac13010fd60 rank 3 nRanks 4 nNodes 1 localRanks 4 localRank 3 MNNVL 0
jax-vllm-trainer:1204:2482 [7] NCCL INFO Trees [0] -1/-1/-1->3->2 [1] -1/-1/-1->3->2 [2] -1/-1/-1->3->2 [3] -1/-1/-1->3->2 [4] -1/-1/-1->3->2 [5] -1/-1/-1->3->2 [6] -1/-1/-1->3->2 [7] -1/-1/-1->3->2 [8] -1/-1/-1->3->2 [9] -1/-1/-1->3->2 [10] -1/-1/-1->3->2 [11] -1/-1/-1->3->2 [12] -1/-1/-1->3->2 [13] -1/-1/-1->3->2 [14] -1/-1/-1->3->2 [15] -1/-1/-1->3->2 [16] -1/-1/-1->3->2 [17] -1/-1/-1->3->2 [18] -1/-1/-1->3->2 [19] -1/-1/-1->3->2 [20] -1/-1/-1->3->2 [21] -1/-1/-1->3->2 [22] -1/-1/-1->3->2 [23] -1/-1/-1->3->2
jax-vllm-trainer:1204:2482 [7] NCCL INFO P2P Chunksize set to 524288
jax-vllm-trainer:1204:2481 [1] NCCL INFO Channel 00/24 : 0 1 2 3
jax-vllm-trainer:1204:2481 [1] NCCL INFO Channel 01/24 : 0 1 2 3
jax-vllm-trainer:1204:2481 [1] NCCL INFO Channel 02/24 : 0 1 2 3
jax-vllm-trainer:1204:2481 [1] NCCL INFO Channel 03/24 : 0 1 2 3
jax-vllm-trainer:1204:2481 [1] NCCL INFO Channel 04/24 : 0 1 2 3
jax-vllm-trainer:1204:2481 [1] NCCL INFO Channel 05/24 : 0 1 2 3
jax-vllm-trainer:1204:2481 [1] NCCL INFO Channel 06/24 : 0 1 2 3
jax-vllm-trainer:1204:2481 [1] NCCL INFO Channel 07/24 : 0 1 2 3
jax-vllm-trainer:1204:2481 [1] NCCL INFO Channel 08/24 : 0 1 2 3
jax-vllm-trainer:1204:2484 [5] NCCL INFO comm 0x7ac12810fd30 rank 2 nRanks 4 nNodes 1 localRanks 4 localRank 2 MNNVL 0
jax-vllm-trainer:1204:2481 [1] NCCL INFO Channel 09/24 : 0 1 2 3
jax-vllm-trainer:1204:2481 [1] NCCL INFO Channel 10/24 : 0 1 2 3
jax-vllm-trainer:1204:2481 [1] NCCL INFO Channel 11/24 : 0 1 2 3
jax-vllm-trainer:1204:2481 [1] NCCL INFO Channel 12/24 : 0 1 2 3
jax-vllm-trainer:1204:2481 [1] NCCL INFO Channel 13/24 : 0 1 2 3
jax-vllm-trainer:1204:2481 [1] NCCL INFO Channel 14/24 : 0 1 2 3
jax-vllm-trainer:1204:2484 [5] NCCL INFO Trees [0] 3/-1/-1->2->1 [1] 3/-1/-1->2->1 [2] 3/-1/-1->2->1 [3] 3/-1/-1->2->1 [4] 3/-1/-1->2->1 [5] 3/-1/-1->2->1 [6] 3/-1/-1->2->1 [7] 3/-1/-1->2->1 [8] 3/-1/-1->2->1 [9] 3/-1/-1->2->1 [10] 3/-1/-1->2->1 [11] 3/-1/-1->2->1 [12] 3/-1/-1->2->1 [13] 3/-1/-1->2->1 [14] 3/-1/-1->2->1 [15] 3/-1/-1->2->1 [16] 3/-1/-1->2->1 [17] 3/-1/-1->2->1 [18] 3/-1/-1->2->1 [19] 3/-1/-1->2->1 [20] 3/-1/-1->2->1 [21] 3/-1/-1->2->1 [22] 3/-1/-1->2->1 [23] 3/-1/-1->2->1
jax-vllm-trainer:1204:2484 [5] NCCL INFO P2P Chunksize set to 524288
jax-vllm-trainer:1204:2481 [1] NCCL INFO Channel 15/24 : 0 1 2 3
jax-vllm-trainer:1204:2481 [1] NCCL INFO Channel 16/24 : 0 1 2 3
jax-vllm-trainer:1204:2481 [1] NCCL INFO Channel 17/24 : 0 1 2 3
jax-vllm-trainer:1204:2481 [1] NCCL INFO Channel 18/24 : 0 1 2 3
jax-vllm-trainer:1204:2481 [1] NCCL INFO Channel 19/24 : 0 1 2 3
jax-vllm-trainer:1204:2481 [1] NCCL INFO Channel 20/24 : 0 1 2 3
jax-vllm-trainer:1204:2481 [1] NCCL INFO Channel 21/24 : 0 1 2 3
jax-vllm-trainer:1204:2481 [1] NCCL INFO Channel 22/24 : 0 1 2 3
jax-vllm-trainer:1204:2481 [1] NCCL INFO Channel 23/24 : 0 1 2 3
jax-vllm-trainer:1204:2481 [1] NCCL INFO Trees [0] 1/-1/-1->0->-1 [1] 1/-1/-1->0->-1 [2] 1/-1/-1->0->-1 [3] 1/-1/-1->0->-1 [4] 1/-1/-1->0->-1 [5] 1/-1/-1->0->-1 [6] 1/-1/-1->0->-1 [7] 1/-1/-1->0->-1 [8] 1/-1/-1->0->-1 [9] 1/-1/-1->0->-1 [10] 1/-1/-1->0->-1 [11] 1/-1/-1->0->-1 [12] 1/-1/-1->0->-1 [13] 1/-1/-1->0->-1 [14] 1/-1/-1->0->-1 [15] 1/-1/-1->0->-1 [16] 1/-1/-1->0->-1 [17] 1/-1/-1->0->-1 [18] 1/-1/-1->0->-1 [19] 1/-1/-1->0->-1 [20] 1/-1/-1->0->-1 [21] 1/-1/-1->0->-1 [22] 1/-1/-1->0->-1 [23] 1/-1/-1->0->-1
jax-vllm-trainer:1204:2481 [1] NCCL INFO P2P Chunksize set to 524288
jax-vllm-trainer:1204:2481 [1] NCCL INFO Check P2P Type isAllDirectP2p 1 directMode 1
jax-vllm-trainer:1204:2486 [5] NCCL INFO [Proxy Service] Device 5 CPU core 157
jax-vllm-trainer:1204:2489 [1] NCCL INFO [Proxy Service UDS] Device 1 CPU core 126
jax-vllm-trainer:1204:2487 [5] NCCL INFO [Proxy Service UDS] Device 5 CPU core 158
jax-vllm-trainer:1204:2488 [1] NCCL INFO [Proxy Service] Device 1 CPU core 16
jax-vllm-trainer:1204:2490 [3] NCCL INFO [Proxy Service] Device 3 CPU core 105
jax-vllm-trainer:1204:2491 [3] NCCL INFO [Proxy Service UDS] Device 3 CPU core 2
jax-vllm-trainer:1204:2492 [7] NCCL INFO [Proxy Service] Device 7 CPU core 93
jax-vllm-trainer:1204:2493 [7] NCCL INFO [Proxy Service UDS] Device 7 CPU core 198
jax-vllm-trainer:1204:2478 [6] NCCL INFO Setting affinity for GPU 6 to 52-103,156-207
jax-vllm-trainer:1204:2478 [6] NCCL INFO NVLS multicast support is available on dev 6 (NVLS_NCHANNELS 16)
jax-vllm-trainer:1204:2480 [4] NCCL INFO Setting affinity for GPU 4 to 52-103,156-207
jax-vllm-trainer:1204:2480 [4] NCCL INFO NVLS multicast support is available on dev 4 (NVLS_NCHANNELS 16)
jax-vllm-trainer:1204:2483 [0] NCCL INFO Setting affinity for GPU 0 to 0-51,104-155
jax-vllm-trainer:1204:2485 [2] NCCL INFO Setting affinity for GPU 2 to 0-51,104-155
jax-vllm-trainer:1204:2483 [0] NCCL INFO NVLS multicast support is available on dev 0 (NVLS_NCHANNELS 16)
jax-vllm-trainer:1204:2485 [2] NCCL INFO NVLS multicast support is available on dev 2 (NVLS_NCHANNELS 16)
jax-vllm-trainer:1204:2485 [2] NCCL INFO comm 0x7ac11c10fd30 rank 1 nRanks 4 nNodes 1 localRanks 4 localRank 1 MNNVL 0
jax-vllm-trainer:1204:2480 [4] NCCL INFO comm 0x7ac11810fd30 rank 2 nRanks 4 nNodes 1 localRanks 4 localRank 2 MNNVL 0
jax-vllm-trainer:1204:2478 [6] NCCL INFO comm 0x7ac12410fd30 rank 3 nRanks 4 nNodes 1 localRanks 4 localRank 3 MNNVL 0
jax-vllm-trainer:1204:2478 [6] NCCL INFO Trees [0] -1/-1/-1->3->2 [1] -1/-1/-1->3->2 [2] -1/-1/-1->3->2 [3] -1/-1/-1->3->2 [4] -1/-1/-1->3->2 [5] -1/-1/-1->3->2 [6] -1/-1/-1->3->2 [7] -1/-1/-1->3->2 [8] -1/-1/-1->3->2 [9] -1/-1/-1->3->2 [10] -1/-1/-1->3->2 [11] -1/-1/-1->3->2 [12] -1/-1/-1->3->2 [13] -1/-1/-1->3->2 [14] -1/-1/-1->3->2 [15] -1/-1/-1->3->2 [16] -1/-1/-1->3->2 [17] -1/-1/-1->3->2 [18] -1/-1/-1->3->2 [19] -1/-1/-1->3->2 [20] -1/-1/-1->3->2 [21] -1/-1/-1->3->2 [22] -1/-1/-1->3->2 [23] -1/-1/-1->3->2
jax-vllm-trainer:1204:2478 [6] NCCL INFO P2P Chunksize set to 524288
jax-vllm-trainer:1204:2485 [2] NCCL INFO Trees [0] 2/-1/-1->1->0 [1] 2/-1/-1->1->0 [2] 2/-1/-1->1->0 [3] 2/-1/-1->1->0 [4] 2/-1/-1->1->0 [5] 2/-1/-1->1->0 [6] 2/-1/-1->1->0 [7] 2/-1/-1->1->0 [8] 2/-1/-1->1->0 [9] 2/-1/-1->1->0 [10] 2/-1/-1->1->0 [11] 2/-1/-1->1->0 [12] 2/-1/-1->1->0 [13] 2/-1/-1->1->0 [14] 2/-1/-1->1->0 [15] 2/-1/-1->1->0 [16] 2/-1/-1->1->0 [17] 2/-1/-1->1->0 [18] 2/-1/-1->1->0 [19] 2/-1/-1->1->0 [20] 2/-1/-1->1->0 [21] 2/-1/-1->1->0 [22] 2/-1/-1->1->0 [23] 2/-1/-1->1->0
jax-vllm-trainer:1204:2485 [2] NCCL INFO P2P Chunksize set to 524288
jax-vllm-trainer:1204:2480 [4] NCCL INFO Trees [0] 3/-1/-1->2->1 [1] 3/-1/-1->2->1 [2] 3/-1/-1->2->1 [3] 3/-1/-1->2->1 [4] 3/-1/-1->2->1 [5] 3/-1/-1->2->1 [6] 3/-1/-1->2->1 [7] 3/-1/-1->2->1 [8] 3/-1/-1->2->1 [9] 3/-1/-1->2->1 [10] 3/-1/-1->2->1 [11] 3/-1/-1->2->1 [12] 3/-1/-1->2->1 [13] 3/-1/-1->2->1 [14] 3/-1/-1->2->1 [15] 3/-1/-1->2->1 [16] 3/-1/-1->2->1 [17] 3/-1/-1->2->1 [18] 3/-1/-1->2->1 [19] 3/-1/-1->2->1 [20] 3/-1/-1->2->1 [21] 3/-1/-1->2->1 [22] 3/-1/-1->2->1 [23] 3/-1/-1->2->1
jax-vllm-trainer:1204:2480 [4] NCCL INFO P2P Chunksize set to 524288
