/usr/local/lib/python3.12/dist-packages/torch/cuda/__init__.py:63: FutureWarning: The pynvml package is deprecated. Please install nvidia-ml-py instead. If you did not install pynvml directly, please report this to the maintainers of the package that installed pynvml for you.
  import pynvml  # type: ignore[import]
2025-11-24 17:10:44.363701: I tensorflow/core/util/port.cc:153] oneDNN custom operations are on. You may see slightly different numerical results due to floating-point round-off errors from different computation orders. To turn them off, set the environment variable `TF_ENABLE_ONEDNN_OPTS=0`.
2025-11-24 17:10:44.395152: I tensorflow/core/platform/cpu_feature_guard.cc:210] This TensorFlow binary is optimized to use available CPU instructions in performance-critical operations.
To enable the following instructions: AVX2 AVX512F AVX512_VNNI AVX512_BF16 AVX512_FP16 AVX_VNNI AMX_TILE AMX_INT8 AMX_BF16 FMA, in other operations, rebuild TensorFlow with the appropriate compiler flags.
DEBUG 11-24 17:10:46 [plugins/__init__.py:28] No plugins for group vllm.platform_plugins found.
DEBUG 11-24 17:10:46 [platforms/__init__.py:34] Checking if TPU platform is available.
DEBUG 11-24 17:10:46 [platforms/__init__.py:52] TPU platform is not available because: No module named 'libtpu'
DEBUG 11-24 17:10:46 [platforms/__init__.py:58] Checking if CUDA platform is available.
DEBUG 11-24 17:10:46 [platforms/__init__.py:78] Confirmed CUDA platform is available.
DEBUG 11-24 17:10:46 [platforms/__init__.py:106] Checking if ROCm platform is available.
DEBUG 11-24 17:10:46 [platforms/__init__.py:120] ROCm platform is not available because: No module named 'amdsmi'
DEBUG 11-24 17:10:46 [platforms/__init__.py:127] Checking if XPU platform is available.
DEBUG 11-24 17:10:46 [platforms/__init__.py:146] XPU platform is not available because: No module named 'intel_extension_for_pytorch'
DEBUG 11-24 17:10:46 [platforms/__init__.py:153] Checking if CPU platform is available.
DEBUG 11-24 17:10:46 [platforms/__init__.py:58] Checking if CUDA platform is available.
DEBUG 11-24 17:10:46 [platforms/__init__.py:78] Confirmed CUDA platform is available.
INFO 11-24 17:10:46 [platforms/__init__.py:216] Automatically detected platform cuda.
DEBUG 11-24 17:10:48 [plugins/__init__.py:36] Available plugins for group vllm.general_plugins:
DEBUG 11-24 17:10:48 [plugins/__init__.py:38] - lora_filesystem_resolver -> vllm.plugins.lora_resolvers.filesystem_resolver:register_filesystem_resolver
DEBUG 11-24 17:10:48 [plugins/__init__.py:41] All plugins in this group will be loaded. Set `VLLM_PLUGINS` to control which plugins to load.
INFO 11-24 17:10:48 [entrypoints/utils.py:328] non-default args: {'load_format': 'dummy', 'max_model_len': 1024, 'distributed_executor_backend': 'mp', 'tensor_parallel_size': 4, 'gpu_memory_utilization': 0.6, 'disable_log_stats': True, 'worker_extension_cls': 'jax_inference_offloading.vllm.extension.VLLMWorkerExtension', 'model': 'meta-llama/Llama-3.1-8B-Instruct'}
INFO 11-24 17:10:56 [config/__init__.py:742] Resolved architecture: LlamaForCausalLM
`torch_dtype` is deprecated! Use `dtype` instead!
INFO 11-24 17:10:56 [config/__init__.py:1815] Using max model len 1024
DEBUG 11-24 17:10:56 [engine/arg_utils.py:1736] Setting max_num_batched_tokens to 16384 for LLM_CLASS usage context.
DEBUG 11-24 17:10:56 [engine/arg_utils.py:1745] Setting max_num_seqs to 1024 for LLM_CLASS usage context.
INFO 11-24 17:10:57 [config/scheduler.py:222] Chunked prefill is enabled with max_num_batched_tokens=16384.
WARNING 11-24 17:10:58 [v1/serial_utils.py:51] Allowing insecure serialization using pickle due to VLLM_ALLOW_INSECURE_SERIALIZATION=1
(EngineCore_DP0 pid=2158) INFO 11-24 17:10:58 [v1/engine/core.py:654] Waiting for init message from front-end.
DEBUG 11-24 17:10:58 [v1/engine/utils.py:856] HELLO from local core engine process 0.
(EngineCore_DP0 pid=2158) DEBUG 11-24 17:10:58 [v1/engine/core.py:662] Received init message: EngineHandshakeMetadata(addresses=EngineZmqAddresses(inputs=['ipc:///tmp/6a58e52e-2665-479d-943b-97aa850bbab9'], outputs=['ipc:///tmp/d6686c6a-2114-4ae2-ac91-e38ebcced6e9'], coordinator_input=None, coordinator_output=None, frontend_stats_publish_address=None), parallel_config={'data_parallel_master_ip': '127.0.0.1', 'data_parallel_master_port': 0, '_data_parallel_master_port_list': [], 'data_parallel_size': 1})
(EngineCore_DP0 pid=2158) DEBUG 11-24 17:10:58 [v1/engine/core.py:494] Has DP Coordinator: False, stats publish address: None
(EngineCore_DP0 pid=2158) INFO 11-24 17:10:58 [v1/engine/core.py:76] Initializing a V1 LLM engine (v0.10.2) with config: model='meta-llama/Llama-3.1-8B-Instruct', speculative_config=None, tokenizer='meta-llama/Llama-3.1-8B-Instruct', skip_tokenizer_init=False, tokenizer_mode=auto, revision=None, tokenizer_revision=None, trust_remote_code=False, dtype=torch.bfloat16, max_seq_len=1024, download_dir=None, load_format=dummy, tensor_parallel_size=4, pipeline_parallel_size=1, data_parallel_size=1, disable_custom_all_reduce=False, quantization=None, enforce_eager=False, kv_cache_dtype=auto, device_config=cuda, decoding_config=DecodingConfig(backend='auto', disable_fallback=False, disable_any_whitespace=False, disable_additional_properties=False, reasoning_backend=''), observability_config=ObservabilityConfig(show_hidden_metrics_for_version=None, otlp_traces_endpoint=None, collect_detailed_traces=None), seed=0, served_model_name=meta-llama/Llama-3.1-8B-Instruct, enable_prefix_caching=True, chunked_prefill_enabled=True, use_async_output_proc=True, pooler_config=None, compilation_config={"level":3,"debug_dump_path":"","cache_dir":"","backend":"","custom_ops":[],"splitting_ops":["vllm.unified_attention","vllm.unified_attention_with_output","vllm.mamba_mixer2","vllm.mamba_mixer","vllm.short_conv","vllm.linear_attention","vllm.plamo2_mamba_mixer","vllm.gdn_attention"],"use_inductor":true,"compile_sizes":[],"inductor_compile_config":{"enable_auto_functionalized_v2":false},"inductor_passes":{},"cudagraph_mode":1,"use_cudagraph":true,"cudagraph_num_of_warmups":1,"cudagraph_capture_sizes":[512,504,496,488,480,472,464,456,448,440,432,424,416,408,400,392,384,376,368,360,352,344,336,328,320,312,304,296,288,280,272,264,256,248,240,232,224,216,208,200,192,184,176,168,160,152,144,136,128,120,112,104,96,88,80,72,64,56,48,40,32,24,16,8,4,2,1],"cudagraph_copy_inputs":false,"full_cuda_graph":false,"pass_config":{},"max_capture_size":512,"local_cache_dir":null}
(EngineCore_DP0 pid=2158) WARNING 11-24 17:10:58 [executor/multiproc_worker_utils.py:273] Reducing Torch parallelism from 104 threads to 1 to avoid unnecessary CPU contention. Set OMP_NUM_THREADS in the external environment to tune this value as needed.
(EngineCore_DP0 pid=2158) DEBUG 11-24 17:10:58 [distributed/device_communicators/shm_broadcast.py:243] Binding to ipc:///tmp/dffa39ee-e90e-44a5-a61b-80fbe288fdba
(EngineCore_DP0 pid=2158) INFO 11-24 17:10:58 [distributed/device_communicators/shm_broadcast.py:289] vLLM message queue communication handle: Handle(local_reader_ranks=[0, 1, 2, 3], buffer_handle=(4, 16777216, 10, 'psm_826bd3ab'), local_subscribe_addr='ipc:///tmp/dffa39ee-e90e-44a5-a61b-80fbe288fdba', remote_subscribe_addr=None, remote_addr_ipv6=False)
(EngineCore_DP0 pid=2158) WARNING 11-24 17:10:58 [logger.py:221] VLLM_TRACE_FUNCTION is enabled. It will record every function executed by Python. This will slow down the code. It is suggested to be used for debugging hang or crashes only.
(EngineCore_DP0 pid=2158) INFO 11-24 17:10:58 [logger.py:225] Trace frame log is saved to /tmp/root/vllm/vllm-instance-1fb1a/VLLM_TRACE_FUNCTION_for_process_2164_thread_136866787017472_at_2025-11-24_17:10:58.515427.log
(EngineCore_DP0 pid=2158) WARNING 11-24 17:10:58 [logger.py:221] VLLM_TRACE_FUNCTION is enabled. It will record every function executed by Python. This will slow down the code. It is suggested to be used for debugging hang or crashes only.
(EngineCore_DP0 pid=2158) INFO 11-24 17:10:58 [logger.py:225] Trace frame log is saved to /tmp/root/vllm/vllm-instance-1fb1a/VLLM_TRACE_FUNCTION_for_process_2166_thread_136866787017472_at_2025-11-24_17:10:58.531100.log
(EngineCore_DP0 pid=2158) WARNING 11-24 17:10:58 [logger.py:221] VLLM_TRACE_FUNCTION is enabled. It will record every function executed by Python. This will slow down the code. It is suggested to be used for debugging hang or crashes only.
(EngineCore_DP0 pid=2158) INFO 11-24 17:10:58 [logger.py:225] Trace frame log is saved to /tmp/root/vllm/vllm-instance-1fb1a/VLLM_TRACE_FUNCTION_for_process_2168_thread_136866787017472_at_2025-11-24_17:10:58.540506.log
(EngineCore_DP0 pid=2158) WARNING 11-24 17:10:58 [logger.py:221] VLLM_TRACE_FUNCTION is enabled. It will record every function executed by Python. This will slow down the code. It is suggested to be used for debugging hang or crashes only.
(EngineCore_DP0 pid=2158) INFO 11-24 17:10:58 [logger.py:225] Trace frame log is saved to /tmp/root/vllm/vllm-instance-1fb1a/VLLM_TRACE_FUNCTION_for_process_2170_thread_136866787017472_at_2025-11-24_17:10:58.548800.log
(EngineCore_DP0 pid=2158) W1124 17:11:00.337000 2164 torch/utils/cpp_extension.py:2425] TORCH_CUDA_ARCH_LIST is not set, all archs for visible cards are included for compilation.
(EngineCore_DP0 pid=2158) W1124 17:11:00.337000 2164 torch/utils/cpp_extension.py:2425] If this is not desired, please set os.environ['TORCH_CUDA_ARCH_LIST'] to specific architectures.
(EngineCore_DP0 pid=2158) W1124 17:11:00.338000 2170 torch/utils/cpp_extension.py:2425] TORCH_CUDA_ARCH_LIST is not set, all archs for visible cards are included for compilation.
(EngineCore_DP0 pid=2158) W1124 17:11:00.338000 2170 torch/utils/cpp_extension.py:2425] If this is not desired, please set os.environ['TORCH_CUDA_ARCH_LIST'] to specific architectures.
(EngineCore_DP0 pid=2158) W1124 17:11:00.339000 2166 torch/utils/cpp_extension.py:2425] TORCH_CUDA_ARCH_LIST is not set, all archs for visible cards are included for compilation.
(EngineCore_DP0 pid=2158) W1124 17:11:00.339000 2166 torch/utils/cpp_extension.py:2425] If this is not desired, please set os.environ['TORCH_CUDA_ARCH_LIST'] to specific architectures.
(EngineCore_DP0 pid=2158) W1124 17:11:00.361000 2168 torch/utils/cpp_extension.py:2425] TORCH_CUDA_ARCH_LIST is not set, all archs for visible cards are included for compilation.
(EngineCore_DP0 pid=2158) W1124 17:11:00.361000 2168 torch/utils/cpp_extension.py:2425] If this is not desired, please set os.environ['TORCH_CUDA_ARCH_LIST'] to specific architectures.
(EngineCore_DP0 pid=2158) DEBUG 11-24 17:11:04 [compilation/decorators.py:153] Inferred dynamic dimensions for forward method of <class 'vllm.model_executor.models.llama.LlamaModel'>: ['input_ids', 'positions', 'intermediate_tensors', 'inputs_embeds']
(EngineCore_DP0 pid=2158) DEBUG 11-24 17:11:04 [compilation/decorators.py:153] Inferred dynamic dimensions for forward method of <class 'vllm.model_executor.models.llama_eagle3.LlamaModel'>: ['input_ids', 'positions', 'hidden_states']
(EngineCore_DP0 pid=2158) DEBUG 11-24 17:11:04 [compilation/decorators.py:153] Inferred dynamic dimensions for forward method of <class 'vllm.model_executor.models.llama.LlamaModel'>: ['input_ids', 'positions', 'intermediate_tensors', 'inputs_embeds']
(EngineCore_DP0 pid=2158) DEBUG 11-24 17:11:04 [compilation/decorators.py:153] Inferred dynamic dimensions for forward method of <class 'vllm.model_executor.models.llama_eagle3.LlamaModel'>: ['input_ids', 'positions', 'hidden_states']
(EngineCore_DP0 pid=2158) DEBUG 11-24 17:11:04 [compilation/decorators.py:153] Inferred dynamic dimensions for forward method of <class 'vllm.model_executor.models.llama.LlamaModel'>: ['input_ids', 'positions', 'intermediate_tensors', 'inputs_embeds']
(EngineCore_DP0 pid=2158) DEBUG 11-24 17:11:04 [compilation/decorators.py:153] Inferred dynamic dimensions for forward method of <class 'vllm.model_executor.models.llama_eagle3.LlamaModel'>: ['input_ids', 'positions', 'hidden_states']
(EngineCore_DP0 pid=2158) DEBUG 11-24 17:11:04 [compilation/decorators.py:153] Inferred dynamic dimensions for forward method of <class 'vllm.model_executor.models.llama.LlamaModel'>: ['input_ids', 'positions', 'intermediate_tensors', 'inputs_embeds']
(EngineCore_DP0 pid=2158) DEBUG 11-24 17:11:04 [compilation/decorators.py:153] Inferred dynamic dimensions for forward method of <class 'vllm.model_executor.models.llama_eagle3.LlamaModel'>: ['input_ids', 'positions', 'hidden_states']
(EngineCore_DP0 pid=2158) INFO 11-24 17:11:07 [worker/worker_base.py:595] Injected <class 'jax_inference_offloading.vllm.extension.VLLMWorkerExtension'> into <class 'vllm.v1.worker.gpu_worker.Worker'> for extended collective_rpc calls ['commit_staged_weights', 'create_transport', 'device_info', 'get_tp_sharding_specs', 'reset_stage', 'set_sharding', 'sync', 'update_weights', 'update_weights_grouped']
(EngineCore_DP0 pid=2158) DEBUG 11-24 17:11:07 [utils/__init__.py:3126] Methods determine_num_available_blocks,device_config,get_cache_block_size_bytes not implemented in <vllm.v1.worker.gpu_worker.Worker object at 0x7c790abafd70>
(EngineCore_DP0 pid=2158) DEBUG 11-24 17:11:07 [config/__init__.py:3769] enabled custom ops: Counter()
(EngineCore_DP0 pid=2158) DEBUG 11-24 17:11:07 [config/__init__.py:3771] disabled custom ops: Counter()
(EngineCore_DP0 pid=2158) DEBUG 11-24 17:11:07 [distributed/device_communicators/shm_broadcast.py:313] Connecting to ipc:///tmp/dffa39ee-e90e-44a5-a61b-80fbe288fdba
(EngineCore_DP0 pid=2158) DEBUG 11-24 17:11:07 [distributed/device_communicators/shm_broadcast.py:243] Binding to ipc:///tmp/c324b5e8-b720-4195-a5e0-1fe65974158e
(EngineCore_DP0 pid=2158) INFO 11-24 17:11:07 [distributed/device_communicators/shm_broadcast.py:289] vLLM message queue communication handle: Handle(local_reader_ranks=[0], buffer_handle=(1, 10485760, 10, 'psm_27a23eb1'), local_subscribe_addr='ipc:///tmp/c324b5e8-b720-4195-a5e0-1fe65974158e', remote_subscribe_addr=None, remote_addr_ipv6=False)
(EngineCore_DP0 pid=2158) INFO 11-24 17:11:07 [worker/worker_base.py:595] Injected <class 'jax_inference_offloading.vllm.extension.VLLMWorkerExtension'> into <class 'vllm.v1.worker.gpu_worker.Worker'> for extended collective_rpc calls ['commit_staged_weights', 'create_transport', 'device_info', 'get_tp_sharding_specs', 'reset_stage', 'set_sharding', 'sync', 'update_weights', 'update_weights_grouped']
(EngineCore_DP0 pid=2158) INFO 11-24 17:11:07 [worker/worker_base.py:595] Injected <class 'jax_inference_offloading.vllm.extension.VLLMWorkerExtension'> into <class 'vllm.v1.worker.gpu_worker.Worker'> for extended collective_rpc calls ['commit_staged_weights', 'create_transport', 'device_info', 'get_tp_sharding_specs', 'reset_stage', 'set_sharding', 'sync', 'update_weights', 'update_weights_grouped']
(EngineCore_DP0 pid=2158) DEBUG 11-24 17:11:07 [utils/__init__.py:3126] Methods determine_num_available_blocks,device_config,get_cache_block_size_bytes not implemented in <vllm.v1.worker.gpu_worker.Worker object at 0x7c790ac406b0>
(EngineCore_DP0 pid=2158) DEBUG 11-24 17:11:07 [config/__init__.py:3769] enabled custom ops: Counter()
(EngineCore_DP0 pid=2158) DEBUG 11-24 17:11:07 [config/__init__.py:3771] disabled custom ops: Counter()
(EngineCore_DP0 pid=2158) DEBUG 11-24 17:11:07 [utils/__init__.py:3126] Methods determine_num_available_blocks,device_config,get_cache_block_size_bytes not implemented in <vllm.v1.worker.gpu_worker.Worker object at 0x7c77cc9a6420>
(EngineCore_DP0 pid=2158) DEBUG 11-24 17:11:07 [config/__init__.py:3769] enabled custom ops: Counter()
(EngineCore_DP0 pid=2158) DEBUG 11-24 17:11:07 [config/__init__.py:3771] disabled custom ops: Counter()
(EngineCore_DP0 pid=2158) DEBUG 11-24 17:11:07 [distributed/device_communicators/shm_broadcast.py:313] Connecting to ipc:///tmp/dffa39ee-e90e-44a5-a61b-80fbe288fdba
(EngineCore_DP0 pid=2158) DEBUG 11-24 17:11:07 [distributed/device_communicators/shm_broadcast.py:243] Binding to ipc:///tmp/9b687ffb-83d0-4b4c-9132-0db1fa1862a5
(EngineCore_DP0 pid=2158) DEBUG 11-24 17:11:07 [distributed/device_communicators/shm_broadcast.py:313] Connecting to ipc:///tmp/dffa39ee-e90e-44a5-a61b-80fbe288fdba
(EngineCore_DP0 pid=2158) DEBUG 11-24 17:11:07 [distributed/device_communicators/shm_broadcast.py:243] Binding to ipc:///tmp/9de59ba1-60f3-4460-b113-4b99566e1f6d
(EngineCore_DP0 pid=2158) INFO 11-24 17:11:07 [distributed/device_communicators/shm_broadcast.py:289] vLLM message queue communication handle: Handle(local_reader_ranks=[0], buffer_handle=(1, 10485760, 10, 'psm_a48f90e9'), local_subscribe_addr='ipc:///tmp/9b687ffb-83d0-4b4c-9132-0db1fa1862a5', remote_subscribe_addr=None, remote_addr_ipv6=False)
(EngineCore_DP0 pid=2158) INFO 11-24 17:11:07 [distributed/device_communicators/shm_broadcast.py:289] vLLM message queue communication handle: Handle(local_reader_ranks=[0], buffer_handle=(1, 10485760, 10, 'psm_799a3720'), local_subscribe_addr='ipc:///tmp/9de59ba1-60f3-4460-b113-4b99566e1f6d', remote_subscribe_addr=None, remote_addr_ipv6=False)
(EngineCore_DP0 pid=2158) INFO 11-24 17:11:07 [worker/worker_base.py:595] Injected <class 'jax_inference_offloading.vllm.extension.VLLMWorkerExtension'> into <class 'vllm.v1.worker.gpu_worker.Worker'> for extended collective_rpc calls ['commit_staged_weights', 'create_transport', 'device_info', 'get_tp_sharding_specs', 'reset_stage', 'set_sharding', 'sync', 'update_weights', 'update_weights_grouped']
(EngineCore_DP0 pid=2158) DEBUG 11-24 17:11:07 [utils/__init__.py:3126] Methods determine_num_available_blocks,device_config,get_cache_block_size_bytes not implemented in <vllm.v1.worker.gpu_worker.Worker object at 0x7c77cc9a6510>
(EngineCore_DP0 pid=2158) DEBUG 11-24 17:11:07 [config/__init__.py:3769] enabled custom ops: Counter()
(EngineCore_DP0 pid=2158) DEBUG 11-24 17:11:07 [config/__init__.py:3771] disabled custom ops: Counter()
(EngineCore_DP0 pid=2158) DEBUG 11-24 17:11:07 [distributed/device_communicators/shm_broadcast.py:313] Connecting to ipc:///tmp/dffa39ee-e90e-44a5-a61b-80fbe288fdba
(EngineCore_DP0 pid=2158) DEBUG 11-24 17:11:07 [distributed/device_communicators/shm_broadcast.py:243] Binding to ipc:///tmp/8b4aa863-576b-4573-a181-be5ad3161068
(EngineCore_DP0 pid=2158) INFO 11-24 17:11:07 [distributed/device_communicators/shm_broadcast.py:289] vLLM message queue communication handle: Handle(local_reader_ranks=[0], buffer_handle=(1, 10485760, 10, 'psm_08e6483c'), local_subscribe_addr='ipc:///tmp/8b4aa863-576b-4573-a181-be5ad3161068', remote_subscribe_addr=None, remote_addr_ipv6=False)
(EngineCore_DP0 pid=2158) DEBUG 11-24 17:11:08 [distributed/parallel_state.py:988] world_size=4 rank=0 local_rank=0 distributed_init_method=tcp://127.0.0.1:50543 backend=nccl
(EngineCore_DP0 pid=2158) DEBUG 11-24 17:11:08 [distributed/parallel_state.py:988] world_size=4 rank=1 local_rank=1 distributed_init_method=tcp://127.0.0.1:50543 backend=nccl
(EngineCore_DP0 pid=2158) DEBUG 11-24 17:11:08 [distributed/parallel_state.py:988] world_size=4 rank=3 local_rank=3 distributed_init_method=tcp://127.0.0.1:50543 backend=nccl
[W1124 17:11:08.523626542 ProcessGroupNCCL.cpp:981] Warning: TORCH_NCCL_AVOID_RECORD_STREAMS is the default now, this environment variable is thus deprecated. (function operator())
[W1124 17:11:08.524158623 ProcessGroupNCCL.cpp:981] Warning: TORCH_NCCL_AVOID_RECORD_STREAMS is the default now, this environment variable is thus deprecated. (function operator())
(EngineCore_DP0 pid=2158) DEBUG 11-24 17:11:08 [distributed/parallel_state.py:988] world_size=4 rank=2 local_rank=2 distributed_init_method=tcp://127.0.0.1:50543 backend=nccl
[W1124 17:11:08.550192801 ProcessGroupNCCL.cpp:981] Warning: TORCH_NCCL_AVOID_RECORD_STREAMS is the default now, this environment variable is thus deprecated. (function operator())
[W1124 17:11:08.555133646 ProcessGroupNCCL.cpp:981] Warning: TORCH_NCCL_AVOID_RECORD_STREAMS is the default now, this environment variable is thus deprecated. (function operator())
[Gloo] Rank 1 is connected to 3 peer ranks. Expected number of connected peer ranks is : 3
[Gloo] Rank 3 is connected to 3 peer ranks. Expected number of connected peer ranks is : 3
[Gloo] Rank 0 is connected to 3 peer ranks. Expected number of connected peer ranks is : 3
[Gloo] Rank 2 is connected to 3 peer ranks. Expected number of connected peer ranks is : 3
(EngineCore_DP0 pid=2158) DEBUG 11-24 17:11:08 [distributed/parallel_state.py:1040] Detected 1 nodes in the distributed environment
(EngineCore_DP0 pid=2158) DEBUG 11-24 17:11:08 [distributed/parallel_state.py:1040] Detected 1 nodes in the distributed environment
(EngineCore_DP0 pid=2158) DEBUG 11-24 17:11:08 [distributed/parallel_state.py:1040] Detected 1 nodes in the distributed environment
(EngineCore_DP0 pid=2158) DEBUG 11-24 17:11:08 [distributed/parallel_state.py:1040] Detected 1 nodes in the distributed environment
[Gloo] Rank 3 is connected to 3 peer ranks. Expected number of connected peer ranks is : 3
[Gloo] Rank 2 is connected to 3 peer ranks. Expected number of connected peer ranks is : 3
[Gloo] Rank 0 is connected to 3 peer ranks. Expected number of connected peer ranks is : 3
[Gloo] Rank 1 is connected to 3 peer ranks. Expected number of connected peer ranks is : 3
(EngineCore_DP0 pid=2158) INFO 11-24 17:11:08 [utils/__init__.py:1433] Found nccl from library libnccl.so.2
(EngineCore_DP0 pid=2158) INFO 11-24 17:11:08 [utils/__init__.py:1433] Found nccl from library libnccl.so.2
(EngineCore_DP0 pid=2158) INFO 11-24 17:11:08 [utils/__init__.py:1433] Found nccl from library libnccl.so.2
(EngineCore_DP0 pid=2158) INFO 11-24 17:11:08 [utils/__init__.py:1433] Found nccl from library libnccl.so.2
(EngineCore_DP0 pid=2158) INFO 11-24 17:11:08 [distributed/device_communicators/pynccl.py:70] vLLM is using nccl==2.27.3
(EngineCore_DP0 pid=2158) INFO 11-24 17:11:08 [distributed/device_communicators/pynccl.py:70] vLLM is using nccl==2.27.3
(EngineCore_DP0 pid=2158) INFO 11-24 17:11:08 [distributed/device_communicators/pynccl.py:70] vLLM is using nccl==2.27.3
(EngineCore_DP0 pid=2158) INFO 11-24 17:11:08 [distributed/device_communicators/pynccl.py:70] vLLM is using nccl==2.27.3
jax-vllm-rollout:2164:2164 [0] NCCL INFO Bootstrap: Using eth0:10.4.0.5<0>
jax-vllm-rollout:2164:2164 [0] NCCL INFO cudaDriverVersion 12090
jax-vllm-rollout:2164:2164 [0] NCCL INFO NCCL version 2.27.3+cuda12.9
jax-vllm-rollout:2168:2168 [2] NCCL INFO cudaDriverVersion 12090
jax-vllm-rollout:2168:2168 [2] NCCL INFO Bootstrap: Using eth0:10.4.0.5<0>
jax-vllm-rollout:2168:2168 [2] NCCL INFO NCCL version 2.27.3+cuda12.9
jax-vllm-rollout:2166:2166 [1] NCCL INFO cudaDriverVersion 12090
jax-vllm-rollout:2166:2166 [1] NCCL INFO Bootstrap: Using eth0:10.4.0.5<0>
jax-vllm-rollout:2166:2166 [1] NCCL INFO NCCL version 2.27.3+cuda12.9
jax-vllm-rollout:2170:2170 [3] NCCL INFO cudaDriverVersion 12090
jax-vllm-rollout:2170:2170 [3] NCCL INFO Bootstrap: Using eth0:10.4.0.5<0>
jax-vllm-rollout:2170:2170 [3] NCCL INFO NCCL version 2.27.3+cuda12.9
DEBUG 11-24 17:11:08 [v1/engine/utils.py:773] Waiting for 1 local, 0 remote core engine proc(s) to start.
jax-vllm-rollout:2164:2164 [0] NCCL INFO NET/Plugin: Could not find: libnccl-net-/opt/hpcx/nccl_rdma_sharp_plugin/lib/libnccl-net.so.so.
jax-vllm-rollout:2164:2164 [0] NCCL INFO NET/IB : No device found.
jax-vllm-rollout:2164:2164 [0] NCCL INFO NET/IB : Using [RO]; OOB eth0:10.4.0.5<0>
jax-vllm-rollout:2164:2164 [0] NCCL INFO NET/Socket : Using [0]eth0:10.4.0.5<0>
jax-vllm-rollout:2164:2164 [0] NCCL INFO Initialized NET plugin Socket
jax-vllm-rollout:2164:2164 [0] NCCL INFO Assigned NET plugin Socket to comm
jax-vllm-rollout:2164:2164 [0] NCCL INFO Using network Socket
jax-vllm-rollout:2166:2166 [1] NCCL INFO NET/Plugin: Could not find: libnccl-net-/opt/hpcx/nccl_rdma_sharp_plugin/lib/libnccl-net.so.so.
jax-vllm-rollout:2166:2166 [1] NCCL INFO NET/IB : No device found.
jax-vllm-rollout:2166:2166 [1] NCCL INFO NET/IB : Using [RO]; OOB eth0:10.4.0.5<0>
jax-vllm-rollout:2166:2166 [1] NCCL INFO NET/Socket : Using [0]eth0:10.4.0.5<0>
jax-vllm-rollout:2166:2166 [1] NCCL INFO Initialized NET plugin Socket
jax-vllm-rollout:2166:2166 [1] NCCL INFO Assigned NET plugin Socket to comm
jax-vllm-rollout:2166:2166 [1] NCCL INFO Using network Socket
jax-vllm-rollout:2168:2168 [2] NCCL INFO NET/Plugin: Could not find: libnccl-net-/opt/hpcx/nccl_rdma_sharp_plugin/lib/libnccl-net.so.so.
jax-vllm-rollout:2168:2168 [2] NCCL INFO NET/IB : No device found.
jax-vllm-rollout:2168:2168 [2] NCCL INFO NET/IB : Using [RO]; OOB eth0:10.4.0.5<0>
jax-vllm-rollout:2168:2168 [2] NCCL INFO NET/Socket : Using [0]eth0:10.4.0.5<0>
jax-vllm-rollout:2168:2168 [2] NCCL INFO Initialized NET plugin Socket
jax-vllm-rollout:2168:2168 [2] NCCL INFO Assigned NET plugin Socket to comm
jax-vllm-rollout:2168:2168 [2] NCCL INFO Using network Socket
jax-vllm-rollout:2170:2170 [3] NCCL INFO NET/Plugin: Could not find: libnccl-net-/opt/hpcx/nccl_rdma_sharp_plugin/lib/libnccl-net.so.so.
jax-vllm-rollout:2170:2170 [3] NCCL INFO NET/IB : No device found.
jax-vllm-rollout:2170:2170 [3] NCCL INFO NET/IB : Using [RO]; OOB eth0:10.4.0.5<0>
jax-vllm-rollout:2170:2170 [3] NCCL INFO NET/Socket : Using [0]eth0:10.4.0.5<0>
jax-vllm-rollout:2170:2170 [3] NCCL INFO Initialized NET plugin Socket
jax-vllm-rollout:2170:2170 [3] NCCL INFO Assigned NET plugin Socket to comm
jax-vllm-rollout:2170:2170 [3] NCCL INFO Using network Socket
jax-vllm-rollout:2164:2164 [0] NCCL INFO ncclCommInitRank comm 0x4e6f43b0 rank 0 nranks 4 cudaDev 0 nvmlDev 0 busId 4000 commId 0x72e98f9983ec2866 - Init START
jax-vllm-rollout:2168:2168 [2] NCCL INFO ncclCommInitRank comm 0x4e6f2f60 rank 2 nranks 4 cudaDev 2 nvmlDev 2 busId b000 commId 0x72e98f9983ec2866 - Init START
jax-vllm-rollout:2166:2166 [1] NCCL INFO ncclCommInitRank comm 0x4e6f2ed0 rank 1 nranks 4 cudaDev 1 nvmlDev 1 busId 5000 commId 0x72e98f9983ec2866 - Init START
jax-vllm-rollout:2170:2170 [3] NCCL INFO ncclCommInitRank comm 0x4e6f30e0 rank 3 nranks 4 cudaDev 3 nvmlDev 3 busId c000 commId 0x72e98f9983ec2866 - Init START
jax-vllm-rollout:2166:2166 [1] NCCL INFO RAS client listening socket at ::1<28028>
jax-vllm-rollout:2170:2170 [3] NCCL INFO RAS client listening socket at ::1<28028>
jax-vllm-rollout:2168:2168 [2] NCCL INFO RAS client listening socket at ::1<28028>
jax-vllm-rollout:2164:2164 [0] NCCL INFO RAS client listening socket at ::1<28028>
jax-vllm-rollout:2164:2164 [0] NCCL INFO Bootstrap timings total 0.433700 (create 0.000038, send 0.000083, recv 0.433069, ring 0.000042, delay 0.000001)
jax-vllm-rollout:2166:2166 [1] NCCL INFO Bootstrap timings total 0.000722 (create 0.000032, send 0.000073, recv 0.000116, ring 0.000101, delay 0.000000)
jax-vllm-rollout:2168:2168 [2] NCCL INFO Bootstrap timings total 0.002573 (create 0.000041, send 0.000088, recv 0.002005, ring 0.000106, delay 0.000001)
jax-vllm-rollout:2170:2170 [3] NCCL INFO Bootstrap timings total 0.000680 (create 0.000032, send 0.000057, recv 0.000162, ring 0.000109, delay 0.000000)
jax-vllm-rollout:2168:2168 [2] NCCL INFO Setting affinity for GPU 2 to 0-51,104-155
jax-vllm-rollout:2170:2170 [3] NCCL INFO Setting affinity for GPU 3 to 0-51,104-155
jax-vllm-rollout:2168:2168 [2] NCCL INFO NVLS multicast support is available on dev 2 (NVLS_NCHANNELS 16)
jax-vllm-rollout:2164:2164 [0] NCCL INFO Setting affinity for GPU 0 to 0-51,104-155
jax-vllm-rollout:2164:2164 [0] NCCL INFO NVLS multicast support is available on dev 0 (NVLS_NCHANNELS 16)
jax-vllm-rollout:2170:2170 [3] NCCL INFO NVLS multicast support is available on dev 3 (NVLS_NCHANNELS 16)
jax-vllm-rollout:2166:2166 [1] NCCL INFO Setting affinity for GPU 1 to 0-51,104-155
jax-vllm-rollout:2166:2166 [1] NCCL INFO NVLS multicast support is available on dev 1 (NVLS_NCHANNELS 16)
jax-vllm-rollout:2166:2166 [1] NCCL INFO comm 0x4e6f2ed0 rank 1 nRanks 4 nNodes 1 localRanks 4 localRank 1 MNNVL 0
jax-vllm-rollout:2164:2164 [0] NCCL INFO comm 0x4e6f43b0 rank 0 nRanks 4 nNodes 1 localRanks 4 localRank 0 MNNVL 0
jax-vllm-rollout:2170:2170 [3] NCCL INFO comm 0x4e6f30e0 rank 3 nRanks 4 nNodes 1 localRanks 4 localRank 3 MNNVL 0
jax-vllm-rollout:2168:2168 [2] NCCL INFO comm 0x4e6f2f60 rank 2 nRanks 4 nNodes 1 localRanks 4 localRank 2 MNNVL 0
jax-vllm-rollout:2164:2164 [0] NCCL INFO Channel 00/24 : 0 1 2 3
jax-vllm-rollout:2164:2164 [0] NCCL INFO Channel 01/24 : 0 1 2 3
jax-vllm-rollout:2164:2164 [0] NCCL INFO Channel 02/24 : 0 1 2 3
jax-vllm-rollout:2166:2166 [1] NCCL INFO Trees [0] 2/-1/-1->1->0 [1] 2/-1/-1->1->0 [2] 2/-1/-1->1->0 [3] 2/-1/-1->1->0 [4] 2/-1/-1->1->0 [5] 2/-1/-1->1->0 [6] 2/-1/-1->1->0 [7] 2/-1/-1->1->0 [8] 2/-1/-1->1->0 [9] 2/-1/-1->1->0 [10] 2/-1/-1->1->0 [11] 2/-1/-1->1->0 [12] 2/-1/-1->1->0 [13] 2/-1/-1->1->0 [14] 2/-1/-1->1->0 [15] 2/-1/-1->1->0 [16] 2/-1/-1->1->0 [17] 2/-1/-1->1->0 [18] 2/-1/-1->1->0 [19] 2/-1/-1->1->0 [20] 2/-1/-1->1->0 [21] 2/-1/-1->1->0 [22] 2/-1/-1->1->0 [23] 2/-1/-1->1->0
jax-vllm-rollout:2164:2164 [0] NCCL INFO Channel 03/24 : 0 1 2 3
jax-vllm-rollout:2166:2166 [1] NCCL INFO P2P Chunksize set to 524288
jax-vllm-rollout:2164:2164 [0] NCCL INFO Channel 04/24 : 0 1 2 3
jax-vllm-rollout:2168:2168 [2] NCCL INFO Trees [0] 3/-1/-1->2->1 [1] 3/-1/-1->2->1 [2] 3/-1/-1->2->1 [3] 3/-1/-1->2->1 [4] 3/-1/-1->2->1 [5] 3/-1/-1->2->1 [6] 3/-1/-1->2->1 [7] 3/-1/-1->2->1 [8] 3/-1/-1->2->1 [9] 3/-1/-1->2->1 [10] 3/-1/-1->2->1 [11] 3/-1/-1->2->1 [12] 3/-1/-1->2->1 [13] 3/-1/-1->2->1 [14] 3/-1/-1->2->1 [15] 3/-1/-1->2->1 [16] 3/-1/-1->2->1 [17] 3/-1/-1->2->1 [18] 3/-1/-1->2->1 [19] 3/-1/-1->2->1 [20] 3/-1/-1->2->1 [21] 3/-1/-1->2->1 [22] 3/-1/-1->2->1 [23] 3/-1/-1->2->1
jax-vllm-rollout:2170:2170 [3] NCCL INFO Trees [0] -1/-1/-1->3->2 [1] -1/-1/-1->3->2 [2] -1/-1/-1->3->2 [3] -1/-1/-1->3->2 [4] -1/-1/-1->3->2 [5] -1/-1/-1->3->2 [6] -1/-1/-1->3->2 [7] -1/-1/-1->3->2 [8] -1/-1/-1->3->2 [9] -1/-1/-1->3->2 [10] -1/-1/-1->3->2 [11] -1/-1/-1->3->2 [12] -1/-1/-1->3->2 [13] -1/-1/-1->3->2 [14] -1/-1/-1->3->2 [15] -1/-1/-1->3->2 [16] -1/-1/-1->3->2 [17] -1/-1/-1->3->2 [18] -1/-1/-1->3->2 [19] -1/-1/-1->3->2 [20] -1/-1/-1->3->2 [21] -1/-1/-1->3->2 [22] -1/-1/-1->3->2 [23] -1/-1/-1->3->2
jax-vllm-rollout:2164:2164 [0] NCCL INFO Channel 05/24 : 0 1 2 3
jax-vllm-rollout:2168:2168 [2] NCCL INFO P2P Chunksize set to 524288
jax-vllm-rollout:2170:2170 [3] NCCL INFO P2P Chunksize set to 524288
jax-vllm-rollout:2164:2164 [0] NCCL INFO Channel 06/24 : 0 1 2 3
jax-vllm-rollout:2164:2164 [0] NCCL INFO Channel 07/24 : 0 1 2 3
jax-vllm-rollout:2164:2164 [0] NCCL INFO Channel 08/24 : 0 1 2 3
jax-vllm-rollout:2164:2164 [0] NCCL INFO Channel 09/24 : 0 1 2 3
jax-vllm-rollout:2164:2164 [0] NCCL INFO Channel 10/24 : 0 1 2 3
jax-vllm-rollout:2164:2164 [0] NCCL INFO Channel 11/24 : 0 1 2 3
jax-vllm-rollout:2164:2164 [0] NCCL INFO Channel 12/24 : 0 1 2 3
jax-vllm-rollout:2164:2164 [0] NCCL INFO Channel 13/24 : 0 1 2 3
jax-vllm-rollout:2164:2164 [0] NCCL INFO Channel 14/24 : 0 1 2 3
jax-vllm-rollout:2164:2164 [0] NCCL INFO Channel 15/24 : 0 1 2 3
jax-vllm-rollout:2164:2164 [0] NCCL INFO Channel 16/24 : 0 1 2 3
jax-vllm-rollout:2164:2164 [0] NCCL INFO Channel 17/24 : 0 1 2 3
jax-vllm-rollout:2164:2164 [0] NCCL INFO Channel 18/24 : 0 1 2 3
jax-vllm-rollout:2164:2164 [0] NCCL INFO Channel 19/24 : 0 1 2 3
jax-vllm-rollout:2164:2164 [0] NCCL INFO Channel 20/24 : 0 1 2 3
jax-vllm-rollout:2164:2164 [0] NCCL INFO Channel 21/24 : 0 1 2 3
jax-vllm-rollout:2164:2164 [0] NCCL INFO Channel 22/24 : 0 1 2 3
jax-vllm-rollout:2164:2164 [0] NCCL INFO Channel 23/24 : 0 1 2 3
jax-vllm-rollout:2164:2164 [0] NCCL INFO Trees [0] 1/-1/-1->0->-1 [1] 1/-1/-1->0->-1 [2] 1/-1/-1->0->-1 [3] 1/-1/-1->0->-1 [4] 1/-1/-1->0->-1 [5] 1/-1/-1->0->-1 [6] 1/-1/-1->0->-1 [7] 1/-1/-1->0->-1 [8] 1/-1/-1->0->-1 [9] 1/-1/-1->0->-1 [10] 1/-1/-1->0->-1 [11] 1/-1/-1->0->-1 [12] 1/-1/-1->0->-1 [13] 1/-1/-1->0->-1 [14] 1/-1/-1->0->-1 [15] 1/-1/-1->0->-1 [16] 1/-1/-1->0->-1 [17] 1/-1/-1->0->-1 [18] 1/-1/-1->0->-1 [19] 1/-1/-1->0->-1 [20] 1/-1/-1->0->-1 [21] 1/-1/-1->0->-1 [22] 1/-1/-1->0->-1 [23] 1/-1/-1->0->-1
jax-vllm-rollout:2164:2164 [0] NCCL INFO P2P Chunksize set to 524288
jax-vllm-rollout:2166:2166 [1] NCCL INFO PROFILER/Plugin: Could not find: libnccl-profiler.so.
jax-vllm-rollout:2170:2170 [3] NCCL INFO PROFILER/Plugin: Could not find: libnccl-profiler.so.
jax-vllm-rollout:2168:2168 [2] NCCL INFO PROFILER/Plugin: Could not find: libnccl-profiler.so.
jax-vllm-rollout:2164:2164 [0] NCCL INFO PROFILER/Plugin: Could not find: libnccl-profiler.so.
jax-vllm-rollout:2164:2164 [0] NCCL INFO Check P2P Type isAllDirectP2p 1 directMode 0
jax-vllm-rollout:2166:2250 [1] NCCL INFO [Proxy Service] Device 1 CPU core 106
jax-vllm-rollout:2166:2251 [1] NCCL INFO [Proxy Service UDS] Device 1 CPU core 107
jax-vllm-rollout:2164:2254 [0] NCCL INFO [Proxy Service] Device 0 CPU core 46
jax-vllm-rollout:2168:2252 [2] NCCL INFO [Proxy Service] Device 2 CPU core 108
jax-vllm-rollout:2164:2257 [0] NCCL INFO [Proxy Service UDS] Device 0 CPU core 152
jax-vllm-rollout:2170:2256 [3] NCCL INFO [Proxy Service UDS] Device 3 CPU core 6
jax-vllm-rollout:2170:2253 [3] NCCL INFO [Proxy Service] Device 3 CPU core 108
jax-vllm-rollout:2168:2255 [2] NCCL INFO [Proxy Service UDS] Device 2 CPU core 6
jax-vllm-rollout:2166:2166 [1] NCCL INFO threadThresholds 8/8/64 | 32/8/64 | 512 | 512
jax-vllm-rollout:2166:2166 [1] NCCL INFO 24 coll channels, 24 collnet channels, 16 nvls channels, 32 p2p channels, 32 p2p channels per peer
jax-vllm-rollout:2164:2164 [0] NCCL INFO threadThresholds 8/8/64 | 32/8/64 | 512 | 512
jax-vllm-rollout:2164:2164 [0] NCCL INFO 24 coll channels, 24 collnet channels, 16 nvls channels, 32 p2p channels, 32 p2p channels per peer
jax-vllm-rollout:2170:2170 [3] NCCL INFO threadThresholds 8/8/64 | 32/8/64 | 512 | 512
jax-vllm-rollout:2168:2168 [2] NCCL INFO threadThresholds 8/8/64 | 32/8/64 | 512 | 512
jax-vllm-rollout:2168:2168 [2] NCCL INFO 24 coll channels, 24 collnet channels, 16 nvls channels, 32 p2p channels, 32 p2p channels per peer
jax-vllm-rollout:2170:2170 [3] NCCL INFO 24 coll channels, 24 collnet channels, 16 nvls channels, 32 p2p channels, 32 p2p channels per peer
jax-vllm-rollout:2164:2164 [0] NCCL INFO CC Off, workFifoBytes 1048576
jax-vllm-rollout:2166:2166 [1] NCCL INFO TUNER/Plugin: Could not find: libnccl-tuner-none.so. Using internal tuner plugin.
jax-vllm-rollout:2170:2170 [3] NCCL INFO TUNER/Plugin: Could not find: libnccl-tuner-none.so. Using internal tuner plugin.
jax-vllm-rollout:2168:2168 [2] NCCL INFO TUNER/Plugin: Could not find: libnccl-tuner-none.so. Using internal tuner plugin.
jax-vllm-rollout:2166:2166 [1] NCCL INFO ncclCommInitRank comm 0x4e6f2ed0 rank 1 nranks 4 cudaDev 1 nvmlDev 1 busId 5000 commId 0x72e98f9983ec2866 - Init COMPLETE
jax-vllm-rollout:2170:2170 [3] NCCL INFO ncclCommInitRank comm 0x4e6f30e0 rank 3 nranks 4 cudaDev 3 nvmlDev 3 busId c000 commId 0x72e98f9983ec2866 - Init COMPLETE
jax-vllm-rollout:2168:2168 [2] NCCL INFO ncclCommInitRank comm 0x4e6f2f60 rank 2 nranks 4 cudaDev 2 nvmlDev 2 busId b000 commId 0x72e98f9983ec2866 - Init COMPLETE
jax-vllm-rollout:2164:2164 [0] NCCL INFO TUNER/Plugin: Could not find: libnccl-tuner-none.so. Using internal tuner plugin.
jax-vllm-rollout:2166:2166 [1] NCCL INFO Init timings - ncclCommInitRank: rank 1 nranks 4 total 1.47 (kernels 0.30, alloc 0.75, bootstrap 0.00, allgathers 0.01, topo 0.27, graphs 0.01, connections 0.12, rest 0.01)
jax-vllm-rollout:2170:2170 [3] NCCL INFO Init timings - ncclCommInitRank: rank 3 nranks 4 total 1.46 (kernels 0.36, alloc 0.69, bootstrap 0.00, allgathers 0.00, topo 0.27, graphs 0.01, connections 0.12, rest 0.01)
jax-vllm-rollout:2164:2164 [0] NCCL INFO ncclCommInitRank comm 0x4e6f43b0 rank 0 nranks 4 cudaDev 0 nvmlDev 0 busId 4000 commId 0x72e98f9983ec2866 - Init COMPLETE
jax-vllm-rollout:2168:2168 [2] NCCL INFO Init timings - ncclCommInitRank: rank 2 nranks 4 total 1.47 (kernels 0.32, alloc 0.74, bootstrap 0.00, allgathers 0.00, topo 0.27, graphs 0.01, connections 0.12, rest 0.01)
jax-vllm-rollout:2164:2164 [0] NCCL INFO Init timings - ncclCommInitRank: rank 0 nranks 4 total 1.50 (kernels 0.23, alloc 0.42, bootstrap 0.43, allgathers 0.01, topo 0.27, graphs 0.01, connections 0.12, rest 0.01)
jax-vllm-rollout:2166:2259 [1] NCCL INFO Channel 00/0 : 1[1] -> 2[2] via P2P/CUMEM
jax-vllm-rollout:2164:2258 [0] NCCL INFO Channel 00/0 : 0[0] -> 1[1] via P2P/CUMEM
jax-vllm-rollout:2166:2259 [1] NCCL INFO Channel 01/0 : 1[1] -> 2[2] via P2P/CUMEM
jax-vllm-rollout:2164:2258 [0] NCCL INFO Channel 01/0 : 0[0] -> 1[1] via P2P/CUMEM
jax-vllm-rollout:2166:2259 [1] NCCL INFO Channel 02/0 : 1[1] -> 2[2] via P2P/CUMEM
jax-vllm-rollout:2164:2258 [0] NCCL INFO Channel 02/0 : 0[0] -> 1[1] via P2P/CUMEM
jax-vllm-rollout:2170:2261 [3] NCCL INFO Channel 00/0 : 3[3] -> 0[0] via P2P/CUMEM
jax-vllm-rollout:2168:2260 [2] NCCL INFO Channel 00/0 : 2[2] -> 3[3] via P2P/CUMEM
jax-vllm-rollout:2166:2259 [1] NCCL INFO Channel 03/0 : 1[1] -> 2[2] via P2P/CUMEM
jax-vllm-rollout:2164:2258 [0] NCCL INFO Channel 03/0 : 0[0] -> 1[1] via P2P/CUMEM
jax-vllm-rollout:2170:2261 [3] NCCL INFO Channel 01/0 : 3[3] -> 0[0] via P2P/CUMEM
jax-vllm-rollout:2168:2260 [2] NCCL INFO Channel 01/0 : 2[2] -> 3[3] via P2P/CUMEM
jax-vllm-rollout:2166:2259 [1] NCCL INFO Channel 04/0 : 1[1] -> 2[2] via P2P/CUMEM
jax-vllm-rollout:2164:2258 [0] NCCL INFO Channel 04/0 : 0[0] -> 1[1] via P2P/CUMEM
jax-vllm-rollout:2170:2261 [3] NCCL INFO Channel 02/0 : 3[3] -> 0[0] via P2P/CUMEM
jax-vllm-rollout:2168:2260 [2] NCCL INFO Channel 02/0 : 2[2] -> 3[3] via P2P/CUMEM
jax-vllm-rollout:2166:2259 [1] NCCL INFO Channel 05/0 : 1[1] -> 2[2] via P2P/CUMEM
jax-vllm-rollout:2164:2258 [0] NCCL INFO Channel 05/0 : 0[0] -> 1[1] via P2P/CUMEM
jax-vllm-rollout:2170:2261 [3] NCCL INFO Channel 03/0 : 3[3] -> 0[0] via P2P/CUMEM
jax-vllm-rollout:2168:2260 [2] NCCL INFO Channel 03/0 : 2[2] -> 3[3] via P2P/CUMEM
jax-vllm-rollout:2166:2259 [1] NCCL INFO Channel 06/0 : 1[1] -> 2[2] via P2P/CUMEM
jax-vllm-rollout:2164:2258 [0] NCCL INFO Channel 06/0 : 0[0] -> 1[1] via P2P/CUMEM
jax-vllm-rollout:2170:2261 [3] NCCL INFO Channel 04/0 : 3[3] -> 0[0] via P2P/CUMEM
jax-vllm-rollout:2168:2260 [2] NCCL INFO Channel 04/0 : 2[2] -> 3[3] via P2P/CUMEM
jax-vllm-rollout:2166:2259 [1] NCCL INFO Channel 07/0 : 1[1] -> 2[2] via P2P/CUMEM
jax-vllm-rollout:2164:2258 [0] NCCL INFO Channel 07/0 : 0[0] -> 1[1] via P2P/CUMEM
jax-vllm-rollout:2170:2261 [3] NCCL INFO Channel 05/0 : 3[3] -> 0[0] via P2P/CUMEM
jax-vllm-rollout:2168:2260 [2] NCCL INFO Channel 05/0 : 2[2] -> 3[3] via P2P/CUMEM
jax-vllm-rollout:2166:2259 [1] NCCL INFO Channel 08/0 : 1[1] -> 2[2] via P2P/CUMEM
jax-vllm-rollout:2164:2258 [0] NCCL INFO Channel 08/0 : 0[0] -> 1[1] via P2P/CUMEM
jax-vllm-rollout:2170:2261 [3] NCCL INFO Channel 06/0 : 3[3] -> 0[0] via P2P/CUMEM
jax-vllm-rollout:2168:2260 [2] NCCL INFO Channel 06/0 : 2[2] -> 3[3] via P2P/CUMEM
jax-vllm-rollout:2166:2259 [1] NCCL INFO Channel 09/0 : 1[1] -> 2[2] via P2P/CUMEM
jax-vllm-rollout:2164:2258 [0] NCCL INFO Channel 09/0 : 0[0] -> 1[1] via P2P/CUMEM
jax-vllm-rollout:2170:2261 [3] NCCL INFO Channel 07/0 : 3[3] -> 0[0] via P2P/CUMEM
jax-vllm-rollout:2168:2260 [2] NCCL INFO Channel 07/0 : 2[2] -> 3[3] via P2P/CUMEM
jax-vllm-rollout:2166:2259 [1] NCCL INFO Channel 10/0 : 1[1] -> 2[2] via P2P/CUMEM
jax-vllm-rollout:2164:2258 [0] NCCL INFO Channel 10/0 : 0[0] -> 1[1] via P2P/CUMEM
jax-vllm-rollout:2170:2261 [3] NCCL INFO Channel 08/0 : 3[3] -> 0[0] via P2P/CUMEM
jax-vllm-rollout:2168:2260 [2] NCCL INFO Channel 08/0 : 2[2] -> 3[3] via P2P/CUMEM
jax-vllm-rollout:2166:2259 [1] NCCL INFO Channel 11/0 : 1[1] -> 2[2] via P2P/CUMEM
jax-vllm-rollout:2164:2258 [0] NCCL INFO Channel 11/0 : 0[0] -> 1[1] via P2P/CUMEM
jax-vllm-rollout:2170:2261 [3] NCCL INFO Channel 09/0 : 3[3] -> 0[0] via P2P/CUMEM
jax-vllm-rollout:2168:2260 [2] NCCL INFO Channel 09/0 : 2[2] -> 3[3] via P2P/CUMEM
jax-vllm-rollout:2166:2259 [1] NCCL INFO Channel 12/0 : 1[1] -> 2[2] via P2P/CUMEM
jax-vllm-rollout:2164:2258 [0] NCCL INFO Channel 12/0 : 0[0] -> 1[1] via P2P/CUMEM
jax-vllm-rollout:2170:2261 [3] NCCL INFO Channel 10/0 : 3[3] -> 0[0] via P2P/CUMEM
jax-vllm-rollout:2168:2260 [2] NCCL INFO Channel 10/0 : 2[2] -> 3[3] via P2P/CUMEM
jax-vllm-rollout:2166:2259 [1] NCCL INFO Channel 13/0 : 1[1] -> 2[2] via P2P/CUMEM
jax-vllm-rollout:2164:2258 [0] NCCL INFO Channel 13/0 : 0[0] -> 1[1] via P2P/CUMEM
jax-vllm-rollout:2170:2261 [3] NCCL INFO Channel 11/0 : 3[3] -> 0[0] via P2P/CUMEM
jax-vllm-rollout:2168:2260 [2] NCCL INFO Channel 11/0 : 2[2] -> 3[3] via P2P/CUMEM
jax-vllm-rollout:2166:2259 [1] NCCL INFO Channel 14/0 : 1[1] -> 2[2] via P2P/CUMEM
jax-vllm-rollout:2164:2258 [0] NCCL INFO Channel 14/0 : 0[0] -> 1[1] via P2P/CUMEM
jax-vllm-rollout:2170:2261 [3] NCCL INFO Channel 12/0 : 3[3] -> 0[0] via P2P/CUMEM
jax-vllm-rollout:2168:2260 [2] NCCL INFO Channel 12/0 : 2[2] -> 3[3] via P2P/CUMEM
jax-vllm-rollout:2166:2259 [1] NCCL INFO Channel 15/0 : 1[1] -> 2[2] via P2P/CUMEM
jax-vllm-rollout:2164:2258 [0] NCCL INFO Channel 15/0 : 0[0] -> 1[1] via P2P/CUMEM
jax-vllm-rollout:2170:2261 [3] NCCL INFO Channel 13/0 : 3[3] -> 0[0] via P2P/CUMEM
jax-vllm-rollout:2168:2260 [2] NCCL INFO Channel 13/0 : 2[2] -> 3[3] via P2P/CUMEM
jax-vllm-rollout:2166:2259 [1] NCCL INFO Channel 16/0 : 1[1] -> 2[2] via P2P/CUMEM
jax-vllm-rollout:2164:2258 [0] NCCL INFO Channel 16/0 : 0[0] -> 1[1] via P2P/CUMEM
jax-vllm-rollout:2170:2261 [3] NCCL INFO Channel 14/0 : 3[3] -> 0[0] via P2P/CUMEM
jax-vllm-rollout:2168:2260 [2] NCCL INFO Channel 14/0 : 2[2] -> 3[3] via P2P/CUMEM
jax-vllm-rollout:2164:2258 [0] NCCL INFO Channel 17/0 : 0[0] -> 1[1] via P2P/CUMEM
jax-vllm-rollout:2166:2259 [1] NCCL INFO Channel 17/0 : 1[1] -> 2[2] via P2P/CUMEM
jax-vllm-rollout:2170:2261 [3] NCCL INFO Channel 15/0 : 3[3] -> 0[0] via P2P/CUMEM
jax-vllm-rollout:2164:2258 [0] NCCL INFO Channel 18/0 : 0[0] -> 1[1] via P2P/CUMEM
jax-vllm-rollout:2168:2260 [2] NCCL INFO Channel 15/0 : 2[2] -> 3[3] via P2P/CUMEM
jax-vllm-rollout:2166:2259 [1] NCCL INFO Channel 18/0 : 1[1] -> 2[2] via P2P/CUMEM
jax-vllm-rollout:2170:2261 [3] NCCL INFO Channel 16/0 : 3[3] -> 0[0] via P2P/CUMEM
jax-vllm-rollout:2164:2258 [0] NCCL INFO Channel 19/0 : 0[0] -> 1[1] via P2P/CUMEM
jax-vllm-rollout:2168:2260 [2] NCCL INFO Channel 16/0 : 2[2] -> 3[3] via P2P/CUMEM
jax-vllm-rollout:2166:2259 [1] NCCL INFO Channel 19/0 : 1[1] -> 2[2] via P2P/CUMEM
jax-vllm-rollout:2170:2261 [3] NCCL INFO Channel 17/0 : 3[3] -> 0[0] via P2P/CUMEM
jax-vllm-rollout:2164:2258 [0] NCCL INFO Channel 20/0 : 0[0] -> 1[1] via P2P/CUMEM
jax-vllm-rollout:2168:2260 [2] NCCL INFO Channel 17/0 : 2[2] -> 3[3] via P2P/CUMEM
jax-vllm-rollout:2166:2259 [1] NCCL INFO Channel 20/0 : 1[1] -> 2[2] via P2P/CUMEM
jax-vllm-rollout:2170:2261 [3] NCCL INFO Channel 18/0 : 3[3] -> 0[0] via P2P/CUMEM
jax-vllm-rollout:2164:2258 [0] NCCL INFO Channel 21/0 : 0[0] -> 1[1] via P2P/CUMEM
jax-vllm-rollout:2168:2260 [2] NCCL INFO Channel 18/0 : 2[2] -> 3[3] via P2P/CUMEM
jax-vllm-rollout:2166:2259 [1] NCCL INFO Channel 21/0 : 1[1] -> 2[2] via P2P/CUMEM
jax-vllm-rollout:2170:2261 [3] NCCL INFO Channel 19/0 : 3[3] -> 0[0] via P2P/CUMEM
jax-vllm-rollout:2164:2258 [0] NCCL INFO Channel 22/0 : 0[0] -> 1[1] via P2P/CUMEM
jax-vllm-rollout:2168:2260 [2] NCCL INFO Channel 19/0 : 2[2] -> 3[3] via P2P/CUMEM
jax-vllm-rollout:2166:2259 [1] NCCL INFO Channel 22/0 : 1[1] -> 2[2] via P2P/CUMEM
jax-vllm-rollout:2170:2261 [3] NCCL INFO Channel 20/0 : 3[3] -> 0[0] via P2P/CUMEM
jax-vllm-rollout:2164:2258 [0] NCCL INFO Channel 23/0 : 0[0] -> 1[1] via P2P/CUMEM
jax-vllm-rollout:2168:2260 [2] NCCL INFO Channel 20/0 : 2[2] -> 3[3] via P2P/CUMEM
jax-vllm-rollout:2166:2259 [1] NCCL INFO Channel 23/0 : 1[1] -> 2[2] via P2P/CUMEM
jax-vllm-rollout:2170:2261 [3] NCCL INFO Channel 21/0 : 3[3] -> 0[0] via P2P/CUMEM
jax-vllm-rollout:2168:2260 [2] NCCL INFO Channel 21/0 : 2[2] -> 3[3] via P2P/CUMEM
jax-vllm-rollout:2170:2261 [3] NCCL INFO Channel 22/0 : 3[3] -> 0[0] via P2P/CUMEM
jax-vllm-rollout:2168:2260 [2] NCCL INFO Channel 22/0 : 2[2] -> 3[3] via P2P/CUMEM
jax-vllm-rollout:2170:2261 [3] NCCL INFO Channel 23/0 : 3[3] -> 0[0] via P2P/CUMEM
jax-vllm-rollout:2168:2260 [2] NCCL INFO Channel 23/0 : 2[2] -> 3[3] via P2P/CUMEM
jax-vllm-rollout:2164:2258 [0] NCCL INFO Connected all rings, use ring PXN 0 GDR 1
jax-vllm-rollout:2168:2260 [2] NCCL INFO Connected all rings, use ring PXN 0 GDR 1
jax-vllm-rollout:2166:2259 [1] NCCL INFO Connected all rings, use ring PXN 0 GDR 1
jax-vllm-rollout:2170:2261 [3] NCCL INFO Connected all rings, use ring PXN 0 GDR 1
(EngineCore_DP0 pid=2158) INFO 11-24 17:11:10 [distributed/device_communicators/custom_all_reduce.py:35] Skipping P2P check and trusting the driver's P2P report.
(EngineCore_DP0 pid=2158) INFO 11-24 17:11:10 [distributed/device_communicators/custom_all_reduce.py:35] Skipping P2P check and trusting the driver's P2P report.
(EngineCore_DP0 pid=2158) INFO 11-24 17:11:10 [distributed/device_communicators/custom_all_reduce.py:35] Skipping P2P check and trusting the driver's P2P report.
(EngineCore_DP0 pid=2158) INFO 11-24 17:11:10 [distributed/device_communicators/custom_all_reduce.py:35] Skipping P2P check and trusting the driver's P2P report.
(EngineCore_DP0 pid=2158) DEBUG 11-24 17:11:10 [distributed/device_communicators/shm_broadcast.py:243] Binding to ipc:///tmp/64bfef7a-dc90-4042-bffe-6808aa416ebd
(EngineCore_DP0 pid=2158) INFO 11-24 17:11:10 [distributed/device_communicators/shm_broadcast.py:289] vLLM message queue communication handle: Handle(local_reader_ranks=[1, 2, 3], buffer_handle=(3, 4194304, 6, 'psm_8deff4ad'), local_subscribe_addr='ipc:///tmp/64bfef7a-dc90-4042-bffe-6808aa416ebd', remote_subscribe_addr=None, remote_addr_ipv6=False)
(EngineCore_DP0 pid=2158) DEBUG 11-24 17:11:10 [distributed/device_communicators/shm_broadcast.py:313] Connecting to ipc:///tmp/64bfef7a-dc90-4042-bffe-6808aa416ebd
(EngineCore_DP0 pid=2158) DEBUG 11-24 17:11:10 [distributed/device_communicators/shm_broadcast.py:313] Connecting to ipc:///tmp/64bfef7a-dc90-4042-bffe-6808aa416ebd
(EngineCore_DP0 pid=2158) DEBUG 11-24 17:11:10 [distributed/device_communicators/shm_broadcast.py:313] Connecting to ipc:///tmp/64bfef7a-dc90-4042-bffe-6808aa416ebd
[Gloo] Rank 0 is connected to 0 peer ranks. Expected number of connected peer ranks is : 0
[Gloo] Rank 0 is connected to 0 peer ranks. Expected number of connected peer ranks is : 0
[Gloo] Rank 0 is connected to 0 peer ranks. Expected number of connected peer ranks is : 0
[Gloo] Rank 0 is connected to 0 peer ranks. Expected number of connected peer ranks is : 0
[Gloo] Rank 0 is connected to 0 peer ranks. Expected number of connected peer ranks is : 0
[Gloo] Rank 0 is connected to 0 peer ranks. Expected number of connected peer ranks is : 0
[Gloo] Rank 0 is connected to 0 peer ranks. Expected number of connected peer ranks is : 0
[Gloo] Rank 0 is connected to 0 peer ranks. Expected number of connected peer ranks is : 0
[Gloo] Rank 0 is connected to 0 peer ranks. Expected number of connected peer ranks is : 0
[Gloo] Rank 0 is connected to 0 peer ranks. Expected number of connected peer ranks is : 0
[Gloo] Rank 0 is connected to 0 peer ranks. Expected number of connected peer ranks is : 0
[Gloo] Rank 0 is connected to 0 peer ranks. Expected number of connected peer ranks is : 0
[Gloo] Rank 3 is connected to 3 peer ranks. Expected number of connected peer ranks is : 3
[Gloo] Rank 1 is connected to 3 peer ranks. Expected number of connected peer ranks is : 3
[Gloo] Rank 2 is connected to 3 peer ranks. Expected number of connected peer ranks is : 3
[Gloo] Rank 0 is connected to 3 peer ranks. Expected number of connected peer ranks is : 3
(EngineCore_DP0 pid=2158) INFO 11-24 17:11:10 [distributed/parallel_state.py:1165] rank 3 in world size 4 is assigned as DP rank 0, PP rank 0, TP rank 3, EP rank 3
(EngineCore_DP0 pid=2158) INFO 11-24 17:11:10 [distributed/parallel_state.py:1165] rank 1 in world size 4 is assigned as DP rank 0, PP rank 0, TP rank 1, EP rank 1
(EngineCore_DP0 pid=2158) INFO 11-24 17:11:10 [distributed/parallel_state.py:1165] rank 2 in world size 4 is assigned as DP rank 0, PP rank 0, TP rank 2, EP rank 2
(EngineCore_DP0 pid=2158) INFO 11-24 17:11:10 [distributed/parallel_state.py:1165] rank 0 in world size 4 is assigned as DP rank 0, PP rank 0, TP rank 0, EP rank 0
(EngineCore_DP0 pid=2158) INFO 11-24 17:11:10 [v1/sample/ops/topk_topp_sampler.py:58] Using FlashInfer for top-p & top-k sampling.
(EngineCore_DP0 pid=2158) INFO 11-24 17:11:10 [v1/sample/ops/topk_topp_sampler.py:58] Using FlashInfer for top-p & top-k sampling.
(EngineCore_DP0 pid=2158) INFO 11-24 17:11:10 [v1/sample/ops/topk_topp_sampler.py:58] Using FlashInfer for top-p & top-k sampling.
(EngineCore_DP0 pid=2158) INFO 11-24 17:11:10 [v1/sample/ops/topk_topp_sampler.py:58] Using FlashInfer for top-p & top-k sampling.
(EngineCore_DP0 pid=2158) DEBUG 11-24 17:11:10 [v1/sample/logits_processor/__init__.py:57] No logitsprocs plugins installed (group vllm.logits_processors).
(EngineCore_DP0 pid=2158) DEBUG 11-24 17:11:10 [v1/sample/logits_processor/__init__.py:57] No logitsprocs plugins installed (group vllm.logits_processors).
(EngineCore_DP0 pid=2158) DEBUG 11-24 17:11:10 [v1/sample/logits_processor/__init__.py:57] No logitsprocs plugins installed (group vllm.logits_processors).
(EngineCore_DP0 pid=2158) DEBUG 11-24 17:11:10 [v1/sample/logits_processor/__init__.py:57] No logitsprocs plugins installed (group vllm.logits_processors).
(EngineCore_DP0 pid=2158) DEBUG 11-24 17:11:10 [config/__init__.py:3769] enabled custom ops: Counter()
(EngineCore_DP0 pid=2158) DEBUG 11-24 17:11:10 [config/__init__.py:3771] disabled custom ops: Counter()
(EngineCore_DP0 pid=2158) DEBUG 11-24 17:11:10 [config/__init__.py:3769] enabled custom ops: Counter()
(EngineCore_DP0 pid=2158) DEBUG 11-24 17:11:10 [config/__init__.py:3769] enabled custom ops: Counter()
(EngineCore_DP0 pid=2158) DEBUG 11-24 17:11:10 [config/__init__.py:3771] disabled custom ops: Counter()
(EngineCore_DP0 pid=2158) DEBUG 11-24 17:11:10 [config/__init__.py:3771] disabled custom ops: Counter()
