Capturing CUDA graphs (mixed prefill-decode, PIECEWISE):  55%|                                                           | 37/67 [00:17<00:13,  2.19it/s](EngineCore_DP0 pid=2158) (Worker_TP3 pid=2170) DEBUG 11-24 17:31:12 [compilation/cuda_graph.py:134] Capturing a cudagraph on (PIECEWISE,BatchDescriptor(num_tokens=200, uniform_decode=False))
(EngineCore_DP0 pid=2158) (Worker_TP0 pid=2164) DEBUG 11-24 17:31:12 [compilation/cuda_graph.py:134] Capturing a cudagraph on (PIECEWISE,BatchDescriptor(num_tokens=216, uniform_decode=False))
(EngineCore_DP0 pid=2158) (Worker_TP1 pid=2166) DEBUG 11-24 17:31:12 [compilation/cuda_graph.py:134] Capturing a cudagraph on (PIECEWISE,BatchDescriptor(num_tokens=200, uniform_decode=False))
(EngineCore_DP0 pid=2158) (Worker_TP2 pid=2168) DEBUG 11-24 17:31:12 [compilation/cuda_graph.py:134] Capturing a cudagraph on (PIECEWISE,BatchDescriptor(num_tokens=200, uniform_decode=False))
Capturing CUDA graphs (mixed prefill-decode, PIECEWISE):  57%|                                                         | 38/67 [00:17<00:13,  2.17it/s](EngineCore_DP0 pid=2158) (Worker_TP3 pid=2170) DEBUG 11-24 17:31:12 [compilation/cuda_graph.py:134] Capturing a cudagraph on (PIECEWISE,BatchDescriptor(num_tokens=192, uniform_decode=False))
(EngineCore_DP0 pid=2158) (Worker_TP0 pid=2164) DEBUG 11-24 17:31:12 [compilation/cuda_graph.py:134] Capturing a cudagraph on (PIECEWISE,BatchDescriptor(num_tokens=208, uniform_decode=False))
(EngineCore_DP0 pid=2158) (Worker_TP1 pid=2166) DEBUG 11-24 17:31:13 [compilation/cuda_graph.py:134] Capturing a cudagraph on (PIECEWISE,BatchDescriptor(num_tokens=192, uniform_decode=False))
(EngineCore_DP0 pid=2158) (Worker_TP2 pid=2168) DEBUG 11-24 17:31:13 [compilation/cuda_graph.py:134] Capturing a cudagraph on (PIECEWISE,BatchDescriptor(num_tokens=192, uniform_decode=False))
Capturing CUDA graphs (mixed prefill-decode, PIECEWISE):  58%|                                                       | 39/67 [00:17<00:12,  2.17it/s](EngineCore_DP0 pid=2158) (Worker_TP3 pid=2170) DEBUG 11-24 17:31:13 [compilation/cuda_graph.py:134] Capturing a cudagraph on (PIECEWISE,BatchDescriptor(num_tokens=184, uniform_decode=False))
(EngineCore_DP0 pid=2158) (Worker_TP1 pid=2166) DEBUG 11-24 17:31:13 [compilation/cuda_graph.py:134] Capturing a cudagraph on (PIECEWISE,BatchDescriptor(num_tokens=184, uniform_decode=False))
(EngineCore_DP0 pid=2158) (Worker_TP0 pid=2164) DEBUG 11-24 17:31:13 [compilation/cuda_graph.py:134] Capturing a cudagraph on (PIECEWISE,BatchDescriptor(num_tokens=200, uniform_decode=False))
(EngineCore_DP0 pid=2158) (Worker_TP2 pid=2168) DEBUG 11-24 17:31:13 [compilation/cuda_graph.py:134] Capturing a cudagraph on (PIECEWISE,BatchDescriptor(num_tokens=184, uniform_decode=False))
Capturing CUDA graphs (mixed prefill-decode, PIECEWISE):  60%|                                                     | 40/67 [00:18<00:12,  2.18it/s](EngineCore_DP0 pid=2158) (Worker_TP3 pid=2170) DEBUG 11-24 17:31:13 [compilation/cuda_graph.py:134] Capturing a cudagraph on (PIECEWISE,BatchDescriptor(num_tokens=176, uniform_decode=False))
(EngineCore_DP0 pid=2158) (Worker_TP1 pid=2166) DEBUG 11-24 17:31:13 [compilation/cuda_graph.py:134] Capturing a cudagraph on (PIECEWISE,BatchDescriptor(num_tokens=176, uniform_decode=False))
(EngineCore_DP0 pid=2158) (Worker_TP0 pid=2164) DEBUG 11-24 17:31:13 [compilation/cuda_graph.py:134] Capturing a cudagraph on (PIECEWISE,BatchDescriptor(num_tokens=192, uniform_decode=False))
(EngineCore_DP0 pid=2158) (Worker_TP2 pid=2168) DEBUG 11-24 17:31:14 [compilation/cuda_graph.py:134] Capturing a cudagraph on (PIECEWISE,BatchDescriptor(num_tokens=176, uniform_decode=False))
Capturing CUDA graphs (mixed prefill-decode, PIECEWISE):  61%|                                                   | 41/67 [00:18<00:11,  2.17it/s](EngineCore_DP0 pid=2158) (Worker_TP3 pid=2170) DEBUG 11-24 17:31:14 [compilation/cuda_graph.py:134] Capturing a cudagraph on (PIECEWISE,BatchDescriptor(num_tokens=168, uniform_decode=False))
(EngineCore_DP0 pid=2158) (Worker_TP1 pid=2166) DEBUG 11-24 17:31:14 [compilation/cuda_graph.py:134] Capturing a cudagraph on (PIECEWISE,BatchDescriptor(num_tokens=168, uniform_decode=False))
(EngineCore_DP0 pid=2158) (Worker_TP0 pid=2164) DEBUG 11-24 17:31:14 [compilation/cuda_graph.py:134] Capturing a cudagraph on (PIECEWISE,BatchDescriptor(num_tokens=184, uniform_decode=False))
(EngineCore_DP0 pid=2158) (Worker_TP2 pid=2168) DEBUG 11-24 17:31:14 [compilation/cuda_graph.py:134] Capturing a cudagraph on (PIECEWISE,BatchDescriptor(num_tokens=168, uniform_decode=False))
Capturing CUDA graphs (mixed prefill-decode, PIECEWISE):  63%|                                                 | 42/67 [00:19<00:11,  2.18it/s](EngineCore_DP0 pid=2158) (Worker_TP3 pid=2170) DEBUG 11-24 17:31:14 [compilation/cuda_graph.py:134] Capturing a cudagraph on (PIECEWISE,BatchDescriptor(num_tokens=160, uniform_decode=False))
(EngineCore_DP0 pid=2158) (Worker_TP1 pid=2166) DEBUG 11-24 17:31:14 [compilation/cuda_graph.py:134] Capturing a cudagraph on (PIECEWISE,BatchDescriptor(num_tokens=160, uniform_decode=False))
(EngineCore_DP0 pid=2158) (Worker_TP0 pid=2164) DEBUG 11-24 17:31:14 [compilation/cuda_graph.py:134] Capturing a cudagraph on (PIECEWISE,BatchDescriptor(num_tokens=176, uniform_decode=False))
(EngineCore_DP0 pid=2158) (Worker_TP2 pid=2168) DEBUG 11-24 17:31:15 [compilation/cuda_graph.py:134] Capturing a cudagraph on (PIECEWISE,BatchDescriptor(num_tokens=160, uniform_decode=False))
Capturing CUDA graphs (mixed prefill-decode, PIECEWISE):  64%|                                               | 43/67 [00:19<00:11,  2.17it/s](EngineCore_DP0 pid=2158) (Worker_TP1 pid=2166) DEBUG 11-24 17:31:15 [compilation/cuda_graph.py:134] Capturing a cudagraph on (PIECEWISE,BatchDescriptor(num_tokens=152, uniform_decode=False))
(EngineCore_DP0 pid=2158) (Worker_TP3 pid=2170) DEBUG 11-24 17:31:15 [compilation/cuda_graph.py:134] Capturing a cudagraph on (PIECEWISE,BatchDescriptor(num_tokens=152, uniform_decode=False))
(EngineCore_DP0 pid=2158) (Worker_TP0 pid=2164) DEBUG 11-24 17:31:15 [compilation/cuda_graph.py:134] Capturing a cudagraph on (PIECEWISE,BatchDescriptor(num_tokens=168, uniform_decode=False))
(EngineCore_DP0 pid=2158) (Worker_TP2 pid=2168) DEBUG 11-24 17:31:15 [compilation/cuda_graph.py:134] Capturing a cudagraph on (PIECEWISE,BatchDescriptor(num_tokens=152, uniform_decode=False))
Capturing CUDA graphs (mixed prefill-decode, PIECEWISE):  66%|                                             | 44/67 [00:20<00:10,  2.18it/s](EngineCore_DP0 pid=2158) (Worker_TP1 pid=2166) DEBUG 11-24 17:31:15 [compilation/cuda_graph.py:134] Capturing a cudagraph on (PIECEWISE,BatchDescriptor(num_tokens=144, uniform_decode=False))
(EngineCore_DP0 pid=2158) (Worker_TP3 pid=2170) DEBUG 11-24 17:31:15 [compilation/cuda_graph.py:134] Capturing a cudagraph on (PIECEWISE,BatchDescriptor(num_tokens=144, uniform_decode=False))
(EngineCore_DP0 pid=2158) (Worker_TP0 pid=2164) DEBUG 11-24 17:31:15 [compilation/cuda_graph.py:134] Capturing a cudagraph on (PIECEWISE,BatchDescriptor(num_tokens=160, uniform_decode=False))
(EngineCore_DP0 pid=2158) (Worker_TP2 pid=2168) DEBUG 11-24 17:31:15 [compilation/cuda_graph.py:134] Capturing a cudagraph on (PIECEWISE,BatchDescriptor(num_tokens=144, uniform_decode=False))
Capturing CUDA graphs (mixed prefill-decode, PIECEWISE):  67%|                                           | 45/67 [00:20<00:10,  2.16it/s](EngineCore_DP0 pid=2158) (Worker_TP1 pid=2166) DEBUG 11-24 17:31:16 [compilation/cuda_graph.py:134] Capturing a cudagraph on (PIECEWISE,BatchDescriptor(num_tokens=136, uniform_decode=False))
(EngineCore_DP0 pid=2158) (Worker_TP3 pid=2170) DEBUG 11-24 17:31:16 [compilation/cuda_graph.py:134] Capturing a cudagraph on (PIECEWISE,BatchDescriptor(num_tokens=136, uniform_decode=False))
(EngineCore_DP0 pid=2158) (Worker_TP0 pid=2164) DEBUG 11-24 17:31:16 [compilation/cuda_graph.py:134] Capturing a cudagraph on (PIECEWISE,BatchDescriptor(num_tokens=152, uniform_decode=False))
(EngineCore_DP0 pid=2158) (Worker_TP2 pid=2168) DEBUG 11-24 17:31:16 [compilation/cuda_graph.py:134] Capturing a cudagraph on (PIECEWISE,BatchDescriptor(num_tokens=136, uniform_decode=False))
Capturing CUDA graphs (mixed prefill-decode, PIECEWISE):  69%|                                         | 46/67 [00:21<00:09,  2.16it/s](EngineCore_DP0 pid=2158) (Worker_TP1 pid=2166) DEBUG 11-24 17:31:16 [compilation/cuda_graph.py:134] Capturing a cudagraph on (PIECEWISE,BatchDescriptor(num_tokens=128, uniform_decode=False))
(EngineCore_DP0 pid=2158) (Worker_TP3 pid=2170) DEBUG 11-24 17:31:16 [compilation/cuda_graph.py:134] Capturing a cudagraph on (PIECEWISE,BatchDescriptor(num_tokens=128, uniform_decode=False))
(EngineCore_DP0 pid=2158) (Worker_TP0 pid=2164) DEBUG 11-24 17:31:16 [compilation/cuda_graph.py:134] Capturing a cudagraph on (PIECEWISE,BatchDescriptor(num_tokens=144, uniform_decode=False))
(EngineCore_DP0 pid=2158) (Worker_TP2 pid=2168) DEBUG 11-24 17:31:16 [compilation/cuda_graph.py:134] Capturing a cudagraph on (PIECEWISE,BatchDescriptor(num_tokens=128, uniform_decode=False))
(EngineCore_DP0 pid=2158) (Worker_TP1 pid=2166) DEBUG 11-24 17:31:16 [compilation/cuda_graph.py:134] Capturing a cudagraph on (PIECEWISE,BatchDescriptor(num_tokens=120, uniform_decode=False))
Capturing CUDA graphs (mixed prefill-decode, PIECEWISE):  70%|                                       | 47/67 [00:21<00:09,  2.14it/s](EngineCore_DP0 pid=2158) (Worker_TP3 pid=2170) DEBUG 11-24 17:31:17 [compilation/cuda_graph.py:134] Capturing a cudagraph on (PIECEWISE,BatchDescriptor(num_tokens=120, uniform_decode=False))
(EngineCore_DP0 pid=2158) (Worker_TP0 pid=2164) DEBUG 11-24 17:31:17 [compilation/cuda_graph.py:134] Capturing a cudagraph on (PIECEWISE,BatchDescriptor(num_tokens=136, uniform_decode=False))
(EngineCore_DP0 pid=2158) (Worker_TP2 pid=2168) DEBUG 11-24 17:31:17 [compilation/cuda_graph.py:134] Capturing a cudagraph on (PIECEWISE,BatchDescriptor(num_tokens=120, uniform_decode=False))
(EngineCore_DP0 pid=2158) (Worker_TP1 pid=2166) DEBUG 11-24 17:31:17 [compilation/cuda_graph.py:134] Capturing a cudagraph on (PIECEWISE,BatchDescriptor(num_tokens=112, uniform_decode=False))
Capturing CUDA graphs (mixed prefill-decode, PIECEWISE):  72%|                                     | 48/67 [00:22<00:08,  2.15it/s](EngineCore_DP0 pid=2158) (Worker_TP3 pid=2170) DEBUG 11-24 17:31:17 [compilation/cuda_graph.py:134] Capturing a cudagraph on (PIECEWISE,BatchDescriptor(num_tokens=112, uniform_decode=False))
(EngineCore_DP0 pid=2158) (Worker_TP0 pid=2164) DEBUG 11-24 17:31:17 [compilation/cuda_graph.py:134] Capturing a cudagraph on (PIECEWISE,BatchDescriptor(num_tokens=128, uniform_decode=False))
(EngineCore_DP0 pid=2158) (Worker_TP2 pid=2168) DEBUG 11-24 17:31:17 [compilation/cuda_graph.py:134] Capturing a cudagraph on (PIECEWISE,BatchDescriptor(num_tokens=112, uniform_decode=False))
(EngineCore_DP0 pid=2158) (Worker_TP1 pid=2166) DEBUG 11-24 17:31:17 [compilation/cuda_graph.py:134] Capturing a cudagraph on (PIECEWISE,BatchDescriptor(num_tokens=104, uniform_decode=False))
Capturing CUDA graphs (mixed prefill-decode, PIECEWISE):  73%|                                   | 49/67 [00:22<00:08,  2.15it/s](EngineCore_DP0 pid=2158) (Worker_TP3 pid=2170) DEBUG 11-24 17:31:17 [compilation/cuda_graph.py:134] Capturing a cudagraph on (PIECEWISE,BatchDescriptor(num_tokens=104, uniform_decode=False))
(EngineCore_DP0 pid=2158) (Worker_TP0 pid=2164) DEBUG 11-24 17:31:18 [compilation/cuda_graph.py:134] Capturing a cudagraph on (PIECEWISE,BatchDescriptor(num_tokens=120, uniform_decode=False))
(EngineCore_DP0 pid=2158) (Worker_TP2 pid=2168) DEBUG 11-24 17:31:18 [compilation/cuda_graph.py:134] Capturing a cudagraph on (PIECEWISE,BatchDescriptor(num_tokens=104, uniform_decode=False))
(EngineCore_DP0 pid=2158) (Worker_TP1 pid=2166) DEBUG 11-24 17:31:18 [compilation/cuda_graph.py:134] Capturing a cudagraph on (PIECEWISE,BatchDescriptor(num_tokens=96, uniform_decode=False))
Capturing CUDA graphs (mixed prefill-decode, PIECEWISE):  75%|                                 | 50/67 [00:23<00:07,  2.16it/s](EngineCore_DP0 pid=2158) (Worker_TP3 pid=2170) DEBUG 11-24 17:31:18 [compilation/cuda_graph.py:134] Capturing a cudagraph on (PIECEWISE,BatchDescriptor(num_tokens=96, uniform_decode=False))
(EngineCore_DP0 pid=2158) (Worker_TP0 pid=2164) DEBUG 11-24 17:31:18 [compilation/cuda_graph.py:134] Capturing a cudagraph on (PIECEWISE,BatchDescriptor(num_tokens=112, uniform_decode=False))
(EngineCore_DP0 pid=2158) (Worker_TP1 pid=2166) DEBUG 11-24 17:31:18 [compilation/cuda_graph.py:134] Capturing a cudagraph on (PIECEWISE,BatchDescriptor(num_tokens=88, uniform_decode=False))
(EngineCore_DP0 pid=2158) (Worker_TP2 pid=2168) DEBUG 11-24 17:31:18 [compilation/cuda_graph.py:134] Capturing a cudagraph on (PIECEWISE,BatchDescriptor(num_tokens=96, uniform_decode=False))
Capturing CUDA graphs (mixed prefill-decode, PIECEWISE):  76%|                               | 51/67 [00:23<00:07,  2.16it/s](EngineCore_DP0 pid=2158) (Worker_TP3 pid=2170) DEBUG 11-24 17:31:18 [compilation/cuda_graph.py:134] Capturing a cudagraph on (PIECEWISE,BatchDescriptor(num_tokens=88, uniform_decode=False))
(EngineCore_DP0 pid=2158) (Worker_TP0 pid=2164) DEBUG 11-24 17:31:19 [compilation/cuda_graph.py:134] Capturing a cudagraph on (PIECEWISE,BatchDescriptor(num_tokens=104, uniform_decode=False))
(EngineCore_DP0 pid=2158) (Worker_TP1 pid=2166) DEBUG 11-24 17:31:19 [compilation/cuda_graph.py:134] Capturing a cudagraph on (PIECEWISE,BatchDescriptor(num_tokens=80, uniform_decode=False))
(EngineCore_DP0 pid=2158) (Worker_TP2 pid=2168) DEBUG 11-24 17:31:19 [compilation/cuda_graph.py:134] Capturing a cudagraph on (PIECEWISE,BatchDescriptor(num_tokens=88, uniform_decode=False))
Capturing CUDA graphs (mixed prefill-decode, PIECEWISE):  78%|                             | 52/67 [00:23<00:06,  2.17it/s](EngineCore_DP0 pid=2158) (Worker_TP3 pid=2170) DEBUG 11-24 17:31:19 [compilation/cuda_graph.py:134] Capturing a cudagraph on (PIECEWISE,BatchDescriptor(num_tokens=80, uniform_decode=False))
(EngineCore_DP0 pid=2158) (Worker_TP0 pid=2164) DEBUG 11-24 17:31:19 [compilation/cuda_graph.py:134] Capturing a cudagraph on (PIECEWISE,BatchDescriptor(num_tokens=96, uniform_decode=False))
DEBUG 11-24 17:31:19 [v1/engine/utils.py:773] Waiting for 1 local, 0 remote core engine proc(s) to start.
(EngineCore_DP0 pid=2158) (Worker_TP1 pid=2166) DEBUG 11-24 17:31:19 [compilation/cuda_graph.py:134] Capturing a cudagraph on (PIECEWISE,BatchDescriptor(num_tokens=72, uniform_decode=False))
(EngineCore_DP0 pid=2158) (Worker_TP2 pid=2168) DEBUG 11-24 17:31:19 [compilation/cuda_graph.py:134] Capturing a cudagraph on (PIECEWISE,BatchDescriptor(num_tokens=80, uniform_decode=False))
Capturing CUDA graphs (mixed prefill-decode, PIECEWISE):  79%|                           | 53/67 [00:24<00:06,  2.17it/s](EngineCore_DP0 pid=2158) (Worker_TP3 pid=2170) DEBUG 11-24 17:31:19 [compilation/cuda_graph.py:134] Capturing a cudagraph on (PIECEWISE,BatchDescriptor(num_tokens=72, uniform_decode=False))
(EngineCore_DP0 pid=2158) (Worker_TP0 pid=2164) DEBUG 11-24 17:31:19 [compilation/cuda_graph.py:134] Capturing a cudagraph on (PIECEWISE,BatchDescriptor(num_tokens=88, uniform_decode=False))
(EngineCore_DP0 pid=2158) (Worker_TP1 pid=2166) DEBUG 11-24 17:31:20 [compilation/cuda_graph.py:134] Capturing a cudagraph on (PIECEWISE,BatchDescriptor(num_tokens=64, uniform_decode=False))
(EngineCore_DP0 pid=2158) (Worker_TP2 pid=2168) DEBUG 11-24 17:31:20 [compilation/cuda_graph.py:134] Capturing a cudagraph on (PIECEWISE,BatchDescriptor(num_tokens=72, uniform_decode=False))
Capturing CUDA graphs (mixed prefill-decode, PIECEWISE):  81%|                         | 54/67 [00:24<00:05,  2.17it/s](EngineCore_DP0 pid=2158) (Worker_TP3 pid=2170) DEBUG 11-24 17:31:20 [compilation/cuda_graph.py:134] Capturing a cudagraph on (PIECEWISE,BatchDescriptor(num_tokens=64, uniform_decode=False))
(EngineCore_DP0 pid=2158) (Worker_TP0 pid=2164) DEBUG 11-24 17:31:20 [compilation/cuda_graph.py:134] Capturing a cudagraph on (PIECEWISE,BatchDescriptor(num_tokens=80, uniform_decode=False))
(EngineCore_DP0 pid=2158) (Worker_TP1 pid=2166) DEBUG 11-24 17:31:20 [compilation/cuda_graph.py:134] Capturing a cudagraph on (PIECEWISE,BatchDescriptor(num_tokens=56, uniform_decode=False))
(EngineCore_DP0 pid=2158) (Worker_TP2 pid=2168) DEBUG 11-24 17:31:20 [compilation/cuda_graph.py:134] Capturing a cudagraph on (PIECEWISE,BatchDescriptor(num_tokens=64, uniform_decode=False))
Capturing CUDA graphs (mixed prefill-decode, PIECEWISE):  82%|                       | 55/67 [00:25<00:05,  2.13it/s](EngineCore_DP0 pid=2158) (Worker_TP3 pid=2170) DEBUG 11-24 17:31:20 [compilation/cuda_graph.py:134] Capturing a cudagraph on (PIECEWISE,BatchDescriptor(num_tokens=56, uniform_decode=False))
(EngineCore_DP0 pid=2158) (Worker_TP0 pid=2164) DEBUG 11-24 17:31:20 [compilation/cuda_graph.py:134] Capturing a cudagraph on (PIECEWISE,BatchDescriptor(num_tokens=72, uniform_decode=False))
(EngineCore_DP0 pid=2158) (Worker_TP1 pid=2166) DEBUG 11-24 17:31:20 [compilation/cuda_graph.py:134] Capturing a cudagraph on (PIECEWISE,BatchDescriptor(num_tokens=48, uniform_decode=False))
(EngineCore_DP0 pid=2158) (Worker_TP2 pid=2168) DEBUG 11-24 17:31:21 [compilation/cuda_graph.py:134] Capturing a cudagraph on (PIECEWISE,BatchDescriptor(num_tokens=56, uniform_decode=False))
Capturing CUDA graphs (mixed prefill-decode, PIECEWISE):  84%|                     | 56/67 [00:25<00:05,  2.13it/s](EngineCore_DP0 pid=2158) (Worker_TP3 pid=2170) DEBUG 11-24 17:31:21 [compilation/cuda_graph.py:134] Capturing a cudagraph on (PIECEWISE,BatchDescriptor(num_tokens=48, uniform_decode=False))
(EngineCore_DP0 pid=2158) (Worker_TP0 pid=2164) DEBUG 11-24 17:31:21 [compilation/cuda_graph.py:134] Capturing a cudagraph on (PIECEWISE,BatchDescriptor(num_tokens=64, uniform_decode=False))
(EngineCore_DP0 pid=2158) (Worker_TP1 pid=2166) DEBUG 11-24 17:31:21 [compilation/cuda_graph.py:134] Capturing a cudagraph on (PIECEWISE,BatchDescriptor(num_tokens=40, uniform_decode=False))
(EngineCore_DP0 pid=2158) (Worker_TP2 pid=2168) DEBUG 11-24 17:31:21 [compilation/cuda_graph.py:134] Capturing a cudagraph on (PIECEWISE,BatchDescriptor(num_tokens=48, uniform_decode=False))
Capturing CUDA graphs (mixed prefill-decode, PIECEWISE):  85%|                   | 57/67 [00:26<00:04,  2.14it/s](EngineCore_DP0 pid=2158) (Worker_TP3 pid=2170) DEBUG 11-24 17:31:21 [compilation/cuda_graph.py:134] Capturing a cudagraph on (PIECEWISE,BatchDescriptor(num_tokens=40, uniform_decode=False))
(EngineCore_DP0 pid=2158) (Worker_TP0 pid=2164) DEBUG 11-24 17:31:21 [compilation/cuda_graph.py:134] Capturing a cudagraph on (PIECEWISE,BatchDescriptor(num_tokens=56, uniform_decode=False))
(EngineCore_DP0 pid=2158) (Worker_TP1 pid=2166) DEBUG 11-24 17:31:21 [compilation/cuda_graph.py:134] Capturing a cudagraph on (PIECEWISE,BatchDescriptor(num_tokens=32, uniform_decode=False))
(EngineCore_DP0 pid=2158) (Worker_TP2 pid=2168) DEBUG 11-24 17:31:22 [compilation/cuda_graph.py:134] Capturing a cudagraph on (PIECEWISE,BatchDescriptor(num_tokens=40, uniform_decode=False))
Capturing CUDA graphs (mixed prefill-decode, PIECEWISE):  87%|                 | 58/67 [00:26<00:04,  2.14it/s](EngineCore_DP0 pid=2158) (Worker_TP3 pid=2170) DEBUG 11-24 17:31:22 [compilation/cuda_graph.py:134] Capturing a cudagraph on (PIECEWISE,BatchDescriptor(num_tokens=32, uniform_decode=False))
(EngineCore_DP0 pid=2158) (Worker_TP0 pid=2164) DEBUG 11-24 17:31:22 [compilation/cuda_graph.py:134] Capturing a cudagraph on (PIECEWISE,BatchDescriptor(num_tokens=48, uniform_decode=False))
(EngineCore_DP0 pid=2158) (Worker_TP1 pid=2166) DEBUG 11-24 17:31:22 [compilation/cuda_graph.py:134] Capturing a cudagraph on (PIECEWISE,BatchDescriptor(num_tokens=24, uniform_decode=False))
(EngineCore_DP0 pid=2158) (Worker_TP2 pid=2168) DEBUG 11-24 17:31:22 [compilation/cuda_graph.py:134] Capturing a cudagraph on (PIECEWISE,BatchDescriptor(num_tokens=32, uniform_decode=False))
Capturing CUDA graphs (mixed prefill-decode, PIECEWISE):  88%|                | 59/67 [00:27<00:03,  2.15it/s](EngineCore_DP0 pid=2158) (Worker_TP3 pid=2170) DEBUG 11-24 17:31:22 [compilation/cuda_graph.py:134] Capturing a cudagraph on (PIECEWISE,BatchDescriptor(num_tokens=24, uniform_decode=False))
(EngineCore_DP0 pid=2158) (Worker_TP0 pid=2164) DEBUG 11-24 17:31:22 [compilation/cuda_graph.py:134] Capturing a cudagraph on (PIECEWISE,BatchDescriptor(num_tokens=40, uniform_decode=False))
(EngineCore_DP0 pid=2158) (Worker_TP1 pid=2166) DEBUG 11-24 17:31:22 [compilation/cuda_graph.py:134] Capturing a cudagraph on (PIECEWISE,BatchDescriptor(num_tokens=16, uniform_decode=False))
(EngineCore_DP0 pid=2158) (Worker_TP2 pid=2168) DEBUG 11-24 17:31:22 [compilation/cuda_graph.py:134] Capturing a cudagraph on (PIECEWISE,BatchDescriptor(num_tokens=24, uniform_decode=False))
Capturing CUDA graphs (mixed prefill-decode, PIECEWISE):  90%|              | 60/67 [00:27<00:03,  2.15it/s](EngineCore_DP0 pid=2158) (Worker_TP3 pid=2170) DEBUG 11-24 17:31:23 [compilation/cuda_graph.py:134] Capturing a cudagraph on (PIECEWISE,BatchDescriptor(num_tokens=16, uniform_decode=False))
(EngineCore_DP0 pid=2158) (Worker_TP0 pid=2164) DEBUG 11-24 17:31:23 [compilation/cuda_graph.py:134] Capturing a cudagraph on (PIECEWISE,BatchDescriptor(num_tokens=32, uniform_decode=False))
(EngineCore_DP0 pid=2158) (Worker_TP1 pid=2166) DEBUG 11-24 17:31:23 [compilation/cuda_graph.py:134] Capturing a cudagraph on (PIECEWISE,BatchDescriptor(num_tokens=8, uniform_decode=False))
(EngineCore_DP0 pid=2158) (Worker_TP2 pid=2168) DEBUG 11-24 17:31:23 [compilation/cuda_graph.py:134] Capturing a cudagraph on (PIECEWISE,BatchDescriptor(num_tokens=16, uniform_decode=False))
Capturing CUDA graphs (mixed prefill-decode, PIECEWISE):  91%|            | 61/67 [00:28<00:02,  2.16it/s](EngineCore_DP0 pid=2158) (Worker_TP3 pid=2170) DEBUG 11-24 17:31:23 [compilation/cuda_graph.py:134] Capturing a cudagraph on (PIECEWISE,BatchDescriptor(num_tokens=8, uniform_decode=False))
(EngineCore_DP0 pid=2158) (Worker_TP1 pid=2166) DEBUG 11-24 17:31:23 [compilation/cuda_graph.py:134] Capturing a cudagraph on (PIECEWISE,BatchDescriptor(num_tokens=4, uniform_decode=False))
(EngineCore_DP0 pid=2158) (Worker_TP0 pid=2164) DEBUG 11-24 17:31:23 [compilation/cuda_graph.py:134] Capturing a cudagraph on (PIECEWISE,BatchDescriptor(num_tokens=24, uniform_decode=False))
(EngineCore_DP0 pid=2158) (Worker_TP2 pid=2168) DEBUG 11-24 17:31:23 [compilation/cuda_graph.py:134] Capturing a cudagraph on (PIECEWISE,BatchDescriptor(num_tokens=8, uniform_decode=False))
Capturing CUDA graphs (mixed prefill-decode, PIECEWISE):  93%|          | 62/67 [00:28<00:02,  2.16it/s](EngineCore_DP0 pid=2158) (Worker_TP3 pid=2170) DEBUG 11-24 17:31:23 [compilation/cuda_graph.py:134] Capturing a cudagraph on (PIECEWISE,BatchDescriptor(num_tokens=4, uniform_decode=False))
(EngineCore_DP0 pid=2158) (Worker_TP1 pid=2166) DEBUG 11-24 17:31:24 [compilation/cuda_graph.py:134] Capturing a cudagraph on (PIECEWISE,BatchDescriptor(num_tokens=2, uniform_decode=False))
(EngineCore_DP0 pid=2158) (Worker_TP0 pid=2164) DEBUG 11-24 17:31:24 [compilation/cuda_graph.py:134] Capturing a cudagraph on (PIECEWISE,BatchDescriptor(num_tokens=16, uniform_decode=False))
(EngineCore_DP0 pid=2158) (Worker_TP2 pid=2168) DEBUG 11-24 17:31:24 [compilation/cuda_graph.py:134] Capturing a cudagraph on (PIECEWISE,BatchDescriptor(num_tokens=4, uniform_decode=False))
Capturing CUDA graphs (mixed prefill-decode, PIECEWISE):  94%|        | 63/67 [00:29<00:01,  2.14it/s](EngineCore_DP0 pid=2158) (Worker_TP3 pid=2170) DEBUG 11-24 17:31:24 [compilation/cuda_graph.py:134] Capturing a cudagraph on (PIECEWISE,BatchDescriptor(num_tokens=2, uniform_decode=False))
(EngineCore_DP0 pid=2158) (Worker_TP1 pid=2166) DEBUG 11-24 17:31:24 [compilation/cuda_graph.py:134] Capturing a cudagraph on (PIECEWISE,BatchDescriptor(num_tokens=1, uniform_decode=False))
(EngineCore_DP0 pid=2158) (Worker_TP0 pid=2164) DEBUG 11-24 17:31:24 [compilation/cuda_graph.py:134] Capturing a cudagraph on (PIECEWISE,BatchDescriptor(num_tokens=8, uniform_decode=False))
(EngineCore_DP0 pid=2158) (Worker_TP2 pid=2168) DEBUG 11-24 17:31:24 [compilation/cuda_graph.py:134] Capturing a cudagraph on (PIECEWISE,BatchDescriptor(num_tokens=2, uniform_decode=False))
(EngineCore_DP0 pid=2158) (Worker_TP1 pid=2166) INFO 11-24 17:31:24 [distributed/device_communicators/custom_all_reduce.py:203] Registering 4355 cuda graph addresses
Capturing CUDA graphs (mixed prefill-decode, PIECEWISE):  96%|      | 64/67 [00:29<00:01,  2.12it/s](EngineCore_DP0 pid=2158) (Worker_TP3 pid=2170) DEBUG 11-24 17:31:24 [compilation/cuda_graph.py:134] Capturing a cudagraph on (PIECEWISE,BatchDescriptor(num_tokens=1, uniform_decode=False))
(EngineCore_DP0 pid=2158) (Worker_TP0 pid=2164) DEBUG 11-24 17:31:25 [compilation/cuda_graph.py:134] Capturing a cudagraph on (PIECEWISE,BatchDescriptor(num_tokens=4, uniform_decode=False))
(EngineCore_DP0 pid=2158) (Worker_TP3 pid=2170) INFO 11-24 17:31:25 [distributed/device_communicators/custom_all_reduce.py:203] Registering 4355 cuda graph addresses
(EngineCore_DP0 pid=2158) (Worker_TP2 pid=2168) DEBUG 11-24 17:31:25 [compilation/cuda_graph.py:134] Capturing a cudagraph on (PIECEWISE,BatchDescriptor(num_tokens=1, uniform_decode=False))
Capturing CUDA graphs (mixed prefill-decode, PIECEWISE):  97%|    | 65/67 [00:30<00:00,  2.14it/s](EngineCore_DP0 pid=2158) (Worker_TP0 pid=2164) DEBUG 11-24 17:31:25 [compilation/cuda_graph.py:134] Capturing a cudagraph on (PIECEWISE,BatchDescriptor(num_tokens=2, uniform_decode=False))
(EngineCore_DP0 pid=2158) (Worker_TP2 pid=2168) INFO 11-24 17:31:25 [distributed/device_communicators/custom_all_reduce.py:203] Registering 4355 cuda graph addresses
Capturing CUDA graphs (mixed prefill-decode, PIECEWISE):  99%|  | 66/67 [00:30<00:00,  2.22it/s](EngineCore_DP0 pid=2158) (Worker_TP0 pid=2164) DEBUG 11-24 17:31:25 [compilation/cuda_graph.py:134] Capturing a cudagraph on (PIECEWISE,BatchDescriptor(num_tokens=1, uniform_decode=False))
Capturing CUDA graphs (mixed prefill-decode, PIECEWISE): 100%|| 67/67 [00:30<00:00,  2.17it/s]
(EngineCore_DP0 pid=2158) (Worker_TP0 pid=2164) INFO 11-24 17:31:26 [distributed/device_communicators/custom_all_reduce.py:203] Registering 4355 cuda graph addresses
(EngineCore_DP0 pid=2158) (Worker_TP3 pid=2170) INFO 11-24 17:31:26 [v1/worker/gpu_model_runner.py:3118] Graph capturing finished in 32 secs, took -0.57 GiB
(EngineCore_DP0 pid=2158) (Worker_TP3 pid=2170) INFO 11-24 17:31:26 [v1/worker/gpu_worker.py:391] Free memory on device (78.5/79.11 GiB) on startup. Desired GPU memory utilization is (0.6, 47.47 GiB). Actual usage is 3.77 GiB for weight, 1.89 GiB for peak activation, 1.48 GiB for non-torch memory, and -0.57 GiB for CUDAGraph memory. Replace gpu_memory_utilization config with `--kv-cache-memory=43753439232` to fit into requested memory, or `--kv-cache-memory=77079347200` to fully utilize gpu memory. Current kv cache memory in use is 43300454400 bytes.
(EngineCore_DP0 pid=2158) (Worker_TP2 pid=2168) INFO 11-24 17:31:26 [v1/worker/gpu_model_runner.py:3118] Graph capturing finished in 32 secs, took -0.57 GiB
(EngineCore_DP0 pid=2158) (Worker_TP2 pid=2168) INFO 11-24 17:31:26 [v1/worker/gpu_worker.py:391] Free memory on device (78.5/79.11 GiB) on startup. Desired GPU memory utilization is (0.6, 47.47 GiB). Actual usage is 3.77 GiB for weight, 1.89 GiB for peak activation, 1.48 GiB for non-torch memory, and -0.57 GiB for CUDAGraph memory. Replace gpu_memory_utilization config with `--kv-cache-memory=43753439232` to fit into requested memory, or `--kv-cache-memory=77079347200` to fully utilize gpu memory. Current kv cache memory in use is 43300454400 bytes.
(EngineCore_DP0 pid=2158) (Worker_TP0 pid=2164) INFO 11-24 17:31:26 [v1/worker/gpu_model_runner.py:3118] Graph capturing finished in 32 secs, took -0.57 GiB
(EngineCore_DP0 pid=2158) (Worker_TP0 pid=2164) INFO 11-24 17:31:26 [v1/worker/gpu_worker.py:391] Free memory on device (78.5/79.11 GiB) on startup. Desired GPU memory utilization is (0.6, 47.47 GiB). Actual usage is 3.77 GiB for weight, 1.89 GiB for peak activation, 1.48 GiB for non-torch memory, and -0.57 GiB for CUDAGraph memory. Replace gpu_memory_utilization config with `--kv-cache-memory=43753439232` to fit into requested memory, or `--kv-cache-memory=77079347200` to fully utilize gpu memory. Current kv cache memory in use is 43300454400 bytes.
(EngineCore_DP0 pid=2158) (Worker_TP1 pid=2166) INFO 11-24 17:31:26 [v1/worker/gpu_model_runner.py:3118] Graph capturing finished in 32 secs, took -0.57 GiB
(EngineCore_DP0 pid=2158) (Worker_TP1 pid=2166) INFO 11-24 17:31:26 [v1/worker/gpu_worker.py:391] Free memory on device (78.5/79.11 GiB) on startup. Desired GPU memory utilization is (0.6, 47.47 GiB). Actual usage is 3.77 GiB for weight, 1.89 GiB for peak activation, 1.48 GiB for non-torch memory, and -0.57 GiB for CUDAGraph memory. Replace gpu_memory_utilization config with `--kv-cache-memory=43753439232` to fit into requested memory, or `--kv-cache-memory=77079347200` to fully utilize gpu memory. Current kv cache memory in use is 43300454400 bytes.
(EngineCore_DP0 pid=2158) INFO 11-24 17:31:27 [v1/engine/core.py:218] init engine (profile, create kv cache, warmup model) took 1212.79 seconds
DEBUG 11-24 17:31:27 [v1/engine/utils.py:856] READY from local core engine process 0.
(EngineCore_DP0 pid=2158) DEBUG 11-24 17:31:28 [v1/engine/core.py:747] EngineCore waiting for work.
(EngineCore_DP0 pid=2158) DEBUG 11-24 17:31:28 [v1/engine/core.py:747] EngineCore waiting for work.
(EngineCore_DP0 pid=2158) DEBUG 11-24 17:31:28 [v1/engine/core.py:747] EngineCore waiting for work.
INFO 11-24 17:31:28 [entrypoints/llm.py:295] Supported_tasks: ('generate',)
INFO 11-24 17:31:28 [plugins/io_processors/__init__.py:36] No IOProcessor plugins requested by the model
(EngineCore_DP0 pid=2158) DEBUG 11-24 17:31:28 [v1/engine/core.py:747] EngineCore waiting for work.
(EngineCore_DP0 pid=2158) DEBUG 11-24 17:31:28 [v1/engine/core.py:747] EngineCore waiting for work.
(EngineCore_DP0 pid=2158) (Worker_TP2 pid=2168) WARNING:jax_inference_offloading.transport.tensor.nccl_star:create_rollout_transport: {'BACKEND': 'NCCL', 'UNIQUE_IDS': ['Eggf<U1X@7!W\\)=$3U>fzzzzzzzzzzzzzzzzzzzzzzzzzzzz', 'TW+:lg5;X%!W]fa$3U>fzzzzzzzzzzzzzzzzzzzzzzzzzzzz', '/>,$k(.g<Z!W\\M1$3U>fzzzzzzzzzzzzzzzzzzzzzzzzzzzz', '4a`oLg:t!s!W]2;$3U>fzzzzzzzzzzzzzzzzzzzzzzzzzzzz'], 'MODE': 'fan-in', 'TRAINER_RANKS': 8, 'ROLLOUT_RANKS': 4}
(EngineCore_DP0 pid=2158) (Worker_TP0 pid=2164) WARNING:jax_inference_offloading.transport.tensor.nccl_star:create_rollout_transport: {'BACKEND': 'NCCL', 'UNIQUE_IDS': ['Eggf<U1X@7!W\\)=$3U>fzzzzzzzzzzzzzzzzzzzzzzzzzzzz', 'TW+:lg5;X%!W]fa$3U>fzzzzzzzzzzzzzzzzzzzzzzzzzzzz', '/>,$k(.g<Z!W\\M1$3U>fzzzzzzzzzzzzzzzzzzzzzzzzzzzz', '4a`oLg:t!s!W]2;$3U>fzzzzzzzzzzzzzzzzzzzzzzzzzzzz'], 'MODE': 'fan-in', 'TRAINER_RANKS': 8, 'ROLLOUT_RANKS': 4}
(EngineCore_DP0 pid=2158) (Worker_TP1 pid=2166) WARNING:jax_inference_offloading.transport.tensor.nccl_star:create_rollout_transport: {'BACKEND': 'NCCL', 'UNIQUE_IDS': ['Eggf<U1X@7!W\\)=$3U>fzzzzzzzzzzzzzzzzzzzzzzzzzzzz', 'TW+:lg5;X%!W]fa$3U>fzzzzzzzzzzzzzzzzzzzzzzzzzzzz', '/>,$k(.g<Z!W\\M1$3U>fzzzzzzzzzzzzzzzzzzzzzzzzzzzz', '4a`oLg:t!s!W]2;$3U>fzzzzzzzzzzzzzzzzzzzzzzzzzzzz'], 'MODE': 'fan-in', 'TRAINER_RANKS': 8, 'ROLLOUT_RANKS': 4}
(EngineCore_DP0 pid=2158) (Worker_TP3 pid=2170) WARNING:jax_inference_offloading.transport.tensor.nccl_star:create_rollout_transport: {'BACKEND': 'NCCL', 'UNIQUE_IDS': ['Eggf<U1X@7!W\\)=$3U>fzzzzzzzzzzzzzzzzzzzzzzzzzzzz', 'TW+:lg5;X%!W]fa$3U>fzzzzzzzzzzzzzzzzzzzzzzzzzzzz', '/>,$k(.g<Z!W\\M1$3U>fzzzzzzzzzzzzzzzzzzzzzzzzzzzz', '4a`oLg:t!s!W]2;$3U>fzzzzzzzzzzzzzzzzzzzzzzzzzzzz'], 'MODE': 'fan-in', 'TRAINER_RANKS': 8, 'ROLLOUT_RANKS': 4}
jax-vllm-rollout:2168:2168 [2] NCCL INFO Assigned NET plugin Socket to comm
jax-vllm-rollout:2168:2168 [2] NCCL INFO Using network Socket
jax-vllm-rollout:2170:2170 [3] NCCL INFO Assigned NET plugin Socket to comm
jax-vllm-rollout:2170:2170 [3] NCCL INFO Using network Socket
jax-vllm-rollout:2164:2164 [0] NCCL INFO Assigned NET plugin Socket to comm
jax-vllm-rollout:2164:2164 [0] NCCL INFO Using network Socket
jax-vllm-rollout:2166:2166 [1] NCCL INFO Assigned NET plugin Socket to comm
jax-vllm-rollout:2166:2166 [1] NCCL INFO Using network Socket
jax-vllm-rollout:2168:2168 [2] NCCL INFO ncclCommInitRank comm 0x8aeafd70 rank 0 nranks 3 cudaDev 2 nvmlDev 2 busId b000 commId 0x3aef4cf17964fedd - Init START
jax-vllm-rollout:2170:2170 [3] NCCL INFO ncclCommInitRank comm 0x8aebbd80 rank 0 nranks 3 cudaDev 3 nvmlDev 3 busId c000 commId 0xc3121111477ff5fa - Init START
jax-vllm-rollout:2164:2164 [0] NCCL INFO ncclCommInitRank comm 0x8aec4420 rank 0 nranks 3 cudaDev 0 nvmlDev 0 busId 4000 commId 0xabffa680d23a08c7 - Init START
jax-vllm-rollout:2166:2166 [1] NCCL INFO ncclCommInitRank comm 0x8aed9880 rank 0 nranks 3 cudaDev 1 nvmlDev 1 busId 5000 commId 0x8639ff67ce6120cd - Init START
jax-vllm-rollout:2164:2164 [0] NCCL INFO Bootstrap timings total 0.565437 (create 0.000033, send 0.000201, recv 0.563658, ring 0.000114, delay 0.000000)
jax-vllm-rollout:2164:2164 [0] NCCL INFO Setting affinity for GPU 0 to 0-51,104-155
jax-vllm-rollout:2164:2164 [0] NCCL INFO comm 0x8aec4420 rank 0 nRanks 3 nNodes 2 localRanks 1 localRank 0 MNNVL 0
jax-vllm-rollout:2164:2164 [0] NCCL INFO Channel 00/02 : 0 1 2
jax-vllm-rollout:2164:2164 [0] NCCL INFO Channel 01/02 : 0 1 2
jax-vllm-rollout:2164:2164 [0] NCCL INFO Trees [0] 1/-1/-1->0->-1 [1] -1/-1/-1->0->1
jax-vllm-rollout:2164:2164 [0] NCCL INFO P2P Chunksize set to 131072
jax-vllm-rollout:2164:2164 [0] NCCL INFO Check P2P Type isAllDirectP2p 0 directMode 0
jax-vllm-rollout:2164:3874 [0] NCCL INFO [Proxy Service] Device 0 CPU core 0
jax-vllm-rollout:2164:3875 [0] NCCL INFO [Proxy Service UDS] Device 0 CPU core 107
jax-vllm-rollout:2164:2164 [0] NCCL INFO threadThresholds 8/8/64 | 24/8/64 | 512 | 512
jax-vllm-rollout:2164:2164 [0] NCCL INFO 2 coll channels, 2 collnet channels, 0 nvls channels, 2 p2p channels, 2 p2p channels per peer
jax-vllm-rollout:2164:2164 [0] NCCL INFO CC Off, workFifoBytes 1048576
jax-vllm-rollout:2164:2164 [0] NCCL INFO ncclCommInitRank comm 0x8aec4420 rank 0 nranks 3 cudaDev 0 nvmlDev 0 busId 4000 commId 0xabffa680d23a08c7 - Init COMPLETE
jax-vllm-rollout:2164:2164 [0] NCCL INFO Init timings - ncclCommInitRank: rank 0 nranks 3 total 0.71 (kernels 0.00, alloc 0.00, bootstrap 0.57, allgathers 0.08, topo 0.06, graphs 0.00, connections 0.00, rest 0.00)
jax-vllm-rollout:2166:2166 [1] NCCL INFO Bootstrap timings total 0.929083 (create 0.000031, send 0.000186, recv 0.927871, ring 0.000097, delay 0.000000)
jax-vllm-rollout:2166:2166 [1] NCCL INFO Setting affinity for GPU 1 to 0-51,104-155
jax-vllm-rollout:2166:2166 [1] NCCL INFO comm 0x8aed9880 rank 0 nRanks 3 nNodes 2 localRanks 1 localRank 0 MNNVL 0
jax-vllm-rollout:2166:2166 [1] NCCL INFO Channel 00/02 : 0 1 2
jax-vllm-rollout:2166:2166 [1] NCCL INFO Channel 01/02 : 0 1 2
jax-vllm-rollout:2166:2166 [1] NCCL INFO Trees [0] 1/-1/-1->0->-1 [1] -1/-1/-1->0->1
jax-vllm-rollout:2166:2166 [1] NCCL INFO P2P Chunksize set to 131072
jax-vllm-rollout:2166:2166 [1] NCCL INFO Check P2P Type isAllDirectP2p 0 directMode 0
jax-vllm-rollout:2166:3876 [1] NCCL INFO [Proxy Service] Device 1 CPU core 23
jax-vllm-rollout:2166:3877 [1] NCCL INFO [Proxy Service UDS] Device 1 CPU core 129
jax-vllm-rollout:2166:2166 [1] NCCL INFO threadThresholds 8/8/64 | 24/8/64 | 512 | 512
jax-vllm-rollout:2166:2166 [1] NCCL INFO 2 coll channels, 2 collnet channels, 0 nvls channels, 2 p2p channels, 2 p2p channels per peer
jax-vllm-rollout:2166:2166 [1] NCCL INFO CC Off, workFifoBytes 1048576
jax-vllm-rollout:2166:2166 [1] NCCL INFO ncclCommInitRank comm 0x8aed9880 rank 0 nranks 3 cudaDev 1 nvmlDev 1 busId 5000 commId 0x8639ff67ce6120cd - Init COMPLETE
jax-vllm-rollout:2166:2166 [1] NCCL INFO Init timings - ncclCommInitRank: rank 0 nranks 3 total 1.07 (kernels 0.00, alloc 0.00, bootstrap 0.93, allgathers 0.08, topo 0.06, graphs 0.00, connections 0.00, rest 0.00)
jax-vllm-rollout:2168:2168 [2] NCCL INFO Bootstrap timings total 1.294358 (create 0.000028, send 0.000183, recv 1.283259, ring 0.000162, delay 0.000000)
jax-vllm-rollout:2168:2168 [2] NCCL INFO Setting affinity for GPU 2 to 0-51,104-155
jax-vllm-rollout:2168:2168 [2] NCCL INFO comm 0x8aeafd70 rank 0 nRanks 3 nNodes 2 localRanks 1 localRank 0 MNNVL 0
jax-vllm-rollout:2168:2168 [2] NCCL INFO Channel 00/02 : 0 1 2
jax-vllm-rollout:2168:2168 [2] NCCL INFO Channel 01/02 : 0 1 2
jax-vllm-rollout:2168:2168 [2] NCCL INFO Trees [0] 1/-1/-1->0->-1 [1] -1/-1/-1->0->1
jax-vllm-rollout:2168:2168 [2] NCCL INFO P2P Chunksize set to 131072
jax-vllm-rollout:2168:2168 [2] NCCL INFO Check P2P Type isAllDirectP2p 0 directMode 0
jax-vllm-rollout:2168:3878 [2] NCCL INFO [Proxy Service] Device 2 CPU core 106
jax-vllm-rollout:2168:3879 [2] NCCL INFO [Proxy Service UDS] Device 2 CPU core 5
jax-vllm-rollout:2168:2168 [2] NCCL INFO threadThresholds 8/8/64 | 24/8/64 | 512 | 512
jax-vllm-rollout:2168:2168 [2] NCCL INFO 2 coll channels, 2 collnet channels, 0 nvls channels, 2 p2p channels, 2 p2p channels per peer
jax-vllm-rollout:2168:2168 [2] NCCL INFO CC Off, workFifoBytes 1048576
jax-vllm-rollout:2168:2168 [2] NCCL INFO ncclCommInitRank comm 0x8aeafd70 rank 0 nranks 3 cudaDev 2 nvmlDev 2 busId b000 commId 0x3aef4cf17964fedd - Init COMPLETE
jax-vllm-rollout:2168:2168 [2] NCCL INFO Init timings - ncclCommInitRank: rank 0 nranks 3 total 1.43 (kernels 0.00, alloc 0.00, bootstrap 1.29, allgathers 0.07, topo 0.07, graphs 0.00, connections 0.00, rest 0.00)
jax-vllm-rollout:2170:2170 [3] NCCL INFO Bootstrap timings total 1.655992 (create 0.000026, send 0.000184, recv 1.654991, ring 0.000103, delay 0.000000)
jax-vllm-rollout:2170:2170 [3] NCCL INFO Setting affinity for GPU 3 to 0-51,104-155
jax-vllm-rollout:2170:2170 [3] NCCL INFO comm 0x8aebbd80 rank 0 nRanks 3 nNodes 2 localRanks 1 localRank 0 MNNVL 0
jax-vllm-rollout:2170:2170 [3] NCCL INFO Channel 00/02 : 0 1 2
jax-vllm-rollout:2170:2170 [3] NCCL INFO Channel 01/02 : 0 1 2
jax-vllm-rollout:2170:2170 [3] NCCL INFO Trees [0] 1/-1/-1->0->-1 [1] -1/-1/-1->0->1
jax-vllm-rollout:2170:2170 [3] NCCL INFO P2P Chunksize set to 131072
jax-vllm-rollout:2170:2170 [3] NCCL INFO Check P2P Type isAllDirectP2p 0 directMode 0
jax-vllm-rollout:2170:3880 [3] NCCL INFO [Proxy Service] Device 3 CPU core 127
jax-vllm-rollout:2170:3881 [3] NCCL INFO [Proxy Service UDS] Device 3 CPU core 106
jax-vllm-rollout:2170:2170 [3] NCCL INFO threadThresholds 8/8/64 | 24/8/64 | 512 | 512
jax-vllm-rollout:2170:2170 [3] NCCL INFO 2 coll channels, 2 collnet channels, 0 nvls channels, 2 p2p channels, 2 p2p channels per peer
jax-vllm-rollout:2170:2170 [3] NCCL INFO CC Off, workFifoBytes 1048576
jax-vllm-rollout:2170:2170 [3] NCCL INFO ncclCommInitRank comm 0x8aebbd80 rank 0 nranks 3 cudaDev 3 nvmlDev 3 busId c000 commId 0xc3121111477ff5fa - Init COMPLETE
jax-vllm-rollout:2170:2170 [3] NCCL INFO Init timings - ncclCommInitRank: rank 0 nranks 3 total 1.80 (kernels 0.00, alloc 0.00, bootstrap 1.66, allgathers 0.07, topo 0.07, graphs 0.00, connections 0.00, rest 0.00)
(EngineCore_DP0 pid=2158) DEBUG 11-24 17:31:31 [v1/engine/core.py:747] EngineCore waiting for work.
WARNING:jax_inference_offloading.controller.rollout_client:vLLM coupling transports created: ['NcclStarTransport(<cupy_backends.cuda.libs.nccl.NcclCommunicator object at 0x7c756e6559f0>)', 'NcclStarTransport(<cupy_backends.cuda.libs.nccl.NcclCommunicator object at 0x7c759050b9f0>)', 'NcclStarTransport(<cupy_backends.cuda.libs.nccl.NcclCommunicator object at 0x7c7590166a90>)', 'NcclStarTransport(<cupy_backends.cuda.libs.nccl.NcclCommunicator object at 0x7c756a6aad50>)']
(EngineCore_DP0 pid=2158) (Worker_TP0 pid=2164) WARNING:jax_inference_offloading.vllm.extension:vLLM TP rank 0 receiving 291 weights via grouped gather...
(EngineCore_DP0 pid=2158) (Worker_TP1 pid=2166) WARNING:jax_inference_offloading.vllm.extension:vLLM TP rank 1 receiving 291 weights via grouped gather...
(EngineCore_DP0 pid=2158) (Worker_TP2 pid=2168) WARNING:jax_inference_offloading.vllm.extension:vLLM TP rank 2 receiving 291 weights via grouped gather...
(EngineCore_DP0 pid=2158) (Worker_TP3 pid=2170) WARNING:jax_inference_offloading.vllm.extension:vLLM TP rank 3 receiving 291 weights via grouped gather...
jax-vllm-rollout:2166:3882 [1] NCCL INFO Channel 00/1 : 2[3] -> 0[1] [receive] via NET/Socket/0/Shared
jax-vllm-rollout:2166:3886 [1] NCCL INFO [Proxy Progress] Device 1 CPU core 45
jax-vllm-rollout:2166:3882 [1] NCCL INFO Channel 01/1 : 2[3] -> 0[1] [receive] via NET/Socket/0/Shared
jax-vllm-rollout:2164:3887 [0] NCCL INFO [Proxy Progress] Device 0 CPU core 113
jax-vllm-rollout:2164:3883 [0] NCCL INFO Channel 00/1 : 2[1] -> 0[0] [receive] via NET/Socket/0/Shared
jax-vllm-rollout:2164:3883 [0] NCCL INFO Channel 01/1 : 2[1] -> 0[0] [receive] via NET/Socket/0/Shared
jax-vllm-rollout:2168:3888 [2] NCCL INFO [Proxy Progress] Device 2 CPU core 7
jax-vllm-rollout:2170:3884 [3] NCCL INFO Channel 00/1 : 2[7] -> 0[3] [receive] via NET/Socket/0/Shared
jax-vllm-rollout:2170:3889 [3] NCCL INFO [Proxy Progress] Device 3 CPU core 38
jax-vllm-rollout:2170:3884 [3] NCCL INFO Channel 01/1 : 2[7] -> 0[3] [receive] via NET/Socket/0/Shared
jax-vllm-rollout:2168:3885 [2] NCCL INFO Channel 00/1 : 2[5] -> 0[2] [receive] via NET/Socket/0/Shared
jax-vllm-rollout:2168:3885 [2] NCCL INFO Channel 01/1 : 2[5] -> 0[2] [receive] via NET/Socket/0/Shared
jax-vllm-rollout:2170:3884 [3] NCCL INFO Channel 00/1 : 1[6] -> 0[3] [receive] via NET/Socket/0/Shared
jax-vllm-rollout:2170:3884 [3] NCCL INFO Channel 01/1 : 1[6] -> 0[3] [receive] via NET/Socket/0/Shared
jax-vllm-rollout:2166:3882 [1] NCCL INFO Channel 00/1 : 1[2] -> 0[1] [receive] via NET/Socket/0/Shared
jax-vllm-rollout:2166:3882 [1] NCCL INFO Channel 01/1 : 1[2] -> 0[1] [receive] via NET/Socket/0/Shared
jax-vllm-rollout:2164:3883 [0] NCCL INFO Channel 00/1 : 1[0] -> 0[0] [receive] via NET/Socket/0/Shared
jax-vllm-rollout:2164:3883 [0] NCCL INFO Channel 01/1 : 1[0] -> 0[0] [receive] via NET/Socket/0/Shared
jax-vllm-rollout:2168:3885 [2] NCCL INFO Channel 00/1 : 1[4] -> 0[2] [receive] via NET/Socket/0/Shared
jax-vllm-rollout:2168:3885 [2] NCCL INFO Channel 01/1 : 1[4] -> 0[2] [receive] via NET/Socket/0/Shared
(EngineCore_DP0 pid=2158) (Worker_TP1 pid=2166) WARNING:jax_inference_offloading.vllm.extension:vLLM TP rank 1 received all weights
(EngineCore_DP0 pid=2158) (Worker_TP1 pid=2166) DEBUG 11-24 17:31:40 [model_executor/models/utils.py:183] Loaded weight lm_head.weight with shape torch.Size([32064, 4096])
(EngineCore_DP0 pid=2158) (Worker_TP1 pid=2166) WARNING:jax_inference_offloading.vllm.extension:done receiving
(EngineCore_DP0 pid=2158) (Worker_TP2 pid=2168) WARNING:jax_inference_offloading.vllm.extension:vLLM TP rank 2 received all weights
(EngineCore_DP0 pid=2158) (Worker_TP0 pid=2164) WARNING:jax_inference_offloading.vllm.extension:vLLM TP rank 0 received all weights
(EngineCore_DP0 pid=2158) (Worker_TP3 pid=2170) WARNING:jax_inference_offloading.vllm.extension:vLLM TP rank 3 received all weights
(EngineCore_DP0 pid=2158) (Worker_TP2 pid=2168) DEBUG 11-24 17:31:42 [model_executor/models/utils.py:183] Loaded weight lm_head.weight with shape torch.Size([32064, 4096])
(EngineCore_DP0 pid=2158) (Worker_TP0 pid=2164) DEBUG 11-24 17:31:42 [model_executor/models/utils.py:183] Loaded weight lm_head.weight with shape torch.Size([32064, 4096])
(EngineCore_DP0 pid=2158) (Worker_TP3 pid=2170) DEBUG 11-24 17:31:42 [model_executor/models/utils.py:183] Loaded weight lm_head.weight with shape torch.Size([32064, 4096])
(EngineCore_DP0 pid=2158) (Worker_TP2 pid=2168) WARNING:jax_inference_offloading.vllm.extension:done receiving
(EngineCore_DP0 pid=2158) (Worker_TP0 pid=2164) WARNING:jax_inference_offloading.vllm.extension:done receiving
(EngineCore_DP0 pid=2158) (Worker_TP3 pid=2170) WARNING:jax_inference_offloading.vllm.extension:done receiving
(EngineCore_DP0 pid=2158) DEBUG 11-24 17:31:42 [v1/engine/core.py:747] EngineCore waiting for work.
(EngineCore_DP0 pid=2158) INFO 11-24 17:31:42 [v1/core/block_pool.py:292] Successfully reset prefix cache
(EngineCore_DP0 pid=2158) DEBUG 11-24 17:31:42 [v1/engine/core.py:747] EngineCore waiting for work.
(EngineCore_DP0 pid=2158) (Worker_TP2 pid=2168) WARNING:jax_inference_offloading.vllm.extension:vLLM TP rank 2 receiving 291 weights via grouped gather...
(EngineCore_DP0 pid=2158) (Worker_TP0 pid=2164) WARNING:jax_inference_offloading.vllm.extension:vLLM TP rank 0 receiving 291 weights via grouped gather...
(EngineCore_DP0 pid=2158) (Worker_TP1 pid=2166) WARNING:jax_inference_offloading.vllm.extension:vLLM TP rank 1 receiving 291 weights via grouped gather...
(EngineCore_DP0 pid=2158) (Worker_TP3 pid=2170) WARNING:jax_inference_offloading.vllm.extension:vLLM TP rank 3 receiving 291 weights via grouped gather...
(EngineCore_DP0 pid=2158) (Worker_TP2 pid=2168) WARNING:jax_inference_offloading.vllm.extension:vLLM TP rank 2 received all weights
(EngineCore_DP0 pid=2158) (Worker_TP1 pid=2166) WARNING:jax_inference_offloading.vllm.extension:vLLM TP rank 1 received all weights
(EngineCore_DP0 pid=2158) (Worker_TP3 pid=2170) WARNING:jax_inference_offloading.vllm.extension:vLLM TP rank 3 received all weights
(EngineCore_DP0 pid=2158) (Worker_TP2 pid=2168) DEBUG 11-24 17:31:44 [model_executor/models/utils.py:183] Loaded weight lm_head.weight with shape torch.Size([32064, 4096])
(EngineCore_DP0 pid=2158) (Worker_TP1 pid=2166) DEBUG 11-24 17:31:44 [model_executor/models/utils.py:183] Loaded weight lm_head.weight with shape torch.Size([32064, 4096])
(EngineCore_DP0 pid=2158) (Worker_TP3 pid=2170) DEBUG 11-24 17:31:44 [model_executor/models/utils.py:183] Loaded weight lm_head.weight with shape torch.Size([32064, 4096])
(EngineCore_DP0 pid=2158) (Worker_TP0 pid=2164) WARNING:jax_inference_offloading.vllm.extension:vLLM TP rank 0 received all weights
(EngineCore_DP0 pid=2158) (Worker_TP0 pid=2164) DEBUG 11-24 17:31:44 [model_executor/models/utils.py:183] Loaded weight lm_head.weight with shape torch.Size([32064, 4096])
(EngineCore_DP0 pid=2158) (Worker_TP2 pid=2168) WARNING:jax_inference_offloading.vllm.extension:done receiving
(EngineCore_DP0 pid=2158) (Worker_TP1 pid=2166) WARNING:jax_inference_offloading.vllm.extension:done receiving
(EngineCore_DP0 pid=2158) (Worker_TP3 pid=2170) WARNING:jax_inference_offloading.vllm.extension:done receiving
(EngineCore_DP0 pid=2158) (Worker_TP0 pid=2164) WARNING:jax_inference_offloading.vllm.extension:done receiving
(EngineCore_DP0 pid=2158) DEBUG 11-24 17:31:45 [v1/engine/core.py:747] EngineCore waiting for work.
(EngineCore_DP0 pid=2158) INFO 11-24 17:31:45 [v1/core/block_pool.py:292] Successfully reset prefix cache
(EngineCore_DP0 pid=2158) DEBUG 11-24 17:31:45 [v1/engine/core.py:747] EngineCore waiting for work.
(EngineCore_DP0 pid=2158) (Worker_TP3 pid=2170) WARNING:jax_inference_offloading.vllm.extension:vLLM TP rank 3 receiving 291 weights via grouped gather...
(EngineCore_DP0 pid=2158) (Worker_TP0 pid=2164) WARNING:jax_inference_offloading.vllm.extension:vLLM TP rank 0 receiving 291 weights via grouped gather...
(EngineCore_DP0 pid=2158) (Worker_TP1 pid=2166) WARNING:jax_inference_offloading.vllm.extension:vLLM TP rank 1 receiving 291 weights via grouped gather...
(EngineCore_DP0 pid=2158) (Worker_TP2 pid=2168) WARNING:jax_inference_offloading.vllm.extension:vLLM TP rank 2 receiving 291 weights via grouped gather...
(EngineCore_DP0 pid=2158) (Worker_TP1 pid=2166) WARNING:jax_inference_offloading.vllm.extension:vLLM TP rank 1 received all weights
(EngineCore_DP0 pid=2158) (Worker_TP2 pid=2168) WARNING:jax_inference_offloading.vllm.extension:vLLM TP rank 2 received all weights
(EngineCore_DP0 pid=2158) (Worker_TP1 pid=2166) DEBUG 11-24 17:31:47 [model_executor/models/utils.py:183] Loaded weight lm_head.weight with shape torch.Size([32064, 4096])
(EngineCore_DP0 pid=2158) (Worker_TP3 pid=2170) WARNING:jax_inference_offloading.vllm.extension:vLLM TP rank 3 received all weights
(EngineCore_DP0 pid=2158) (Worker_TP2 pid=2168) DEBUG 11-24 17:31:47 [model_executor/models/utils.py:183] Loaded weight lm_head.weight with shape torch.Size([32064, 4096])
(EngineCore_DP0 pid=2158) (Worker_TP3 pid=2170) DEBUG 11-24 17:31:47 [model_executor/models/utils.py:183] Loaded weight lm_head.weight with shape torch.Size([32064, 4096])
(EngineCore_DP0 pid=2158) (Worker_TP0 pid=2164) WARNING:jax_inference_offloading.vllm.extension:vLLM TP rank 0 received all weights
(EngineCore_DP0 pid=2158) (Worker_TP0 pid=2164) DEBUG 11-24 17:31:47 [model_executor/models/utils.py:183] Loaded weight lm_head.weight with shape torch.Size([32064, 4096])
(EngineCore_DP0 pid=2158) (Worker_TP1 pid=2166) WARNING:jax_inference_offloading.vllm.extension:done receiving
(EngineCore_DP0 pid=2158) (Worker_TP2 pid=2168) WARNING:jax_inference_offloading.vllm.extension:done receiving
(EngineCore_DP0 pid=2158) (Worker_TP3 pid=2170) WARNING:jax_inference_offloading.vllm.extension:done receiving
(EngineCore_DP0 pid=2158) (Worker_TP0 pid=2164) WARNING:jax_inference_offloading.vllm.extension:done receiving
(EngineCore_DP0 pid=2158) DEBUG 11-24 17:31:47 [v1/engine/core.py:747] EngineCore waiting for work.
(EngineCore_DP0 pid=2158) INFO 11-24 17:31:47 [v1/core/block_pool.py:292] Successfully reset prefix cache
(EngineCore_DP0 pid=2158) DEBUG 11-24 17:31:47 [v1/engine/core.py:747] EngineCore waiting for work.
(EngineCore_DP0 pid=2158) (Worker_TP0 pid=2164) WARNING:jax_inference_offloading.vllm.extension:vLLM TP rank 0 receiving 291 weights via grouped gather...
(EngineCore_DP0 pid=2158) (Worker_TP3 pid=2170) WARNING:jax_inference_offloading.vllm.extension:vLLM TP rank 3 receiving 291 weights via grouped gather...
