(EngineCore_DP0 pid=2158) (Worker_TP0 pid=2164) DEBUG 11-24 17:22:01 [compilation/backends.py:200] Store the 14-th graph for dynamic shape from inductor_standalone via handle ('artifact_shape_None_subgraph_14', '/root/.cache/vllm/torch_compile_cache/a1bba04217/rank_0_0/backbone/artifact_shape_None_subgraph_14')
DEBUG 11-24 17:22:09 [v1/engine/utils.py:773] Waiting for 1 local, 0 remote core engine proc(s) to start.
(EngineCore_DP0 pid=2158) (Worker_TP2 pid=2168) DEBUG 11-24 17:22:10 [compilation/backends.py:200] Store the 13-th graph for dynamic shape from inductor_standalone via handle ('artifact_shape_None_subgraph_13', '/root/.cache/vllm/torch_compile_cache/a1bba04217/rank_2_0/backbone/artifact_shape_None_subgraph_13')
(EngineCore_DP0 pid=2158) DEBUG 11-24 17:22:14 [distributed/device_communicators/shm_broadcast.py:456] No available shared memory broadcast block found in 60 second.
DEBUG 11-24 17:22:19 [v1/engine/utils.py:773] Waiting for 1 local, 0 remote core engine proc(s) to start.
(EngineCore_DP0 pid=2158) (Worker_TP3 pid=2170) DEBUG 11-24 17:22:19 [compilation/backends.py:200] Store the 15-th graph for dynamic shape from inductor_standalone via handle ('artifact_shape_None_subgraph_15', '/root/.cache/vllm/torch_compile_cache/a1bba04217/rank_3_0/backbone/artifact_shape_None_subgraph_15')
(EngineCore_DP0 pid=2158) (Worker_TP1 pid=2166) DEBUG 11-24 17:22:20 [compilation/backends.py:200] Store the 15-th graph for dynamic shape from inductor_standalone via handle ('artifact_shape_None_subgraph_15', '/root/.cache/vllm/torch_compile_cache/a1bba04217/rank_1_0/backbone/artifact_shape_None_subgraph_15')
(EngineCore_DP0 pid=2158) (Worker_TP0 pid=2164) DEBUG 11-24 17:22:22 [compilation/backends.py:200] Store the 15-th graph for dynamic shape from inductor_standalone via handle ('artifact_shape_None_subgraph_15', '/root/.cache/vllm/torch_compile_cache/a1bba04217/rank_0_0/backbone/artifact_shape_None_subgraph_15')
DEBUG 11-24 17:22:29 [v1/engine/utils.py:773] Waiting for 1 local, 0 remote core engine proc(s) to start.
(EngineCore_DP0 pid=2158) (Worker_TP2 pid=2168) DEBUG 11-24 17:22:34 [compilation/backends.py:200] Store the 14-th graph for dynamic shape from inductor_standalone via handle ('artifact_shape_None_subgraph_14', '/root/.cache/vllm/torch_compile_cache/a1bba04217/rank_2_0/backbone/artifact_shape_None_subgraph_14')
DEBUG 11-24 17:22:39 [v1/engine/utils.py:773] Waiting for 1 local, 0 remote core engine proc(s) to start.
(EngineCore_DP0 pid=2158) (Worker_TP3 pid=2170) DEBUG 11-24 17:22:41 [compilation/backends.py:200] Store the 16-th graph for dynamic shape from inductor_standalone via handle ('artifact_shape_None_subgraph_16', '/root/.cache/vllm/torch_compile_cache/a1bba04217/rank_3_0/backbone/artifact_shape_None_subgraph_16')
(EngineCore_DP0 pid=2158) (Worker_TP1 pid=2166) DEBUG 11-24 17:22:41 [compilation/backends.py:200] Store the 16-th graph for dynamic shape from inductor_standalone via handle ('artifact_shape_None_subgraph_16', '/root/.cache/vllm/torch_compile_cache/a1bba04217/rank_1_0/backbone/artifact_shape_None_subgraph_16')
(EngineCore_DP0 pid=2158) (Worker_TP0 pid=2164) DEBUG 11-24 17:22:44 [compilation/backends.py:200] Store the 16-th graph for dynamic shape from inductor_standalone via handle ('artifact_shape_None_subgraph_16', '/root/.cache/vllm/torch_compile_cache/a1bba04217/rank_0_0/backbone/artifact_shape_None_subgraph_16')
DEBUG 11-24 17:22:49 [v1/engine/utils.py:773] Waiting for 1 local, 0 remote core engine proc(s) to start.
(EngineCore_DP0 pid=2158) (Worker_TP2 pid=2168) DEBUG 11-24 17:22:58 [compilation/backends.py:200] Store the 15-th graph for dynamic shape from inductor_standalone via handle ('artifact_shape_None_subgraph_15', '/root/.cache/vllm/torch_compile_cache/a1bba04217/rank_2_0/backbone/artifact_shape_None_subgraph_15')
DEBUG 11-24 17:22:59 [v1/engine/utils.py:773] Waiting for 1 local, 0 remote core engine proc(s) to start.
(EngineCore_DP0 pid=2158) (Worker_TP3 pid=2170) DEBUG 11-24 17:23:02 [compilation/backends.py:200] Store the 17-th graph for dynamic shape from inductor_standalone via handle ('artifact_shape_None_subgraph_17', '/root/.cache/vllm/torch_compile_cache/a1bba04217/rank_3_0/backbone/artifact_shape_None_subgraph_17')
(EngineCore_DP0 pid=2158) (Worker_TP1 pid=2166) DEBUG 11-24 17:23:02 [compilation/backends.py:200] Store the 17-th graph for dynamic shape from inductor_standalone via handle ('artifact_shape_None_subgraph_17', '/root/.cache/vllm/torch_compile_cache/a1bba04217/rank_1_0/backbone/artifact_shape_None_subgraph_17')
(EngineCore_DP0 pid=2158) (Worker_TP0 pid=2164) DEBUG 11-24 17:23:05 [compilation/backends.py:200] Store the 17-th graph for dynamic shape from inductor_standalone via handle ('artifact_shape_None_subgraph_17', '/root/.cache/vllm/torch_compile_cache/a1bba04217/rank_0_0/backbone/artifact_shape_None_subgraph_17')
DEBUG 11-24 17:23:09 [v1/engine/utils.py:773] Waiting for 1 local, 0 remote core engine proc(s) to start.
(EngineCore_DP0 pid=2158) DEBUG 11-24 17:23:14 [distributed/device_communicators/shm_broadcast.py:456] No available shared memory broadcast block found in 60 second.
DEBUG 11-24 17:23:19 [v1/engine/utils.py:773] Waiting for 1 local, 0 remote core engine proc(s) to start.
(EngineCore_DP0 pid=2158) (Worker_TP2 pid=2168) DEBUG 11-24 17:23:22 [compilation/backends.py:200] Store the 16-th graph for dynamic shape from inductor_standalone via handle ('artifact_shape_None_subgraph_16', '/root/.cache/vllm/torch_compile_cache/a1bba04217/rank_2_0/backbone/artifact_shape_None_subgraph_16')
(EngineCore_DP0 pid=2158) (Worker_TP3 pid=2170) DEBUG 11-24 17:23:24 [compilation/backends.py:200] Store the 18-th graph for dynamic shape from inductor_standalone via handle ('artifact_shape_None_subgraph_18', '/root/.cache/vllm/torch_compile_cache/a1bba04217/rank_3_0/backbone/artifact_shape_None_subgraph_18')
(EngineCore_DP0 pid=2158) (Worker_TP1 pid=2166) DEBUG 11-24 17:23:25 [compilation/backends.py:200] Store the 18-th graph for dynamic shape from inductor_standalone via handle ('artifact_shape_None_subgraph_18', '/root/.cache/vllm/torch_compile_cache/a1bba04217/rank_1_0/backbone/artifact_shape_None_subgraph_18')
(EngineCore_DP0 pid=2158) (Worker_TP0 pid=2164) DEBUG 11-24 17:23:28 [compilation/backends.py:200] Store the 18-th graph for dynamic shape from inductor_standalone via handle ('artifact_shape_None_subgraph_18', '/root/.cache/vllm/torch_compile_cache/a1bba04217/rank_0_0/backbone/artifact_shape_None_subgraph_18')
DEBUG 11-24 17:23:29 [v1/engine/utils.py:773] Waiting for 1 local, 0 remote core engine proc(s) to start.
DEBUG 11-24 17:23:39 [v1/engine/utils.py:773] Waiting for 1 local, 0 remote core engine proc(s) to start.
(EngineCore_DP0 pid=2158) (Worker_TP2 pid=2168) DEBUG 11-24 17:23:45 [compilation/backends.py:200] Store the 17-th graph for dynamic shape from inductor_standalone via handle ('artifact_shape_None_subgraph_17', '/root/.cache/vllm/torch_compile_cache/a1bba04217/rank_2_0/backbone/artifact_shape_None_subgraph_17')
(EngineCore_DP0 pid=2158) (Worker_TP3 pid=2170) DEBUG 11-24 17:23:46 [compilation/backends.py:200] Store the 19-th graph for dynamic shape from inductor_standalone via handle ('artifact_shape_None_subgraph_19', '/root/.cache/vllm/torch_compile_cache/a1bba04217/rank_3_0/backbone/artifact_shape_None_subgraph_19')
(EngineCore_DP0 pid=2158) (Worker_TP1 pid=2166) DEBUG 11-24 17:23:46 [compilation/backends.py:200] Store the 19-th graph for dynamic shape from inductor_standalone via handle ('artifact_shape_None_subgraph_19', '/root/.cache/vllm/torch_compile_cache/a1bba04217/rank_1_0/backbone/artifact_shape_None_subgraph_19')
DEBUG 11-24 17:23:49 [v1/engine/utils.py:773] Waiting for 1 local, 0 remote core engine proc(s) to start.
(EngineCore_DP0 pid=2158) (Worker_TP0 pid=2164) DEBUG 11-24 17:23:49 [compilation/backends.py:200] Store the 19-th graph for dynamic shape from inductor_standalone via handle ('artifact_shape_None_subgraph_19', '/root/.cache/vllm/torch_compile_cache/a1bba04217/rank_0_0/backbone/artifact_shape_None_subgraph_19')
DEBUG 11-24 17:23:59 [v1/engine/utils.py:773] Waiting for 1 local, 0 remote core engine proc(s) to start.
(EngineCore_DP0 pid=2158) (Worker_TP3 pid=2170) DEBUG 11-24 17:24:07 [compilation/backends.py:200] Store the 20-th graph for dynamic shape from inductor_standalone via handle ('artifact_shape_None_subgraph_20', '/root/.cache/vllm/torch_compile_cache/a1bba04217/rank_3_0/backbone/artifact_shape_None_subgraph_20')
(EngineCore_DP0 pid=2158) (Worker_TP1 pid=2166) DEBUG 11-24 17:24:08 [compilation/backends.py:200] Store the 20-th graph for dynamic shape from inductor_standalone via handle ('artifact_shape_None_subgraph_20', '/root/.cache/vllm/torch_compile_cache/a1bba04217/rank_1_0/backbone/artifact_shape_None_subgraph_20')
DEBUG 11-24 17:24:09 [v1/engine/utils.py:773] Waiting for 1 local, 0 remote core engine proc(s) to start.
(EngineCore_DP0 pid=2158) (Worker_TP2 pid=2168) DEBUG 11-24 17:24:10 [compilation/backends.py:200] Store the 18-th graph for dynamic shape from inductor_standalone via handle ('artifact_shape_None_subgraph_18', '/root/.cache/vllm/torch_compile_cache/a1bba04217/rank_2_0/backbone/artifact_shape_None_subgraph_18')
(EngineCore_DP0 pid=2158) (Worker_TP0 pid=2164) DEBUG 11-24 17:24:11 [compilation/backends.py:200] Store the 20-th graph for dynamic shape from inductor_standalone via handle ('artifact_shape_None_subgraph_20', '/root/.cache/vllm/torch_compile_cache/a1bba04217/rank_0_0/backbone/artifact_shape_None_subgraph_20')
(EngineCore_DP0 pid=2158) DEBUG 11-24 17:24:14 [distributed/device_communicators/shm_broadcast.py:456] No available shared memory broadcast block found in 60 second.
DEBUG 11-24 17:24:19 [v1/engine/utils.py:773] Waiting for 1 local, 0 remote core engine proc(s) to start.
(EngineCore_DP0 pid=2158) (Worker_TP3 pid=2170) DEBUG 11-24 17:24:28 [compilation/backends.py:200] Store the 21-th graph for dynamic shape from inductor_standalone via handle ('artifact_shape_None_subgraph_21', '/root/.cache/vllm/torch_compile_cache/a1bba04217/rank_3_0/backbone/artifact_shape_None_subgraph_21')
DEBUG 11-24 17:24:29 [v1/engine/utils.py:773] Waiting for 1 local, 0 remote core engine proc(s) to start.
(EngineCore_DP0 pid=2158) (Worker_TP1 pid=2166) DEBUG 11-24 17:24:30 [compilation/backends.py:200] Store the 21-th graph for dynamic shape from inductor_standalone via handle ('artifact_shape_None_subgraph_21', '/root/.cache/vllm/torch_compile_cache/a1bba04217/rank_1_0/backbone/artifact_shape_None_subgraph_21')
(EngineCore_DP0 pid=2158) (Worker_TP0 pid=2164) DEBUG 11-24 17:24:32 [compilation/backends.py:200] Store the 21-th graph for dynamic shape from inductor_standalone via handle ('artifact_shape_None_subgraph_21', '/root/.cache/vllm/torch_compile_cache/a1bba04217/rank_0_0/backbone/artifact_shape_None_subgraph_21')
(EngineCore_DP0 pid=2158) (Worker_TP2 pid=2168) DEBUG 11-24 17:24:33 [compilation/backends.py:200] Store the 19-th graph for dynamic shape from inductor_standalone via handle ('artifact_shape_None_subgraph_19', '/root/.cache/vllm/torch_compile_cache/a1bba04217/rank_2_0/backbone/artifact_shape_None_subgraph_19')
DEBUG 11-24 17:24:39 [v1/engine/utils.py:773] Waiting for 1 local, 0 remote core engine proc(s) to start.
DEBUG 11-24 17:24:49 [v1/engine/utils.py:773] Waiting for 1 local, 0 remote core engine proc(s) to start.
(EngineCore_DP0 pid=2158) (Worker_TP3 pid=2170) DEBUG 11-24 17:24:50 [compilation/backends.py:200] Store the 22-th graph for dynamic shape from inductor_standalone via handle ('artifact_shape_None_subgraph_22', '/root/.cache/vllm/torch_compile_cache/a1bba04217/rank_3_0/backbone/artifact_shape_None_subgraph_22')
(EngineCore_DP0 pid=2158) (Worker_TP1 pid=2166) DEBUG 11-24 17:24:52 [compilation/backends.py:200] Store the 22-th graph for dynamic shape from inductor_standalone via handle ('artifact_shape_None_subgraph_22', '/root/.cache/vllm/torch_compile_cache/a1bba04217/rank_1_0/backbone/artifact_shape_None_subgraph_22')
(EngineCore_DP0 pid=2158) (Worker_TP0 pid=2164) DEBUG 11-24 17:24:54 [compilation/backends.py:200] Store the 22-th graph for dynamic shape from inductor_standalone via handle ('artifact_shape_None_subgraph_22', '/root/.cache/vllm/torch_compile_cache/a1bba04217/rank_0_0/backbone/artifact_shape_None_subgraph_22')
(EngineCore_DP0 pid=2158) (Worker_TP2 pid=2168) DEBUG 11-24 17:24:56 [compilation/backends.py:200] Store the 20-th graph for dynamic shape from inductor_standalone via handle ('artifact_shape_None_subgraph_20', '/root/.cache/vllm/torch_compile_cache/a1bba04217/rank_2_0/backbone/artifact_shape_None_subgraph_20')
DEBUG 11-24 17:24:59 [v1/engine/utils.py:773] Waiting for 1 local, 0 remote core engine proc(s) to start.
DEBUG 11-24 17:25:09 [v1/engine/utils.py:773] Waiting for 1 local, 0 remote core engine proc(s) to start.
(EngineCore_DP0 pid=2158) (Worker_TP3 pid=2170) DEBUG 11-24 17:25:12 [compilation/backends.py:200] Store the 23-th graph for dynamic shape from inductor_standalone via handle ('artifact_shape_None_subgraph_23', '/root/.cache/vllm/torch_compile_cache/a1bba04217/rank_3_0/backbone/artifact_shape_None_subgraph_23')
(EngineCore_DP0 pid=2158) (Worker_TP1 pid=2166) DEBUG 11-24 17:25:13 [compilation/backends.py:200] Store the 23-th graph for dynamic shape from inductor_standalone via handle ('artifact_shape_None_subgraph_23', '/root/.cache/vllm/torch_compile_cache/a1bba04217/rank_1_0/backbone/artifact_shape_None_subgraph_23')
(EngineCore_DP0 pid=2158) DEBUG 11-24 17:25:14 [distributed/device_communicators/shm_broadcast.py:456] No available shared memory broadcast block found in 60 second.
(EngineCore_DP0 pid=2158) (Worker_TP0 pid=2164) DEBUG 11-24 17:25:16 [compilation/backends.py:200] Store the 23-th graph for dynamic shape from inductor_standalone via handle ('artifact_shape_None_subgraph_23', '/root/.cache/vllm/torch_compile_cache/a1bba04217/rank_0_0/backbone/artifact_shape_None_subgraph_23')
DEBUG 11-24 17:25:19 [v1/engine/utils.py:773] Waiting for 1 local, 0 remote core engine proc(s) to start.
(EngineCore_DP0 pid=2158) (Worker_TP2 pid=2168) DEBUG 11-24 17:25:20 [compilation/backends.py:200] Store the 21-th graph for dynamic shape from inductor_standalone via handle ('artifact_shape_None_subgraph_21', '/root/.cache/vllm/torch_compile_cache/a1bba04217/rank_2_0/backbone/artifact_shape_None_subgraph_21')
DEBUG 11-24 17:25:29 [v1/engine/utils.py:773] Waiting for 1 local, 0 remote core engine proc(s) to start.
(EngineCore_DP0 pid=2158) (Worker_TP3 pid=2170) DEBUG 11-24 17:25:34 [compilation/backends.py:200] Store the 24-th graph for dynamic shape from inductor_standalone via handle ('artifact_shape_None_subgraph_24', '/root/.cache/vllm/torch_compile_cache/a1bba04217/rank_3_0/backbone/artifact_shape_None_subgraph_24')
(EngineCore_DP0 pid=2158) (Worker_TP1 pid=2166) DEBUG 11-24 17:25:35 [compilation/backends.py:200] Store the 24-th graph for dynamic shape from inductor_standalone via handle ('artifact_shape_None_subgraph_24', '/root/.cache/vllm/torch_compile_cache/a1bba04217/rank_1_0/backbone/artifact_shape_None_subgraph_24')
(EngineCore_DP0 pid=2158) (Worker_TP0 pid=2164) DEBUG 11-24 17:25:38 [compilation/backends.py:200] Store the 24-th graph for dynamic shape from inductor_standalone via handle ('artifact_shape_None_subgraph_24', '/root/.cache/vllm/torch_compile_cache/a1bba04217/rank_0_0/backbone/artifact_shape_None_subgraph_24')
DEBUG 11-24 17:25:39 [v1/engine/utils.py:773] Waiting for 1 local, 0 remote core engine proc(s) to start.
(EngineCore_DP0 pid=2158) (Worker_TP2 pid=2168) DEBUG 11-24 17:25:44 [compilation/backends.py:200] Store the 22-th graph for dynamic shape from inductor_standalone via handle ('artifact_shape_None_subgraph_22', '/root/.cache/vllm/torch_compile_cache/a1bba04217/rank_2_0/backbone/artifact_shape_None_subgraph_22')
DEBUG 11-24 17:25:49 [v1/engine/utils.py:773] Waiting for 1 local, 0 remote core engine proc(s) to start.
(EngineCore_DP0 pid=2158) (Worker_TP3 pid=2170) DEBUG 11-24 17:25:55 [compilation/backends.py:200] Store the 25-th graph for dynamic shape from inductor_standalone via handle ('artifact_shape_None_subgraph_25', '/root/.cache/vllm/torch_compile_cache/a1bba04217/rank_3_0/backbone/artifact_shape_None_subgraph_25')
(EngineCore_DP0 pid=2158) (Worker_TP1 pid=2166) DEBUG 11-24 17:25:56 [compilation/backends.py:200] Store the 25-th graph for dynamic shape from inductor_standalone via handle ('artifact_shape_None_subgraph_25', '/root/.cache/vllm/torch_compile_cache/a1bba04217/rank_1_0/backbone/artifact_shape_None_subgraph_25')
DEBUG 11-24 17:25:59 [v1/engine/utils.py:773] Waiting for 1 local, 0 remote core engine proc(s) to start.
(EngineCore_DP0 pid=2158) (Worker_TP0 pid=2164) DEBUG 11-24 17:25:59 [compilation/backends.py:200] Store the 25-th graph for dynamic shape from inductor_standalone via handle ('artifact_shape_None_subgraph_25', '/root/.cache/vllm/torch_compile_cache/a1bba04217/rank_0_0/backbone/artifact_shape_None_subgraph_25')
(EngineCore_DP0 pid=2158) (Worker_TP2 pid=2168) DEBUG 11-24 17:26:07 [compilation/backends.py:200] Store the 23-th graph for dynamic shape from inductor_standalone via handle ('artifact_shape_None_subgraph_23', '/root/.cache/vllm/torch_compile_cache/a1bba04217/rank_2_0/backbone/artifact_shape_None_subgraph_23')
DEBUG 11-24 17:26:09 [v1/engine/utils.py:773] Waiting for 1 local, 0 remote core engine proc(s) to start.
(EngineCore_DP0 pid=2158) DEBUG 11-24 17:26:14 [distributed/device_communicators/shm_broadcast.py:456] No available shared memory broadcast block found in 60 second.
(EngineCore_DP0 pid=2158) (Worker_TP3 pid=2170) DEBUG 11-24 17:26:17 [compilation/backends.py:200] Store the 26-th graph for dynamic shape from inductor_standalone via handle ('artifact_shape_None_subgraph_26', '/root/.cache/vllm/torch_compile_cache/a1bba04217/rank_3_0/backbone/artifact_shape_None_subgraph_26')
(EngineCore_DP0 pid=2158) (Worker_TP1 pid=2166) DEBUG 11-24 17:26:18 [compilation/backends.py:200] Store the 26-th graph for dynamic shape from inductor_standalone via handle ('artifact_shape_None_subgraph_26', '/root/.cache/vllm/torch_compile_cache/a1bba04217/rank_1_0/backbone/artifact_shape_None_subgraph_26')
DEBUG 11-24 17:26:19 [v1/engine/utils.py:773] Waiting for 1 local, 0 remote core engine proc(s) to start.
(EngineCore_DP0 pid=2158) (Worker_TP0 pid=2164) DEBUG 11-24 17:26:21 [compilation/backends.py:200] Store the 26-th graph for dynamic shape from inductor_standalone via handle ('artifact_shape_None_subgraph_26', '/root/.cache/vllm/torch_compile_cache/a1bba04217/rank_0_0/backbone/artifact_shape_None_subgraph_26')
DEBUG 11-24 17:26:29 [v1/engine/utils.py:773] Waiting for 1 local, 0 remote core engine proc(s) to start.
(EngineCore_DP0 pid=2158) (Worker_TP2 pid=2168) DEBUG 11-24 17:26:30 [compilation/backends.py:200] Store the 24-th graph for dynamic shape from inductor_standalone via handle ('artifact_shape_None_subgraph_24', '/root/.cache/vllm/torch_compile_cache/a1bba04217/rank_2_0/backbone/artifact_shape_None_subgraph_24')
(EngineCore_DP0 pid=2158) (Worker_TP3 pid=2170) DEBUG 11-24 17:26:39 [compilation/backends.py:200] Store the 27-th graph for dynamic shape from inductor_standalone via handle ('artifact_shape_None_subgraph_27', '/root/.cache/vllm/torch_compile_cache/a1bba04217/rank_3_0/backbone/artifact_shape_None_subgraph_27')
DEBUG 11-24 17:26:39 [v1/engine/utils.py:773] Waiting for 1 local, 0 remote core engine proc(s) to start.
(EngineCore_DP0 pid=2158) (Worker_TP1 pid=2166) DEBUG 11-24 17:26:41 [compilation/backends.py:200] Store the 27-th graph for dynamic shape from inductor_standalone via handle ('artifact_shape_None_subgraph_27', '/root/.cache/vllm/torch_compile_cache/a1bba04217/rank_1_0/backbone/artifact_shape_None_subgraph_27')
(EngineCore_DP0 pid=2158) (Worker_TP0 pid=2164) DEBUG 11-24 17:26:44 [compilation/backends.py:200] Store the 27-th graph for dynamic shape from inductor_standalone via handle ('artifact_shape_None_subgraph_27', '/root/.cache/vllm/torch_compile_cache/a1bba04217/rank_0_0/backbone/artifact_shape_None_subgraph_27')
DEBUG 11-24 17:26:49 [v1/engine/utils.py:773] Waiting for 1 local, 0 remote core engine proc(s) to start.
(EngineCore_DP0 pid=2158) (Worker_TP2 pid=2168) DEBUG 11-24 17:26:53 [compilation/backends.py:200] Store the 25-th graph for dynamic shape from inductor_standalone via handle ('artifact_shape_None_subgraph_25', '/root/.cache/vllm/torch_compile_cache/a1bba04217/rank_2_0/backbone/artifact_shape_None_subgraph_25')
DEBUG 11-24 17:26:59 [v1/engine/utils.py:773] Waiting for 1 local, 0 remote core engine proc(s) to start.
(EngineCore_DP0 pid=2158) (Worker_TP3 pid=2170) DEBUG 11-24 17:27:01 [compilation/backends.py:200] Store the 28-th graph for dynamic shape from inductor_standalone via handle ('artifact_shape_None_subgraph_28', '/root/.cache/vllm/torch_compile_cache/a1bba04217/rank_3_0/backbone/artifact_shape_None_subgraph_28')
(EngineCore_DP0 pid=2158) (Worker_TP1 pid=2166) DEBUG 11-24 17:27:04 [compilation/backends.py:200] Store the 28-th graph for dynamic shape from inductor_standalone via handle ('artifact_shape_None_subgraph_28', '/root/.cache/vllm/torch_compile_cache/a1bba04217/rank_1_0/backbone/artifact_shape_None_subgraph_28')
(EngineCore_DP0 pid=2158) (Worker_TP0 pid=2164) DEBUG 11-24 17:27:08 [compilation/backends.py:200] Store the 28-th graph for dynamic shape from inductor_standalone via handle ('artifact_shape_None_subgraph_28', '/root/.cache/vllm/torch_compile_cache/a1bba04217/rank_0_0/backbone/artifact_shape_None_subgraph_28')
DEBUG 11-24 17:27:09 [v1/engine/utils.py:773] Waiting for 1 local, 0 remote core engine proc(s) to start.
(EngineCore_DP0 pid=2158) DEBUG 11-24 17:27:14 [distributed/device_communicators/shm_broadcast.py:456] No available shared memory broadcast block found in 60 second.
(EngineCore_DP0 pid=2158) (Worker_TP2 pid=2168) DEBUG 11-24 17:27:15 [compilation/backends.py:200] Store the 26-th graph for dynamic shape from inductor_standalone via handle ('artifact_shape_None_subgraph_26', '/root/.cache/vllm/torch_compile_cache/a1bba04217/rank_2_0/backbone/artifact_shape_None_subgraph_26')
DEBUG 11-24 17:27:19 [v1/engine/utils.py:773] Waiting for 1 local, 0 remote core engine proc(s) to start.
(EngineCore_DP0 pid=2158) (Worker_TP3 pid=2170) DEBUG 11-24 17:27:23 [compilation/backends.py:200] Store the 29-th graph for dynamic shape from inductor_standalone via handle ('artifact_shape_None_subgraph_29', '/root/.cache/vllm/torch_compile_cache/a1bba04217/rank_3_0/backbone/artifact_shape_None_subgraph_29')
(EngineCore_DP0 pid=2158) (Worker_TP1 pid=2166) DEBUG 11-24 17:27:28 [compilation/backends.py:200] Store the 29-th graph for dynamic shape from inductor_standalone via handle ('artifact_shape_None_subgraph_29', '/root/.cache/vllm/torch_compile_cache/a1bba04217/rank_1_0/backbone/artifact_shape_None_subgraph_29')
DEBUG 11-24 17:27:29 [v1/engine/utils.py:773] Waiting for 1 local, 0 remote core engine proc(s) to start.
(EngineCore_DP0 pid=2158) (Worker_TP0 pid=2164) DEBUG 11-24 17:27:31 [compilation/backends.py:200] Store the 29-th graph for dynamic shape from inductor_standalone via handle ('artifact_shape_None_subgraph_29', '/root/.cache/vllm/torch_compile_cache/a1bba04217/rank_0_0/backbone/artifact_shape_None_subgraph_29')
(EngineCore_DP0 pid=2158) (Worker_TP2 pid=2168) DEBUG 11-24 17:27:38 [compilation/backends.py:200] Store the 27-th graph for dynamic shape from inductor_standalone via handle ('artifact_shape_None_subgraph_27', '/root/.cache/vllm/torch_compile_cache/a1bba04217/rank_2_0/backbone/artifact_shape_None_subgraph_27')
DEBUG 11-24 17:27:39 [v1/engine/utils.py:773] Waiting for 1 local, 0 remote core engine proc(s) to start.
(EngineCore_DP0 pid=2158) (Worker_TP3 pid=2170) DEBUG 11-24 17:27:45 [compilation/backends.py:200] Store the 30-th graph for dynamic shape from inductor_standalone via handle ('artifact_shape_None_subgraph_30', '/root/.cache/vllm/torch_compile_cache/a1bba04217/rank_3_0/backbone/artifact_shape_None_subgraph_30')
DEBUG 11-24 17:27:49 [v1/engine/utils.py:773] Waiting for 1 local, 0 remote core engine proc(s) to start.
(EngineCore_DP0 pid=2158) (Worker_TP1 pid=2166) DEBUG 11-24 17:27:50 [compilation/backends.py:200] Store the 30-th graph for dynamic shape from inductor_standalone via handle ('artifact_shape_None_subgraph_30', '/root/.cache/vllm/torch_compile_cache/a1bba04217/rank_1_0/backbone/artifact_shape_None_subgraph_30')
(EngineCore_DP0 pid=2158) (Worker_TP0 pid=2164) DEBUG 11-24 17:27:55 [compilation/backends.py:200] Store the 30-th graph for dynamic shape from inductor_standalone via handle ('artifact_shape_None_subgraph_30', '/root/.cache/vllm/torch_compile_cache/a1bba04217/rank_0_0/backbone/artifact_shape_None_subgraph_30')
DEBUG 11-24 17:27:59 [v1/engine/utils.py:773] Waiting for 1 local, 0 remote core engine proc(s) to start.
(EngineCore_DP0 pid=2158) (Worker_TP2 pid=2168) DEBUG 11-24 17:28:01 [compilation/backends.py:200] Store the 28-th graph for dynamic shape from inductor_standalone via handle ('artifact_shape_None_subgraph_28', '/root/.cache/vllm/torch_compile_cache/a1bba04217/rank_2_0/backbone/artifact_shape_None_subgraph_28')
(EngineCore_DP0 pid=2158) (Worker_TP3 pid=2170) DEBUG 11-24 17:28:08 [compilation/backends.py:200] Store the 31-th graph for dynamic shape from inductor_standalone via handle ('artifact_shape_None_subgraph_31', '/root/.cache/vllm/torch_compile_cache/a1bba04217/rank_3_0/backbone/artifact_shape_None_subgraph_31')
DEBUG 11-24 17:28:09 [v1/engine/utils.py:773] Waiting for 1 local, 0 remote core engine proc(s) to start.
(EngineCore_DP0 pid=2158) (Worker_TP1 pid=2166) DEBUG 11-24 17:28:13 [compilation/backends.py:200] Store the 31-th graph for dynamic shape from inductor_standalone via handle ('artifact_shape_None_subgraph_31', '/root/.cache/vllm/torch_compile_cache/a1bba04217/rank_1_0/backbone/artifact_shape_None_subgraph_31')
(EngineCore_DP0 pid=2158) DEBUG 11-24 17:28:14 [distributed/device_communicators/shm_broadcast.py:456] No available shared memory broadcast block found in 60 second.
(EngineCore_DP0 pid=2158) (Worker_TP0 pid=2164) DEBUG 11-24 17:28:18 [compilation/backends.py:200] Store the 31-th graph for dynamic shape from inductor_standalone via handle ('artifact_shape_None_subgraph_31', '/root/.cache/vllm/torch_compile_cache/a1bba04217/rank_0_0/backbone/artifact_shape_None_subgraph_31')
(EngineCore_DP0 pid=2158) (Worker_TP3 pid=2170) DEBUG 11-24 17:28:19 [compilation/fix_functionalization.py:121] De-functionalized 0 nodes, removed 0 nodes
(EngineCore_DP0 pid=2158) (Worker_TP3 pid=2170) DEBUG 11-24 17:28:19 [compilation/vllm_inductor_pass.py:40] FixFunctionalizationPass completed in 3.0 ms
DEBUG 11-24 17:28:19 [v1/engine/utils.py:773] Waiting for 1 local, 0 remote core engine proc(s) to start.
(EngineCore_DP0 pid=2158) (Worker_TP2 pid=2168) DEBUG 11-24 17:28:24 [compilation/backends.py:200] Store the 29-th graph for dynamic shape from inductor_standalone via handle ('artifact_shape_None_subgraph_29', '/root/.cache/vllm/torch_compile_cache/a1bba04217/rank_2_0/backbone/artifact_shape_None_subgraph_29')
(EngineCore_DP0 pid=2158) (Worker_TP1 pid=2166) DEBUG 11-24 17:28:24 [compilation/fix_functionalization.py:121] De-functionalized 0 nodes, removed 0 nodes
(EngineCore_DP0 pid=2158) (Worker_TP1 pid=2166) DEBUG 11-24 17:28:24 [compilation/vllm_inductor_pass.py:40] FixFunctionalizationPass completed in 3.0 ms
(EngineCore_DP0 pid=2158) (Worker_TP3 pid=2170) DEBUG 11-24 17:28:28 [compilation/backends.py:200] Store the 32-th graph for dynamic shape from inductor_standalone via handle ('artifact_shape_None_subgraph_32', '/root/.cache/vllm/torch_compile_cache/a1bba04217/rank_3_0/backbone/artifact_shape_None_subgraph_32')
(EngineCore_DP0 pid=2158) (Worker_TP3 pid=2170) INFO 11-24 17:28:28 [compilation/backends.py:215] Compiling a graph for dynamic shape takes 792.05 s
DEBUG 11-24 17:28:29 [v1/engine/utils.py:773] Waiting for 1 local, 0 remote core engine proc(s) to start.
(EngineCore_DP0 pid=2158) (Worker_TP0 pid=2164) DEBUG 11-24 17:28:30 [compilation/fix_functionalization.py:121] De-functionalized 0 nodes, removed 0 nodes
(EngineCore_DP0 pid=2158) (Worker_TP0 pid=2164) DEBUG 11-24 17:28:30 [compilation/vllm_inductor_pass.py:40] FixFunctionalizationPass completed in 2.9 ms
(EngineCore_DP0 pid=2158) (Worker_TP1 pid=2166) DEBUG 11-24 17:28:33 [compilation/backends.py:200] Store the 32-th graph for dynamic shape from inductor_standalone via handle ('artifact_shape_None_subgraph_32', '/root/.cache/vllm/torch_compile_cache/a1bba04217/rank_1_0/backbone/artifact_shape_None_subgraph_32')
(EngineCore_DP0 pid=2158) (Worker_TP1 pid=2166) INFO 11-24 17:28:33 [compilation/backends.py:215] Compiling a graph for dynamic shape takes 795.84 s
(EngineCore_DP0 pid=2158) (Worker_TP3 pid=2170) DEBUG 11-24 17:28:38 [compilation/backends.py:593] Computation graph saved to /root/.cache/vllm/torch_compile_cache/a1bba04217/rank_3_0/backbone/computation_graph.py
(EngineCore_DP0 pid=2158) (Worker_TP0 pid=2164) DEBUG 11-24 17:28:39 [compilation/backends.py:200] Store the 32-th graph for dynamic shape from inductor_standalone via handle ('artifact_shape_None_subgraph_32', '/root/.cache/vllm/torch_compile_cache/a1bba04217/rank_0_0/backbone/artifact_shape_None_subgraph_32')
(EngineCore_DP0 pid=2158) (Worker_TP0 pid=2164) INFO 11-24 17:28:39 [compilation/backends.py:215] Compiling a graph for dynamic shape takes 803.15 s
DEBUG 11-24 17:28:39 [v1/engine/utils.py:773] Waiting for 1 local, 0 remote core engine proc(s) to start.
(EngineCore_DP0 pid=2158) (Worker_TP1 pid=2166) DEBUG 11-24 17:28:43 [compilation/backends.py:593] Computation graph saved to /root/.cache/vllm/torch_compile_cache/a1bba04217/rank_1_0/backbone/computation_graph.py
(EngineCore_DP0 pid=2158) (Worker_TP2 pid=2168) DEBUG 11-24 17:28:47 [compilation/backends.py:200] Store the 30-th graph for dynamic shape from inductor_standalone via handle ('artifact_shape_None_subgraph_30', '/root/.cache/vllm/torch_compile_cache/a1bba04217/rank_2_0/backbone/artifact_shape_None_subgraph_30')
DEBUG 11-24 17:28:49 [v1/engine/utils.py:773] Waiting for 1 local, 0 remote core engine proc(s) to start.
(EngineCore_DP0 pid=2158) (Worker_TP0 pid=2164) DEBUG 11-24 17:28:49 [compilation/backends.py:593] Computation graph saved to /root/.cache/vllm/torch_compile_cache/a1bba04217/rank_0_0/backbone/computation_graph.py
DEBUG 11-24 17:28:59 [v1/engine/utils.py:773] Waiting for 1 local, 0 remote core engine proc(s) to start.
DEBUG 11-24 17:29:09 [v1/engine/utils.py:773] Waiting for 1 local, 0 remote core engine proc(s) to start.
(EngineCore_DP0 pid=2158) (Worker_TP2 pid=2168) DEBUG 11-24 17:29:10 [compilation/backends.py:200] Store the 31-th graph for dynamic shape from inductor_standalone via handle ('artifact_shape_None_subgraph_31', '/root/.cache/vllm/torch_compile_cache/a1bba04217/rank_2_0/backbone/artifact_shape_None_subgraph_31')
(EngineCore_DP0 pid=2158) DEBUG 11-24 17:29:14 [distributed/device_communicators/shm_broadcast.py:456] No available shared memory broadcast block found in 60 second.
DEBUG 11-24 17:29:19 [v1/engine/utils.py:773] Waiting for 1 local, 0 remote core engine proc(s) to start.
(EngineCore_DP0 pid=2158) (Worker_TP2 pid=2168) DEBUG 11-24 17:29:21 [compilation/fix_functionalization.py:121] De-functionalized 0 nodes, removed 0 nodes
(EngineCore_DP0 pid=2158) (Worker_TP2 pid=2168) DEBUG 11-24 17:29:21 [compilation/vllm_inductor_pass.py:40] FixFunctionalizationPass completed in 2.6 ms
(EngineCore_DP0 pid=2158) (Worker_TP2 pid=2168) DEBUG 11-24 17:29:28 [compilation/backends.py:200] Store the 32-th graph for dynamic shape from inductor_standalone via handle ('artifact_shape_None_subgraph_32', '/root/.cache/vllm/torch_compile_cache/a1bba04217/rank_2_0/backbone/artifact_shape_None_subgraph_32')
(EngineCore_DP0 pid=2158) (Worker_TP2 pid=2168) INFO 11-24 17:29:28 [compilation/backends.py:215] Compiling a graph for dynamic shape takes 844.90 s
DEBUG 11-24 17:29:29 [v1/engine/utils.py:773] Waiting for 1 local, 0 remote core engine proc(s) to start.
(EngineCore_DP0 pid=2158) (Worker_TP2 pid=2168) DEBUG 11-24 17:29:37 [compilation/backends.py:593] Computation graph saved to /root/.cache/vllm/torch_compile_cache/a1bba04217/rank_2_0/backbone/computation_graph.py
DEBUG 11-24 17:29:39 [v1/engine/utils.py:773] Waiting for 1 local, 0 remote core engine proc(s) to start.
DEBUG 11-24 17:29:49 [v1/engine/utils.py:773] Waiting for 1 local, 0 remote core engine proc(s) to start.
DEBUG 11-24 17:29:59 [v1/engine/utils.py:773] Waiting for 1 local, 0 remote core engine proc(s) to start.
(EngineCore_DP0 pid=2158) (Worker_TP0 pid=2164) INFO 11-24 17:30:06 [compilation/monitor.py:34] torch.compile takes 1023.92 s in total
(EngineCore_DP0 pid=2158) (Worker_TP3 pid=2170) INFO 11-24 17:30:06 [compilation/monitor.py:34] torch.compile takes 1013.48 s in total
(EngineCore_DP0 pid=2158) (Worker_TP1 pid=2166) INFO 11-24 17:30:06 [compilation/monitor.py:34] torch.compile takes 1018.24 s in total
(EngineCore_DP0 pid=2158) (Worker_TP2 pid=2168) INFO 11-24 17:30:06 [compilation/monitor.py:34] torch.compile takes 1073.90 s in total
jax-vllm-rollout:2164:2164 [0] NCCL INFO Comm config Blocking set to 1
jax-vllm-rollout:2166:2166 [1] NCCL INFO Comm config Blocking set to 1
jax-vllm-rollout:2164:3445 [0] NCCL INFO Assigned NET plugin Socket to comm
jax-vllm-rollout:2164:3445 [0] NCCL INFO Using network Socket
jax-vllm-rollout:2170:2170 [3] NCCL INFO Comm config Blocking set to 1
jax-vllm-rollout:2164:3445 [0] NCCL INFO ncclCommInitRankConfig comm 0x7566adc0 rank 0 nranks 4 cudaDev 0 nvmlDev 0 busId 4000 commId 0x816e4ba066b64dbe - Init START
jax-vllm-rollout:2168:2168 [2] NCCL INFO Comm config Blocking set to 1
jax-vllm-rollout:2166:3446 [1] NCCL INFO Assigned NET plugin Socket to comm
jax-vllm-rollout:2166:3446 [1] NCCL INFO Using network Socket
jax-vllm-rollout:2166:3446 [1] NCCL INFO ncclCommInitRankConfig comm 0x756830b0 rank 1 nranks 4 cudaDev 1 nvmlDev 1 busId 5000 commId 0x816e4ba066b64dbe - Init START
jax-vllm-rollout:2170:3447 [3] NCCL INFO Assigned NET plugin Socket to comm
jax-vllm-rollout:2170:3447 [3] NCCL INFO Using network Socket
jax-vllm-rollout:2170:3447 [3] NCCL INFO ncclCommInitRankConfig comm 0x75671ab0 rank 3 nranks 4 cudaDev 3 nvmlDev 3 busId c000 commId 0x816e4ba066b64dbe - Init START
jax-vllm-rollout:2168:3448 [2] NCCL INFO Assigned NET plugin Socket to comm
jax-vllm-rollout:2168:3448 [2] NCCL INFO Using network Socket
jax-vllm-rollout:2168:3448 [2] NCCL INFO ncclCommInitRankConfig comm 0x756579d0 rank 2 nranks 4 cudaDev 2 nvmlDev 2 busId b000 commId 0x816e4ba066b64dbe - Init START
jax-vllm-rollout:2164:3445 [0] NCCL INFO Bootstrap timings total 0.001001 (create 0.000031, send 0.000068, recv 0.000407, ring 0.000338, delay 0.000000)
jax-vllm-rollout:2170:3447 [3] NCCL INFO Bootstrap timings total 0.000589 (create 0.000032, send 0.000079, recv 0.000049, ring 0.000057, delay 0.000000)
jax-vllm-rollout:2166:3446 [1] NCCL INFO Bootstrap timings total 0.000768 (create 0.000031, send 0.000106, recv 0.000437, ring 0.000087, delay 0.000000)
jax-vllm-rollout:2168:3448 [2] NCCL INFO Bootstrap timings total 0.000351 (create 0.000030, send 0.000082, recv 0.000077, ring 0.000047, delay 0.000000)
jax-vllm-rollout:2168:3448 [2] NCCL INFO Setting affinity for GPU 2 to 0-51,104-155
jax-vllm-rollout:2170:3447 [3] NCCL INFO Setting affinity for GPU 3 to 0-51,104-155
jax-vllm-rollout:2164:3445 [0] NCCL INFO Setting affinity for GPU 0 to 0-51,104-155
jax-vllm-rollout:2170:3447 [3] NCCL INFO NVLS multicast support is available on dev 3 (NVLS_NCHANNELS 16)
jax-vllm-rollout:2164:3445 [0] NCCL INFO NVLS multicast support is available on dev 0 (NVLS_NCHANNELS 16)
jax-vllm-rollout:2168:3448 [2] NCCL INFO NVLS multicast support is available on dev 2 (NVLS_NCHANNELS 16)
jax-vllm-rollout:2166:3446 [1] NCCL INFO Setting affinity for GPU 1 to 0-51,104-155
jax-vllm-rollout:2166:3446 [1] NCCL INFO NVLS multicast support is available on dev 1 (NVLS_NCHANNELS 16)
jax-vllm-rollout:2164:3445 [0] NCCL INFO comm 0x7566adc0 rank 0 nRanks 4 nNodes 1 localRanks 4 localRank 0 MNNVL 0
jax-vllm-rollout:2166:3446 [1] NCCL INFO comm 0x756830b0 rank 1 nRanks 4 nNodes 1 localRanks 4 localRank 1 MNNVL 0
jax-vllm-rollout:2170:3447 [3] NCCL INFO comm 0x75671ab0 rank 3 nRanks 4 nNodes 1 localRanks 4 localRank 3 MNNVL 0
jax-vllm-rollout:2168:3448 [2] NCCL INFO comm 0x756579d0 rank 2 nRanks 4 nNodes 1 localRanks 4 localRank 2 MNNVL 0
jax-vllm-rollout:2164:3445 [0] NCCL INFO Channel 00/24 : 0 1 2 3
jax-vllm-rollout:2164:3445 [0] NCCL INFO Channel 01/24 : 0 1 2 3
jax-vllm-rollout:2164:3445 [0] NCCL INFO Channel 02/24 : 0 1 2 3
jax-vllm-rollout:2164:3445 [0] NCCL INFO Channel 03/24 : 0 1 2 3
jax-vllm-rollout:2170:3447 [3] NCCL INFO Trees [0] -1/-1/-1->3->2 [1] -1/-1/-1->3->2 [2] -1/-1/-1->3->2 [3] -1/-1/-1->3->2 [4] -1/-1/-1->3->2 [5] -1/-1/-1->3->2 [6] -1/-1/-1->3->2 [7] -1/-1/-1->3->2 [8] -1/-1/-1->3->2 [9] -1/-1/-1->3->2 [10] -1/-1/-1->3->2 [11] -1/-1/-1->3->2 [12] -1/-1/-1->3->2 [13] -1/-1/-1->3->2 [14] -1/-1/-1->3->2 [15] -1/-1/-1->3->2 [16] -1/-1/-1->3->2 [17] -1/-1/-1->3->2 [18] -1/-1/-1->3->2 [19] -1/-1/-1->3->2 [20] -1/-1/-1->3->2 [21] -1/-1/-1->3->2 [22] -1/-1/-1->3->2 [23] -1/-1/-1->3->2
jax-vllm-rollout:2164:3445 [0] NCCL INFO Channel 04/24 : 0 1 2 3
jax-vllm-rollout:2168:3448 [2] NCCL INFO Trees [0] 3/-1/-1->2->1 [1] 3/-1/-1->2->1 [2] 3/-1/-1->2->1 [3] 3/-1/-1->2->1 [4] 3/-1/-1->2->1 [5] 3/-1/-1->2->1 [6] 3/-1/-1->2->1 [7] 3/-1/-1->2->1 [8] 3/-1/-1->2->1 [9] 3/-1/-1->2->1 [10] 3/-1/-1->2->1 [11] 3/-1/-1->2->1 [12] 3/-1/-1->2->1 [13] 3/-1/-1->2->1 [14] 3/-1/-1->2->1 [15] 3/-1/-1->2->1 [16] 3/-1/-1->2->1 [17] 3/-1/-1->2->1 [18] 3/-1/-1->2->1 [19] 3/-1/-1->2->1 [20] 3/-1/-1->2->1 [21] 3/-1/-1->2->1 [22] 3/-1/-1->2->1 [23] 3/-1/-1->2->1
jax-vllm-rollout:2170:3447 [3] NCCL INFO P2P Chunksize set to 524288
jax-vllm-rollout:2164:3445 [0] NCCL INFO Channel 05/24 : 0 1 2 3
jax-vllm-rollout:2166:3446 [1] NCCL INFO Trees [0] 2/-1/-1->1->0 [1] 2/-1/-1->1->0 [2] 2/-1/-1->1->0 [3] 2/-1/-1->1->0 [4] 2/-1/-1->1->0 [5] 2/-1/-1->1->0 [6] 2/-1/-1->1->0 [7] 2/-1/-1->1->0 [8] 2/-1/-1->1->0 [9] 2/-1/-1->1->0 [10] 2/-1/-1->1->0 [11] 2/-1/-1->1->0 [12] 2/-1/-1->1->0 [13] 2/-1/-1->1->0 [14] 2/-1/-1->1->0 [15] 2/-1/-1->1->0 [16] 2/-1/-1->1->0 [17] 2/-1/-1->1->0 [18] 2/-1/-1->1->0 [19] 2/-1/-1->1->0 [20] 2/-1/-1->1->0 [21] 2/-1/-1->1->0 [22] 2/-1/-1->1->0 [23] 2/-1/-1->1->0
jax-vllm-rollout:2168:3448 [2] NCCL INFO P2P Chunksize set to 524288
jax-vllm-rollout:2164:3445 [0] NCCL INFO Channel 06/24 : 0 1 2 3
jax-vllm-rollout:2166:3446 [1] NCCL INFO P2P Chunksize set to 524288
jax-vllm-rollout:2164:3445 [0] NCCL INFO Channel 07/24 : 0 1 2 3
jax-vllm-rollout:2164:3445 [0] NCCL INFO Channel 08/24 : 0 1 2 3
jax-vllm-rollout:2164:3445 [0] NCCL INFO Channel 09/24 : 0 1 2 3
jax-vllm-rollout:2164:3445 [0] NCCL INFO Channel 10/24 : 0 1 2 3
jax-vllm-rollout:2164:3445 [0] NCCL INFO Channel 11/24 : 0 1 2 3
jax-vllm-rollout:2164:3445 [0] NCCL INFO Channel 12/24 : 0 1 2 3
jax-vllm-rollout:2164:3445 [0] NCCL INFO Channel 13/24 : 0 1 2 3
jax-vllm-rollout:2164:3445 [0] NCCL INFO Channel 14/24 : 0 1 2 3
jax-vllm-rollout:2164:3445 [0] NCCL INFO Channel 15/24 : 0 1 2 3
jax-vllm-rollout:2164:3445 [0] NCCL INFO Channel 16/24 : 0 1 2 3
jax-vllm-rollout:2164:3445 [0] NCCL INFO Channel 17/24 : 0 1 2 3
jax-vllm-rollout:2164:3445 [0] NCCL INFO Channel 18/24 : 0 1 2 3
jax-vllm-rollout:2164:3445 [0] NCCL INFO Channel 19/24 : 0 1 2 3
jax-vllm-rollout:2164:3445 [0] NCCL INFO Channel 20/24 : 0 1 2 3
jax-vllm-rollout:2164:3445 [0] NCCL INFO Channel 21/24 : 0 1 2 3
jax-vllm-rollout:2164:3445 [0] NCCL INFO Channel 22/24 : 0 1 2 3
jax-vllm-rollout:2164:3445 [0] NCCL INFO Channel 23/24 : 0 1 2 3
jax-vllm-rollout:2164:3445 [0] NCCL INFO Trees [0] 1/-1/-1->0->-1 [1] 1/-1/-1->0->-1 [2] 1/-1/-1->0->-1 [3] 1/-1/-1->0->-1 [4] 1/-1/-1->0->-1 [5] 1/-1/-1->0->-1 [6] 1/-1/-1->0->-1 [7] 1/-1/-1->0->-1 [8] 1/-1/-1->0->-1 [9] 1/-1/-1->0->-1 [10] 1/-1/-1->0->-1 [11] 1/-1/-1->0->-1 [12] 1/-1/-1->0->-1 [13] 1/-1/-1->0->-1 [14] 1/-1/-1->0->-1 [15] 1/-1/-1->0->-1 [16] 1/-1/-1->0->-1 [17] 1/-1/-1->0->-1 [18] 1/-1/-1->0->-1 [19] 1/-1/-1->0->-1 [20] 1/-1/-1->0->-1 [21] 1/-1/-1->0->-1 [22] 1/-1/-1->0->-1 [23] 1/-1/-1->0->-1
jax-vllm-rollout:2164:3445 [0] NCCL INFO P2P Chunksize set to 524288
jax-vllm-rollout:2164:3445 [0] NCCL INFO Check P2P Type isAllDirectP2p 1 directMode 0
jax-vllm-rollout:2170:3450 [3] NCCL INFO [Proxy Service UDS] Device 3 CPU core 132
jax-vllm-rollout:2170:3449 [3] NCCL INFO [Proxy Service] Device 3 CPU core 131
jax-vllm-rollout:2164:3453 [0] NCCL INFO [Proxy Service] Device 0 CPU core 23
jax-vllm-rollout:2166:3451 [1] NCCL INFO [Proxy Service] Device 1 CPU core 3
jax-vllm-rollout:2168:3452 [2] NCCL INFO [Proxy Service] Device 2 CPU core 3
jax-vllm-rollout:2168:3454 [2] NCCL INFO [Proxy Service UDS] Device 2 CPU core 108
jax-vllm-rollout:2166:3455 [1] NCCL INFO [Proxy Service UDS] Device 1 CPU core 4
jax-vllm-rollout:2164:3456 [0] NCCL INFO [Proxy Service UDS] Device 0 CPU core 128
jax-vllm-rollout:2164:3445 [0] NCCL INFO threadThresholds 8/8/64 | 32/8/64 | 512 | 512
jax-vllm-rollout:2170:3447 [3] NCCL INFO threadThresholds 8/8/64 | 32/8/64 | 512 | 512
jax-vllm-rollout:2164:3445 [0] NCCL INFO 24 coll channels, 24 collnet channels, 16 nvls channels, 32 p2p channels, 32 p2p channels per peer
jax-vllm-rollout:2170:3447 [3] NCCL INFO 24 coll channels, 24 collnet channels, 16 nvls channels, 32 p2p channels, 32 p2p channels per peer
jax-vllm-rollout:2168:3448 [2] NCCL INFO threadThresholds 8/8/64 | 32/8/64 | 512 | 512
jax-vllm-rollout:2166:3446 [1] NCCL INFO threadThresholds 8/8/64 | 32/8/64 | 512 | 512
jax-vllm-rollout:2168:3448 [2] NCCL INFO 24 coll channels, 24 collnet channels, 16 nvls channels, 32 p2p channels, 32 p2p channels per peer
jax-vllm-rollout:2166:3446 [1] NCCL INFO 24 coll channels, 24 collnet channels, 16 nvls channels, 32 p2p channels, 32 p2p channels per peer
jax-vllm-rollout:2164:3445 [0] NCCL INFO CC Off, workFifoBytes 1048576
jax-vllm-rollout:2170:3447 [3] NCCL INFO ncclCommInitRankConfig comm 0x75671ab0 rank 3 nranks 4 cudaDev 3 nvmlDev 3 busId c000 commId 0x816e4ba066b64dbe - Init COMPLETE
jax-vllm-rollout:2164:3445 [0] NCCL INFO ncclCommInitRankConfig comm 0x7566adc0 rank 0 nranks 4 cudaDev 0 nvmlDev 0 busId 4000 commId 0x816e4ba066b64dbe - Init COMPLETE
jax-vllm-rollout:2168:3448 [2] NCCL INFO ncclCommInitRankConfig comm 0x756579d0 rank 2 nranks 4 cudaDev 2 nvmlDev 2 busId b000 commId 0x816e4ba066b64dbe - Init COMPLETE
jax-vllm-rollout:2166:3446 [1] NCCL INFO ncclCommInitRankConfig comm 0x756830b0 rank 1 nranks 4 cudaDev 1 nvmlDev 1 busId 5000 commId 0x816e4ba066b64dbe - Init COMPLETE
jax-vllm-rollout:2170:3447 [3] NCCL INFO Init timings - ncclCommInitRankConfig: rank 3 nranks 4 total 0.41 (kernels 0.00, alloc 0.00, bootstrap 0.00, allgathers 0.01, topo 0.27, graphs 0.01, connections 0.12, rest 0.01)
jax-vllm-rollout:2164:3445 [0] NCCL INFO Init timings - ncclCommInitRankConfig: rank 0 nranks 4 total 0.41 (kernels 0.00, alloc 0.00, bootstrap 0.00, allgathers 0.01, topo 0.27, graphs 0.01, connections 0.12, rest 0.01)
jax-vllm-rollout:2166:3446 [1] NCCL INFO Init timings - ncclCommInitRankConfig: rank 1 nranks 4 total 0.41 (kernels 0.00, alloc 0.00, bootstrap 0.00, allgathers 0.00, topo 0.27, graphs 0.01, connections 0.12, rest 0.01)
jax-vllm-rollout:2168:3448 [2] NCCL INFO Init timings - ncclCommInitRankConfig: rank 2 nranks 4 total 0.41 (kernels 0.00, alloc 0.00, bootstrap 0.00, allgathers 0.00, topo 0.27, graphs 0.01, connections 0.12, rest 0.01)
jax-vllm-rollout:2170:3457 [3] NCCL INFO Channel 00/0 : 3[3] -> 0[0] via P2P/CUMEM
jax-vllm-rollout:2170:3457 [3] NCCL INFO Channel 01/0 : 3[3] -> 0[0] via P2P/CUMEM
jax-vllm-rollout:2164:3458 [0] NCCL INFO Channel 00/0 : 0[0] -> 1[1] via P2P/CUMEM
jax-vllm-rollout:2170:3457 [3] NCCL INFO Channel 02/0 : 3[3] -> 0[0] via P2P/CUMEM
jax-vllm-rollout:2166:3460 [1] NCCL INFO Channel 00/0 : 1[1] -> 2[2] via P2P/CUMEM
jax-vllm-rollout:2164:3458 [0] NCCL INFO Channel 01/0 : 0[0] -> 1[1] via P2P/CUMEM
jax-vllm-rollout:2168:3459 [2] NCCL INFO Channel 00/0 : 2[2] -> 3[3] via P2P/CUMEM
jax-vllm-rollout:2170:3457 [3] NCCL INFO Channel 03/0 : 3[3] -> 0[0] via P2P/CUMEM
jax-vllm-rollout:2166:3460 [1] NCCL INFO Channel 01/0 : 1[1] -> 2[2] via P2P/CUMEM
jax-vllm-rollout:2164:3458 [0] NCCL INFO Channel 02/0 : 0[0] -> 1[1] via P2P/CUMEM
jax-vllm-rollout:2170:3457 [3] NCCL INFO Channel 04/0 : 3[3] -> 0[0] via P2P/CUMEM
jax-vllm-rollout:2168:3459 [2] NCCL INFO Channel 01/0 : 2[2] -> 3[3] via P2P/CUMEM
jax-vllm-rollout:2166:3460 [1] NCCL INFO Channel 02/0 : 1[1] -> 2[2] via P2P/CUMEM
jax-vllm-rollout:2164:3458 [0] NCCL INFO Channel 03/0 : 0[0] -> 1[1] via P2P/CUMEM
jax-vllm-rollout:2170:3457 [3] NCCL INFO Channel 05/0 : 3[3] -> 0[0] via P2P/CUMEM
jax-vllm-rollout:2168:3459 [2] NCCL INFO Channel 02/0 : 2[2] -> 3[3] via P2P/CUMEM
jax-vllm-rollout:2166:3460 [1] NCCL INFO Channel 03/0 : 1[1] -> 2[2] via P2P/CUMEM
jax-vllm-rollout:2164:3458 [0] NCCL INFO Channel 04/0 : 0[0] -> 1[1] via P2P/CUMEM
jax-vllm-rollout:2170:3457 [3] NCCL INFO Channel 06/0 : 3[3] -> 0[0] via P2P/CUMEM
jax-vllm-rollout:2168:3459 [2] NCCL INFO Channel 03/0 : 2[2] -> 3[3] via P2P/CUMEM
jax-vllm-rollout:2166:3460 [1] NCCL INFO Channel 04/0 : 1[1] -> 2[2] via P2P/CUMEM
jax-vllm-rollout:2164:3458 [0] NCCL INFO Channel 05/0 : 0[0] -> 1[1] via P2P/CUMEM
jax-vllm-rollout:2170:3457 [3] NCCL INFO Channel 07/0 : 3[3] -> 0[0] via P2P/CUMEM
jax-vllm-rollout:2168:3459 [2] NCCL INFO Channel 04/0 : 2[2] -> 3[3] via P2P/CUMEM
jax-vllm-rollout:2166:3460 [1] NCCL INFO Channel 05/0 : 1[1] -> 2[2] via P2P/CUMEM
jax-vllm-rollout:2164:3458 [0] NCCL INFO Channel 06/0 : 0[0] -> 1[1] via P2P/CUMEM
jax-vllm-rollout:2170:3457 [3] NCCL INFO Channel 08/0 : 3[3] -> 0[0] via P2P/CUMEM
jax-vllm-rollout:2168:3459 [2] NCCL INFO Channel 05/0 : 2[2] -> 3[3] via P2P/CUMEM
jax-vllm-rollout:2166:3460 [1] NCCL INFO Channel 06/0 : 1[1] -> 2[2] via P2P/CUMEM
jax-vllm-rollout:2164:3458 [0] NCCL INFO Channel 07/0 : 0[0] -> 1[1] via P2P/CUMEM
jax-vllm-rollout:2170:3457 [3] NCCL INFO Channel 09/0 : 3[3] -> 0[0] via P2P/CUMEM
jax-vllm-rollout:2168:3459 [2] NCCL INFO Channel 06/0 : 2[2] -> 3[3] via P2P/CUMEM
jax-vllm-rollout:2166:3460 [1] NCCL INFO Channel 07/0 : 1[1] -> 2[2] via P2P/CUMEM
jax-vllm-rollout:2164:3458 [0] NCCL INFO Channel 08/0 : 0[0] -> 1[1] via P2P/CUMEM
jax-vllm-rollout:2170:3457 [3] NCCL INFO Channel 10/0 : 3[3] -> 0[0] via P2P/CUMEM
jax-vllm-rollout:2168:3459 [2] NCCL INFO Channel 07/0 : 2[2] -> 3[3] via P2P/CUMEM
jax-vllm-rollout:2166:3460 [1] NCCL INFO Channel 08/0 : 1[1] -> 2[2] via P2P/CUMEM
jax-vllm-rollout:2164:3458 [0] NCCL INFO Channel 09/0 : 0[0] -> 1[1] via P2P/CUMEM
jax-vllm-rollout:2170:3457 [3] NCCL INFO Channel 11/0 : 3[3] -> 0[0] via P2P/CUMEM
jax-vllm-rollout:2168:3459 [2] NCCL INFO Channel 08/0 : 2[2] -> 3[3] via P2P/CUMEM
jax-vllm-rollout:2166:3460 [1] NCCL INFO Channel 09/0 : 1[1] -> 2[2] via P2P/CUMEM
jax-vllm-rollout:2164:3458 [0] NCCL INFO Channel 10/0 : 0[0] -> 1[1] via P2P/CUMEM
jax-vllm-rollout:2170:3457 [3] NCCL INFO Channel 12/0 : 3[3] -> 0[0] via P2P/CUMEM
jax-vllm-rollout:2168:3459 [2] NCCL INFO Channel 09/0 : 2[2] -> 3[3] via P2P/CUMEM
jax-vllm-rollout:2166:3460 [1] NCCL INFO Channel 10/0 : 1[1] -> 2[2] via P2P/CUMEM
jax-vllm-rollout:2164:3458 [0] NCCL INFO Channel 11/0 : 0[0] -> 1[1] via P2P/CUMEM
jax-vllm-rollout:2170:3457 [3] NCCL INFO Channel 13/0 : 3[3] -> 0[0] via P2P/CUMEM
jax-vllm-rollout:2168:3459 [2] NCCL INFO Channel 10/0 : 2[2] -> 3[3] via P2P/CUMEM
jax-vllm-rollout:2166:3460 [1] NCCL INFO Channel 11/0 : 1[1] -> 2[2] via P2P/CUMEM
jax-vllm-rollout:2164:3458 [0] NCCL INFO Channel 12/0 : 0[0] -> 1[1] via P2P/CUMEM
jax-vllm-rollout:2170:3457 [3] NCCL INFO Channel 14/0 : 3[3] -> 0[0] via P2P/CUMEM
jax-vllm-rollout:2168:3459 [2] NCCL INFO Channel 11/0 : 2[2] -> 3[3] via P2P/CUMEM
jax-vllm-rollout:2166:3460 [1] NCCL INFO Channel 12/0 : 1[1] -> 2[2] via P2P/CUMEM
jax-vllm-rollout:2164:3458 [0] NCCL INFO Channel 13/0 : 0[0] -> 1[1] via P2P/CUMEM
jax-vllm-rollout:2170:3457 [3] NCCL INFO Channel 15/0 : 3[3] -> 0[0] via P2P/CUMEM
jax-vllm-rollout:2168:3459 [2] NCCL INFO Channel 12/0 : 2[2] -> 3[3] via P2P/CUMEM
jax-vllm-rollout:2166:3460 [1] NCCL INFO Channel 13/0 : 1[1] -> 2[2] via P2P/CUMEM
jax-vllm-rollout:2164:3458 [0] NCCL INFO Channel 14/0 : 0[0] -> 1[1] via P2P/CUMEM
jax-vllm-rollout:2170:3457 [3] NCCL INFO Channel 16/0 : 3[3] -> 0[0] via P2P/CUMEM
jax-vllm-rollout:2168:3459 [2] NCCL INFO Channel 13/0 : 2[2] -> 3[3] via P2P/CUMEM
jax-vllm-rollout:2166:3460 [1] NCCL INFO Channel 14/0 : 1[1] -> 2[2] via P2P/CUMEM
jax-vllm-rollout:2164:3458 [0] NCCL INFO Channel 15/0 : 0[0] -> 1[1] via P2P/CUMEM
jax-vllm-rollout:2170:3457 [3] NCCL INFO Channel 17/0 : 3[3] -> 0[0] via P2P/CUMEM
jax-vllm-rollout:2168:3459 [2] NCCL INFO Channel 14/0 : 2[2] -> 3[3] via P2P/CUMEM
jax-vllm-rollout:2166:3460 [1] NCCL INFO Channel 15/0 : 1[1] -> 2[2] via P2P/CUMEM
jax-vllm-rollout:2164:3458 [0] NCCL INFO Channel 16/0 : 0[0] -> 1[1] via P2P/CUMEM
jax-vllm-rollout:2170:3457 [3] NCCL INFO Channel 18/0 : 3[3] -> 0[0] via P2P/CUMEM
jax-vllm-rollout:2168:3459 [2] NCCL INFO Channel 15/0 : 2[2] -> 3[3] via P2P/CUMEM
jax-vllm-rollout:2166:3460 [1] NCCL INFO Channel 16/0 : 1[1] -> 2[2] via P2P/CUMEM
jax-vllm-rollout:2164:3458 [0] NCCL INFO Channel 17/0 : 0[0] -> 1[1] via P2P/CUMEM
jax-vllm-rollout:2170:3457 [3] NCCL INFO Channel 19/0 : 3[3] -> 0[0] via P2P/CUMEM
jax-vllm-rollout:2168:3459 [2] NCCL INFO Channel 16/0 : 2[2] -> 3[3] via P2P/CUMEM
jax-vllm-rollout:2166:3460 [1] NCCL INFO Channel 17/0 : 1[1] -> 2[2] via P2P/CUMEM
jax-vllm-rollout:2164:3458 [0] NCCL INFO Channel 18/0 : 0[0] -> 1[1] via P2P/CUMEM
jax-vllm-rollout:2170:3457 [3] NCCL INFO Channel 20/0 : 3[3] -> 0[0] via P2P/CUMEM
jax-vllm-rollout:2168:3459 [2] NCCL INFO Channel 17/0 : 2[2] -> 3[3] via P2P/CUMEM
jax-vllm-rollout:2166:3460 [1] NCCL INFO Channel 18/0 : 1[1] -> 2[2] via P2P/CUMEM
